../Core/Src/main.c:158:6:BUZ.part.0	8	static
../Core/Src/main.c:153:6:BUZ_tone	8	static
../Core/Src/main.c:158:6:BUZ	8	static
../Core/Src/main.c:163:6:nextion_inst_set	24	static
../Core/Src/main.c:169:6:get_touch	24	static
../Core/Src/main.c:185:6:circle_draw	24	static
../Core/Src/main.c:194:9:area_check	8	static
../Core/Src/main.c:203:6:keypad_init	32	static
../Core/Src/main.c:217:6:keypad_draw	24	static
../Core/Src/main.c:226:6:button_draw	24	static
../Core/Src/main.c:233:6:basic_screen	40	static
../Core/Src/main.c:269:6:log_save	16	static
../Core/Src/main.c:281:6:log_print	48	static
../Core/Src/main.c:304:6:log_sort	24	static
../Core/Src/main.c:315:6:task_fuc	40	static
../Core/Src/main.c:482:6:HAL_SYSTICK_Callback	0	static
../Core/Src/main.c:581:6:SystemClock_Config	120	static,ignoring_inline_asm
../Core/Src/main.c:505:5:main	64	static,ignoring_inline_asm
../Core/Src/main.c:805:6:Error_Handler	0	static,ignoring_inline_asm
