Archive member included to satisfy reference by file (symbol)

c:/st/stm32cubeide_1.9.0/stm32cubeide/plugins/com.st.stm32cube.ide.mcu.externaltools.gnu-tools-for-stm32.10.3-2021.10.win32_1.0.0.202111181127/tools/bin/../lib/gcc/arm-none-eabi/10.3.1/../../../../arm-none-eabi/lib/thumb/v6-m/nofp\libc_nano.a(lib_a-errno.o)
                              ./Core/Src/syscalls.o (__errno)
c:/st/stm32cubeide_1.9.0/stm32cubeide/plugins/com.st.stm32cube.ide.mcu.externaltools.gnu-tools-for-stm32.10.3-2021.10.win32_1.0.0.202111181127/tools/bin/../lib/gcc/arm-none-eabi/10.3.1/../../../../arm-none-eabi/lib/thumb/v6-m/nofp\libc_nano.a(lib_a-exit.o)
                              c:/st/stm32cubeide_1.9.0/stm32cubeide/plugins/com.st.stm32cube.ide.mcu.externaltools.gnu-tools-for-stm32.10.3-2021.10.win32_1.0.0.202111181127/tools/bin/../lib/gcc/arm-none-eabi/10.3.1/../../../../arm-none-eabi/lib/thumb/v6-m/nofp/crt0.o (exit)
c:/st/stm32cubeide_1.9.0/stm32cubeide/plugins/com.st.stm32cube.ide.mcu.externaltools.gnu-tools-for-stm32.10.3-2021.10.win32_1.0.0.202111181127/tools/bin/../lib/gcc/arm-none-eabi/10.3.1/../../../../arm-none-eabi/lib/thumb/v6-m/nofp\libc_nano.a(lib_a-impure.o)
                              c:/st/stm32cubeide_1.9.0/stm32cubeide/plugins/com.st.stm32cube.ide.mcu.externaltools.gnu-tools-for-stm32.10.3-2021.10.win32_1.0.0.202111181127/tools/bin/../lib/gcc/arm-none-eabi/10.3.1/../../../../arm-none-eabi/lib/thumb/v6-m/nofp\libc_nano.a(lib_a-exit.o) (_global_impure_ptr)
c:/st/stm32cubeide_1.9.0/stm32cubeide/plugins/com.st.stm32cube.ide.mcu.externaltools.gnu-tools-for-stm32.10.3-2021.10.win32_1.0.0.202111181127/tools/bin/../lib/gcc/arm-none-eabi/10.3.1/../../../../arm-none-eabi/lib/thumb/v6-m/nofp\libc_nano.a(lib_a-init.o)
                              c:/st/stm32cubeide_1.9.0/stm32cubeide/plugins/com.st.stm32cube.ide.mcu.externaltools.gnu-tools-for-stm32.10.3-2021.10.win32_1.0.0.202111181127/tools/bin/../lib/gcc/arm-none-eabi/10.3.1/../../../../arm-none-eabi/lib/thumb/v6-m/nofp/crt0.o (__libc_init_array)
c:/st/stm32cubeide_1.9.0/stm32cubeide/plugins/com.st.stm32cube.ide.mcu.externaltools.gnu-tools-for-stm32.10.3-2021.10.win32_1.0.0.202111181127/tools/bin/../lib/gcc/arm-none-eabi/10.3.1/../../../../arm-none-eabi/lib/thumb/v6-m/nofp\libc_nano.a(lib_a-memset.o)
                              c:/st/stm32cubeide_1.9.0/stm32cubeide/plugins/com.st.stm32cube.ide.mcu.externaltools.gnu-tools-for-stm32.10.3-2021.10.win32_1.0.0.202111181127/tools/bin/../lib/gcc/arm-none-eabi/10.3.1/../../../../arm-none-eabi/lib/thumb/v6-m/nofp/crt0.o (memset)
c:/st/stm32cubeide_1.9.0/stm32cubeide/plugins/com.st.stm32cube.ide.mcu.externaltools.gnu-tools-for-stm32.10.3-2021.10.win32_1.0.0.202111181127/tools/bin/../lib/gcc/arm-none-eabi/10.3.1/thumb/v6-m/nofp\libgcc.a(_udivsi3.o)
                              ./Core/Src/ILI9341_GFX.o (__aeabi_uidiv)
c:/st/stm32cubeide_1.9.0/stm32cubeide/plugins/com.st.stm32cube.ide.mcu.externaltools.gnu-tools-for-stm32.10.3-2021.10.win32_1.0.0.202111181127/tools/bin/../lib/gcc/arm-none-eabi/10.3.1/thumb/v6-m/nofp\libgcc.a(_dvmd_tls.o)
                              c:/st/stm32cubeide_1.9.0/stm32cubeide/plugins/com.st.stm32cube.ide.mcu.externaltools.gnu-tools-for-stm32.10.3-2021.10.win32_1.0.0.202111181127/tools/bin/../lib/gcc/arm-none-eabi/10.3.1/thumb/v6-m/nofp\libgcc.a(_udivsi3.o) (__aeabi_idiv0)
c:/st/stm32cubeide_1.9.0/stm32cubeide/plugins/com.st.stm32cube.ide.mcu.externaltools.gnu-tools-for-stm32.10.3-2021.10.win32_1.0.0.202111181127/tools/bin/../lib/gcc/arm-none-eabi/10.3.1/thumb/v6-m/nofp\libgcc.a(_arm_cmpsf2.o)
                              ./Core/Src/ILI9341_GFX.o (__aeabi_fcmplt)
c:/st/stm32cubeide_1.9.0/stm32cubeide/plugins/com.st.stm32cube.ide.mcu.externaltools.gnu-tools-for-stm32.10.3-2021.10.win32_1.0.0.202111181127/tools/bin/../lib/gcc/arm-none-eabi/10.3.1/thumb/v6-m/nofp\libgcc.a(_aeabi_uldivmod.o)
                              ./Drivers/STM32L0xx_HAL_Driver/Src/stm32l0xx_hal_rcc.o (__aeabi_uldivmod)
c:/st/stm32cubeide_1.9.0/stm32cubeide/plugins/com.st.stm32cube.ide.mcu.externaltools.gnu-tools-for-stm32.10.3-2021.10.win32_1.0.0.202111181127/tools/bin/../lib/gcc/arm-none-eabi/10.3.1/thumb/v6-m/nofp\libgcc.a(_muldi3.o)
                              ./Drivers/STM32L0xx_HAL_Driver/Src/stm32l0xx_hal_rcc.o (__aeabi_lmul)
c:/st/stm32cubeide_1.9.0/stm32cubeide/plugins/com.st.stm32cube.ide.mcu.externaltools.gnu-tools-for-stm32.10.3-2021.10.win32_1.0.0.202111181127/tools/bin/../lib/gcc/arm-none-eabi/10.3.1/thumb/v6-m/nofp\libgcc.a(_udivmoddi4.o)
                              c:/st/stm32cubeide_1.9.0/stm32cubeide/plugins/com.st.stm32cube.ide.mcu.externaltools.gnu-tools-for-stm32.10.3-2021.10.win32_1.0.0.202111181127/tools/bin/../lib/gcc/arm-none-eabi/10.3.1/thumb/v6-m/nofp\libgcc.a(_aeabi_uldivmod.o) (__udivmoddi4)
[...]
Memory Configuration

Name             Origin             Length             Attributes
RAM              0x0000000020000000 0x0000000000002000 xrw
FLASH            0x0000000008000000 0x0000000000008000 xr
*default*        0x0000000000000000 0xffffffffffffffff

Linker script and memory map

LOAD c:/st/stm32cubeide_1.9.0/stm32cubeide/plugins/com.st.stm32cube.ide.mcu.externaltools.gnu-tools-for-stm32.10.3-2021.10.win32_1.0.0.202111181127/tools/bin/../lib/gcc/arm-none-eabi/10.3.1/thumb/v6-m/nofp/crti.o
LOAD c:/st/stm32cubeide_1.9.0/stm32cubeide/plugins/com.st.stm32cube.ide.mcu.externaltools.gnu-tools-for-stm32.10.3-2021.10.win32_1.0.0.202111181127/tools/bin/../lib/gcc/arm-none-eabi/10.3.1/thumb/v6-m/nofp/crtbegin.o
LOAD c:/st/stm32cubeide_1.9.0/stm32cubeide/plugins/com.st.stm32cube.ide.mcu.externaltools.gnu-tools-for-stm32.10.3-2021.10.win32_1.0.0.202111181127/tools/bin/../lib/gcc/arm-none-eabi/10.3.1/../../../../arm-none-eabi/lib/thumb/v6-m/nofp/crt0.o
LOAD ./Core/Src/ILI9341_GFX.o
LOAD ./Core/Src/ILI9341_STM32_Driver.o
LOAD ./Core/Src/adc.o
LOAD ./Core/Src/dac.o
LOAD ./Core/Src/fonts.o
LOAD ./Core/Src/gpio.o
LOAD ./Core/Src/i2c.o
LOAD ./Core/Src/main.o
LOAD ./Core/Src/spi.o
LOAD ./Core/Src/stm32l0xx_hal_msp.o
LOAD ./Core/Src/stm32l0xx_it.o
LOAD ./Core/Src/syscalls.o
LOAD ./Core/Src/sysmem.o
LOAD ./Core/Src/system_stm32l0xx.o
LOAD ./Core/Src/tim.o
LOAD ./Core/Startup/startup_stm32l052k6tx.o
LOAD ./Drivers/STM32L0xx_HAL_Driver/Src/stm32l0xx_hal.o
LOAD ./Drivers/STM32L0xx_HAL_Driver/Src/stm32l0xx_hal_adc.o
LOAD ./Drivers/STM32L0xx_HAL_Driver/Src/stm32l0xx_hal_adc_ex.o
LOAD ./Drivers/STM32L0xx_HAL_Driver/Src/stm32l0xx_hal_cortex.o
LOAD ./Drivers/STM32L0xx_HAL_Driver/Src/stm32l0xx_hal_dac.o
LOAD ./Drivers/STM32L0xx_HAL_Driver/Src/stm32l0xx_hal_dac_ex.o
LOAD ./Drivers/STM32L0xx_HAL_Driver/Src/stm32l0xx_hal_dma.o
LOAD ./Drivers/STM32L0xx_HAL_Driver/Src/stm32l0xx_hal_exti.o
LOAD ./Drivers/STM32L0xx_HAL_Driver/Src/stm32l0xx_hal_flash.o
LOAD ./Drivers/STM32L0xx_HAL_Driver/Src/stm32l0xx_hal_flash_ex.o
LOAD ./Drivers/STM32L0xx_HAL_Driver/Src/stm32l0xx_hal_flash_ramfunc.o
LOAD ./Drivers/STM32L0xx_HAL_Driver/Src/stm32l0xx_hal_gpio.o
LOAD ./Drivers/STM32L0xx_HAL_Driver/Src/stm32l0xx_hal_i2c.o
LOAD ./Drivers/STM32L0xx_HAL_Driver/Src/stm32l0xx_hal_i2c_ex.o
LOAD ./Drivers/STM32L0xx_HAL_Driver/Src/stm32l0xx_hal_pwr.o
LOAD ./Drivers/STM32L0xx_HAL_Driver/Src/stm32l0xx_hal_pwr_ex.o
LOAD ./Drivers/STM32L0xx_HAL_Driver/Src/stm32l0xx_hal_rcc.o
LOAD ./Drivers/STM32L0xx_HAL_Driver/Src/stm32l0xx_hal_rcc_ex.o
LOAD ./Drivers/STM32L0xx_HAL_Driver/Src/stm32l0xx_hal_spi.o
LOAD ./Drivers/STM32L0xx_HAL_Driver/Src/stm32l0xx_hal_tim.o
LOAD ./Drivers/STM32L0xx_HAL_Driver/Src/stm32l0xx_hal_tim_ex.o
START GROUP
LOAD c:/st/stm32cubeide_1.9.0/stm32cubeide/plugins/com.st.stm32cube.ide.mcu.externaltools.gnu-tools-for-stm32.10.3-2021.10.win32_1.0.0.202111181127/tools/bin/../lib/gcc/arm-none-eabi/10.3.1/../../../../arm-none-eabi/lib/thumb/v6-m/nofp\libc_nano.a
LOAD c:/st/stm32cubeide_1.9.0/stm32cubeide/plugins/com.st.stm32cube.ide.mcu.externaltools.gnu-tools-for-stm32.10.3-2021.10.win32_1.0.0.202111181127/tools/bin/../lib/gcc/arm-none-eabi/10.3.1/../../../../arm-none-eabi/lib/thumb/v6-m/nofp\libm.a
END GROUP
START GROUP
LOAD c:/st/stm32cubeide_1.9.0/stm32cubeide/plugins/com.st.stm32cube.ide.mcu.externaltools.gnu-tools-for-stm32.10.3-2021.10.win32_1.0.0.202111181127/tools/bin/../lib/gcc/arm-none-eabi/10.3.1/thumb/v6-m/nofp\libgcc.a
LOAD c:/st/stm32cubeide_1.9.0/stm32cubeide/plugins/com.st.stm32cube.ide.mcu.externaltools.gnu-tools-for-stm32.10.3-2021.10.win32_1.0.0.202111181127/tools/bin/../lib/gcc/arm-none-eabi/10.3.1/../../../../arm-none-eabi/lib/thumb/v6-m/nofp\libc_nano.a
END GROUP
START GROUP
LOAD c:/st/stm32cubeide_1.9.0/stm32cubeide/plugins/com.st.stm32cube.ide.mcu.externaltools.gnu-tools-for-stm32.10.3-2021.10.win32_1.0.0.202111181127/tools/bin/../lib/gcc/arm-none-eabi/10.3.1/thumb/v6-m/nofp\libgcc.a
LOAD c:/st/stm32cubeide_1.9.0/stm32cubeide/plugins/com.st.stm32cube.ide.mcu.externaltools.gnu-tools-for-stm32.10.3-2021.10.win32_1.0.0.202111181127/tools/bin/../lib/gcc/arm-none-eabi/10.3.1/../../../../arm-none-eabi/lib/thumb/v6-m/nofp\libc_nano.a
LOAD c:/st/stm32cubeide_1.9.0/stm32cubeide/plugins/com.st.stm32cube.ide.mcu.externaltools.gnu-tools-for-stm32.10.3-2021.10.win32_1.0.0.202111181127/tools/bin/../lib/gcc/arm-none-eabi/10.3.1/../../../../arm-none-eabi/lib/thumb/v6-m/nofp\libnosys.a
END GROUP
START GROUP
LOAD c:/st/stm32cubeide_1.9.0/stm32cubeide/plugins/com.st.stm32cube.ide.mcu.externaltools.gnu-tools-for-stm32.10.3-2021.10.win32_1.0.0.202111181127/tools/bin/../lib/gcc/arm-none-eabi/10.3.1/thumb/v6-m/nofp\libgcc.a
LOAD c:/st/stm32cubeide_1.9.0/stm32cubeide/plugins/com.st.stm32cube.ide.mcu.externaltools.gnu-tools-for-stm32.10.3-2021.10.win32_1.0.0.202111181127/tools/bin/../lib/gcc/arm-none-eabi/10.3.1/../../../../arm-none-eabi/lib/thumb/v6-m/nofp\libc_nano.a
LOAD c:/st/stm32cubeide_1.9.0/stm32cubeide/plugins/com.st.stm32cube.ide.mcu.externaltools.gnu-tools-for-stm32.10.3-2021.10.win32_1.0.0.202111181127/tools/bin/../lib/gcc/arm-none-eabi/10.3.1/../../../../arm-none-eabi/lib/thumb/v6-m/nofp\libnosys.a
END GROUP
LOAD c:/st/stm32cubeide_1.9.0/stm32cubeide/plugins/com.st.stm32cube.ide.mcu.externaltools.gnu-tools-for-stm32.10.3-2021.10.win32_1.0.0.202111181127/tools/bin/../lib/gcc/arm-none-eabi/10.3.1/thumb/v6-m/nofp/crtend.o
LOAD c:/st/stm32cubeide_1.9.0/stm32cubeide/plugins/com.st.stm32cube.ide.mcu.externaltools.gnu-tools-for-stm32.10.3-2021.10.win32_1.0.0.202111181127/tools/bin/../lib/gcc/arm-none-eabi/10.3.1/thumb/v6-m/nofp/crtn.o
                0x0000000020002000                _estack = (ORIGIN (RAM) + LENGTH (RAM))
                0x0000000000000200                _Min_Heap_Size = 0x200
                0x0000000000000400                _Min_Stack_Size = 0x400

.isr_vector     0x0000000008000000       0xc0
                0x0000000008000000                . = ALIGN (0x4)
 *(.isr_vector)
 .isr_vector    0x0000000008000000       0xc0 ./Core/Startup/startup_stm32l052k6tx.o
                0x0000000008000000                g_pfnVectors
                0x00000000080000c0                . = ALIGN (0x4)

.text           0x00000000080000c0     0x3cf4
                0x00000000080000c0                . = ALIGN (0x4)
 *(.text)
 .text          0x00000000080000c0       0x48 c:/st/stm32cubeide_1.9.0/stm32cubeide/plugins/com.st.stm32cube.ide.mcu.externaltools.gnu-tools-for-stm32.10.3-2021.10.win32_1.0.0.202111181127/tools/bin/../lib/gcc/arm-none-eabi/10.3.1/thumb/v6-m/nofp/crtbegin.o
 .text          0x0000000008000108      0x114 c:/st/stm32cubeide_1.9.0/stm32cubeide/plugins/com.st.stm32cube.ide.mcu.externaltools.gnu-tools-for-stm32.10.3-2021.10.win32_1.0.0.202111181127/tools/bin/../lib/gcc/arm-none-eabi/10.3.1/thumb/v6-m/nofp\libgcc.a(_udivsi3.o)
                0x0000000008000108                __aeabi_uidiv
                0x0000000008000108                __udivsi3
                0x0000000008000214                __aeabi_uidivmod
 .text          0x000000000800021c        0x4 c:/st/stm32cubeide_1.9.0/stm32cubeide/plugins/com.st.stm32cube.ide.mcu.externaltools.gnu-tools-for-stm32.10.3-2021.10.win32_1.0.0.202111181127/tools/bin/../lib/gcc/arm-none-eabi/10.3.1/thumb/v6-m/nofp\libgcc.a(_dvmd_tls.o)
                0x000000000800021c                __aeabi_idiv0
                0x000000000800021c                __aeabi_ldiv0
 .text          0x0000000008000220       0x40 c:/st/stm32cubeide_1.9.0/stm32cubeide/plugins/com.st.stm32cube.ide.mcu.externaltools.gnu-tools-for-stm32.10.3-2021.10.win32_1.0.0.202111181127/tools/bin/../lib/gcc/arm-none-eabi/10.3.1/thumb/v6-m/nofp\libgcc.a(_aeabi_uldivmod.o)
                0x0000000008000220                __aeabi_uldivmod
 .text          0x0000000008000260       0x5c c:/st/stm32cubeide_1.9.0/stm32cubeide/plugins/com.st.stm32cube.ide.mcu.externaltools.gnu-tools-for-stm32.10.3-2021.10.win32_1.0.0.202111181127/tools/bin/../lib/gcc/arm-none-eabi/10.3.1/thumb/v6-m/nofp\libgcc.a(_muldi3.o)
                0x0000000008000260                __muldi3
                0x0000000008000260                __aeabi_lmul
 .text          0x00000000080002bc      0x198 c:/st/stm32cubeide_1.9.0/stm32cubeide/plugins/com.st.stm32cube.ide.mcu.externaltools.gnu-tools-for-stm32.10.3-2021.10.win32_1.0.0.202111181127/tools/bin/../lib/gcc/arm-none-eabi/10.3.1/thumb/v6-m/nofp\libgcc.a(_udivmoddi4.o)
                0x00000000080002bc                __udivmoddi4
 .text          0x0000000008000454       0x3c c:/st/stm32cubeide_1.9.0/stm32cubeide/plugins/com.st.stm32cube.ide.mcu.externaltools.gnu-tools-for-stm32.10.3-2021.10.win32_1.0.0.202111181127/tools/bin/../lib/gcc/arm-none-eabi/10.3.1/thumb/v6-m/nofp\libgcc.a(_clzsi2.o)
                0x0000000008000454                __clzsi2
 .text          0x0000000008000490       0x18 c:/st/stm32cubeide_1.9.0/stm32cubeide/plugins/com.st.stm32cube.ide.mcu.externaltools.gnu-tools-for-stm32.10.3-2021.10.win32_1.0.0.202111181127/tools/bin/../lib/gcc/arm-none-eabi/10.3.1/thumb/v6-m/nofp\libgcc.a(_clzdi2.o)
                0x0000000008000490                __clzdi2
 *(.text*)
 .text.ILI9341_DrawChar
                0x00000000080004a8      0x144 ./Core/Src/ILI9341_GFX.o
                0x00000000080004a8                ILI9341_DrawChar
 .text.ILI9341_DrawText
                0x00000000080005ec       0xc0 ./Core/Src/ILI9341_GFX.o
                0x00000000080005ec                ILI9341_DrawText
 .text.ILI9341_SPI_Tx
                0x00000000080006ac       0x34 ./Core/Src/ILI9341_STM32_Driver.o
 .text.ILI9341_SPI_TxBuffer
                0x00000000080006e0       0x38 ./Core/Src/ILI9341_STM32_Driver.o
 .text.ILI9341_WriteCommand
                0x0000000008000718       0x3c ./Core/Src/ILI9341_STM32_Driver.o
                0x0000000008000718                ILI9341_WriteCommand
 .text.ILI9341_WriteData
                0x0000000008000754       0x3c ./Core/Src/ILI9341_STM32_Driver.o
                0x0000000008000754                ILI9341_WriteData
 .text.ILI9341_WriteBuffer
                0x0000000008000790       0x40 ./Core/Src/ILI9341_STM32_Driver.o
                0x0000000008000790                ILI9341_WriteBuffer
 .text.ILI9341_SetAddress
                0x00000000080007d0       0xbc ./Core/Src/ILI9341_STM32_Driver.o
                0x00000000080007d0                ILI9341_SetAddress
 .text.ILI9341_Reset
                0x000000000800088c       0x40 ./Core/Src/ILI9341_STM32_Driver.o
                0x000000000800088c                ILI9341_Reset
 .text.ILI9341_Enable
                0x00000000080008cc       0x1c ./Core/Src/ILI9341_STM32_Driver.o
                0x00000000080008cc                ILI9341_Enable
 .text.ILI9341_Init
                0x00000000080008e8      0x216 ./Core/Src/ILI9341_STM32_Driver.o
                0x00000000080008e8                ILI9341_Init
 *fill*         0x0000000008000afe        0x2 
 .text.ILI9341_SetRotation
                0x0000000008000b00       0x9c ./Core/Src/ILI9341_STM32_Driver.o
                0x0000000008000b00                ILI9341_SetRotation
 .text.ILI9341_DrawColorBurst
                0x0000000008000b9c      0x154 ./Core/Src/ILI9341_STM32_Driver.o
                0x0000000008000b9c                ILI9341_DrawColorBurst
 .text.ILI9341_FillScreen
                0x0000000008000cf0       0x50 ./Core/Src/ILI9341_STM32_Driver.o
                0x0000000008000cf0                ILI9341_FillScreen
 .text.ILI9341_DrawPixel
                0x0000000008000d40      0x104 ./Core/Src/ILI9341_STM32_Driver.o
                0x0000000008000d40                ILI9341_DrawPixel
 .text.ILI9341_DrawRectangle
                0x0000000008000e44       0xe8 ./Core/Src/ILI9341_STM32_Driver.o
                0x0000000008000e44                ILI9341_DrawRectangle
 .text.MX_ADC_Init
                0x0000000008000f2c      0x120 ./Core/Src/adc.o
                0x0000000008000f2c                MX_ADC_Init
 .text.HAL_ADC_MspInit
                0x000000000800104c       0x78 ./Core/Src/adc.o
                0x000000000800104c                HAL_ADC_MspInit
 .text.MX_DAC_Init
                0x00000000080010c4       0x5c ./Core/Src/dac.o
                0x00000000080010c4                MX_DAC_Init
 .text.HAL_DAC_MspInit
                0x0000000008001120       0x78 ./Core/Src/dac.o
                0x0000000008001120                HAL_DAC_MspInit
 .text.MX_GPIO_Init
                0x0000000008001198       0x88 ./Core/Src/gpio.o
                0x0000000008001198                MX_GPIO_Init
 .text.MX_I2C1_Init
                0x0000000008001220       0x80 ./Core/Src/i2c.o
                0x0000000008001220                MX_I2C1_Init
 .text.HAL_I2C_MspInit
                0x00000000080012a0       0x88 ./Core/Src/i2c.o
                0x00000000080012a0                HAL_I2C_MspInit
 .text.main     0x0000000008001328      0x130 ./Core/Src/main.o
                0x0000000008001328                main
 .text.SystemClock_Config
                0x0000000008001458       0xe4 ./Core/Src/main.o
                0x0000000008001458                SystemClock_Config
 .text.MX_NVIC_Init
                0x000000000800153c       0x1a ./Core/Src/main.o
 .text.HAL_TIM_PeriodElapsedCallback
                0x0000000008001556       0x10 ./Core/Src/main.o
                0x0000000008001556                HAL_TIM_PeriodElapsedCallback
 .text.Error_Handler
                0x0000000008001566        0xa ./Core/Src/main.o
                0x0000000008001566                Error_Handler
 .text.MX_SPI1_Init
                0x0000000008001570       0x70 ./Core/Src/spi.o
                0x0000000008001570                MX_SPI1_Init
 .text.HAL_SPI_MspInit
                0x00000000080015e0       0x88 ./Core/Src/spi.o
                0x00000000080015e0                HAL_SPI_MspInit
 .text.HAL_MspInit
                0x0000000008001668       0x28 ./Core/Src/stm32l0xx_hal_msp.o
                0x0000000008001668                HAL_MspInit
 .text.NMI_Handler
                0x0000000008001690        0x6 ./Core/Src/stm32l0xx_it.o
                0x0000000008001690                NMI_Handler
 .text.HardFault_Handler
                0x0000000008001696        0x6 ./Core/Src/stm32l0xx_it.o
                0x0000000008001696                HardFault_Handler
 .text.SVC_Handler
                0x000000000800169c        0xa ./Core/Src/stm32l0xx_it.o
                0x000000000800169c                SVC_Handler
 .text.PendSV_Handler
                0x00000000080016a6        0xa ./Core/Src/stm32l0xx_it.o
                0x00000000080016a6                PendSV_Handler
 .text.SysTick_Handler
                0x00000000080016b0        0xe ./Core/Src/stm32l0xx_it.o
                0x00000000080016b0                SysTick_Handler
 *fill*         0x00000000080016be        0x2 
 .text.TIM6_DAC_IRQHandler
                0x00000000080016c0       0x24 ./Core/Src/stm32l0xx_it.o
                0x00000000080016c0                TIM6_DAC_IRQHandler
 .text.SystemInit
                0x00000000080016e4        0xa ./Core/Src/system_stm32l0xx.o
                0x00000000080016e4                SystemInit
 *fill*         0x00000000080016ee        0x2 
 .text.MX_TIM6_Init
                0x00000000080016f0       0x78 ./Core/Src/tim.o
                0x00000000080016f0                MX_TIM6_Init
 .text.HAL_TIM_Base_MspInit
                0x0000000008001768       0x30 ./Core/Src/tim.o
                0x0000000008001768                HAL_TIM_Base_MspInit
 .text.Reset_Handler
                0x0000000008001798       0x50 ./Core/Startup/startup_stm32l052k6tx.o
                0x0000000008001798                Reset_Handler
 .text.Default_Handler
                0x00000000080017e8        0x2 ./Core/Startup/startup_stm32l052k6tx.o
                0x00000000080017e8                TSC_IRQHandler
                0x00000000080017e8                ADC1_COMP_IRQHandler
                0x00000000080017e8                PVD_IRQHandler
                0x00000000080017e8                I2C1_IRQHandler
                0x00000000080017e8                RCC_CRS_IRQHandler
                0x00000000080017e8                SPI1_IRQHandler
                0x00000000080017e8                EXTI2_3_IRQHandler
                0x00000000080017e8                I2C2_IRQHandler
                0x00000000080017e8                RTC_IRQHandler
                0x00000000080017e8                DMA1_Channel4_5_6_7_IRQHandler
                0x00000000080017e8                EXTI4_15_IRQHandler
                0x00000000080017e8                DMA1_Channel1_IRQHandler
                0x00000000080017e8                Default_Handler
                0x00000000080017e8                TIM22_IRQHandler
                0x00000000080017e8                EXTI0_1_IRQHandler
                0x00000000080017e8                USB_IRQHandler
                0x00000000080017e8                SPI2_IRQHandler
                0x00000000080017e8                TIM21_IRQHandler
                0x00000000080017e8                WWDG_IRQHandler
                0x00000000080017e8                TIM2_IRQHandler
                0x00000000080017e8                DMA1_Channel2_3_IRQHandler
                0x00000000080017e8                USART2_IRQHandler
                0x00000000080017e8                FLASH_IRQHandler
                0x00000000080017e8                USART1_IRQHandler
                0x00000000080017e8                RNG_LPUART1_IRQHandler
                0x00000000080017e8                LPTIM1_IRQHandler
 *fill*         0x00000000080017ea        0x2 
 .text.HAL_Init
                0x00000000080017ec       0x40 ./Drivers/STM32L0xx_HAL_Driver/Src/stm32l0xx_hal.o
                0x00000000080017ec                HAL_Init
 .text.HAL_InitTick
                0x000000000800182c       0x68 ./Drivers/STM32L0xx_HAL_Driver/Src/stm32l0xx_hal.o
                0x000000000800182c                HAL_InitTick
 .text.HAL_IncTick
                0x0000000008001894       0x24 ./Drivers/STM32L0xx_HAL_Driver/Src/stm32l0xx_hal.o
                0x0000000008001894                HAL_IncTick
 .text.HAL_GetTick
                0x00000000080018b8       0x14 ./Drivers/STM32L0xx_HAL_Driver/Src/stm32l0xx_hal.o
                0x00000000080018b8                HAL_GetTick
 .text.HAL_Delay
                0x00000000080018cc       0x48 ./Drivers/STM32L0xx_HAL_Driver/Src/stm32l0xx_hal.o
                0x00000000080018cc                HAL_Delay
 .text.HAL_ADC_Init
                0x0000000008001914      0x2e8 ./Drivers/STM32L0xx_HAL_Driver/Src/stm32l0xx_hal_adc.o
                0x0000000008001914                HAL_ADC_Init
 .text.HAL_ADC_ConfigChannel
                0x0000000008001bfc      0x10c ./Drivers/STM32L0xx_HAL_Driver/Src/stm32l0xx_hal_adc.o
                0x0000000008001bfc                HAL_ADC_ConfigChannel
 .text.ADC_DelayMicroSecond
                0x0000000008001d08       0x40 ./Drivers/STM32L0xx_HAL_Driver/Src/stm32l0xx_hal_adc.o
 .text.__NVIC_EnableIRQ
                0x0000000008001d48       0x34 ./Drivers/STM32L0xx_HAL_Driver/Src/stm32l0xx_hal_cortex.o
 .text.__NVIC_SetPriority
                0x0000000008001d7c       0xdc ./Drivers/STM32L0xx_HAL_Driver/Src/stm32l0xx_hal_cortex.o
 .text.SysTick_Config
                0x0000000008001e58       0x48 ./Drivers/STM32L0xx_HAL_Driver/Src/stm32l0xx_hal_cortex.o
 .text.HAL_NVIC_SetPriority
                0x0000000008001ea0       0x2a ./Drivers/STM32L0xx_HAL_Driver/Src/stm32l0xx_hal_cortex.o
                0x0000000008001ea0                HAL_NVIC_SetPriority
 .text.HAL_NVIC_EnableIRQ
                0x0000000008001eca       0x20 ./Drivers/STM32L0xx_HAL_Driver/Src/stm32l0xx_hal_cortex.o
                0x0000000008001eca                HAL_NVIC_EnableIRQ
 .text.HAL_SYSTICK_Config
                0x0000000008001eea       0x1a ./Drivers/STM32L0xx_HAL_Driver/Src/stm32l0xx_hal_cortex.o
                0x0000000008001eea                HAL_SYSTICK_Config
 .text.HAL_DAC_Init
                0x0000000008001f04       0x46 ./Drivers/STM32L0xx_HAL_Driver/Src/stm32l0xx_hal_dac.o
                0x0000000008001f04                HAL_DAC_Init
 .text.HAL_DAC_DMAUnderrunCallbackCh1
                0x0000000008001f4a       0x10 ./Drivers/STM32L0xx_HAL_Driver/Src/stm32l0xx_hal_dac.o
                0x0000000008001f4a                HAL_DAC_DMAUnderrunCallbackCh1
 *fill*         0x0000000008001f5a        0x2 
 .text.HAL_DAC_ConfigChannel
                0x0000000008001f5c       0x98 ./Drivers/STM32L0xx_HAL_Driver/Src/stm32l0xx_hal_dac.o
                0x0000000008001f5c                HAL_DAC_ConfigChannel
 .text.HAL_DAC_IRQHandler
                0x0000000008001ff4       0x5c ./Drivers/STM32L0xx_HAL_Driver/Src/stm32l0xx_hal_dac_ex.o
                0x0000000008001ff4                HAL_DAC_IRQHandler
 .text.HAL_GPIO_Init
                0x0000000008002050      0x2ec ./Drivers/STM32L0xx_HAL_Driver/Src/stm32l0xx_hal_gpio.o
                0x0000000008002050                HAL_GPIO_Init
 .text.HAL_GPIO_WritePin
                0x000000000800233c       0x3a ./Drivers/STM32L0xx_HAL_Driver/Src/stm32l0xx_hal_gpio.o
                0x000000000800233c                HAL_GPIO_WritePin
 *fill*         0x0000000008002376        0x2 
 .text.HAL_I2C_Init
                0x0000000008002378      0x12c ./Drivers/STM32L0xx_HAL_Driver/Src/stm32l0xx_hal_i2c.o
                0x0000000008002378                HAL_I2C_Init
 .text.HAL_I2CEx_ConfigAnalogFilter
                0x00000000080024a4       0x98 ./Drivers/STM32L0xx_HAL_Driver/Src/stm32l0xx_hal_i2c_ex.o
                0x00000000080024a4                HAL_I2CEx_ConfigAnalogFilter
 .text.HAL_I2CEx_ConfigDigitalFilter
                0x000000000800253c       0x98 ./Drivers/STM32L0xx_HAL_Driver/Src/stm32l0xx_hal_i2c_ex.o
                0x000000000800253c                HAL_I2CEx_ConfigDigitalFilter
 .text.HAL_RCC_OscConfig
                0x00000000080025d4      0x788 ./Drivers/STM32L0xx_HAL_Driver/Src/stm32l0xx_hal_rcc.o
                0x00000000080025d4                HAL_RCC_OscConfig
 .text.HAL_RCC_ClockConfig
                0x0000000008002d5c      0x290 ./Drivers/STM32L0xx_HAL_Driver/Src/stm32l0xx_hal_rcc.o
                0x0000000008002d5c                HAL_RCC_ClockConfig
 .text.HAL_RCC_GetSysClockFreq
                0x0000000008002fec      0x14c ./Drivers/STM32L0xx_HAL_Driver/Src/stm32l0xx_hal_rcc.o
                0x0000000008002fec                HAL_RCC_GetSysClockFreq
 .text.HAL_RCCEx_PeriphCLKConfig
                0x0000000008003138      0x298 ./Drivers/STM32L0xx_HAL_Driver/Src/stm32l0xx_hal_rcc_ex.o
                0x0000000008003138                HAL_RCCEx_PeriphCLKConfig
 .text.HAL_SPI_Init
                0x00000000080033d0      0x128 ./Drivers/STM32L0xx_HAL_Driver/Src/stm32l0xx_hal_spi.o
                0x00000000080033d0                HAL_SPI_Init
 .text.HAL_SPI_Transmit
                0x00000000080034f8      0x2ba ./Drivers/STM32L0xx_HAL_Driver/Src/stm32l0xx_hal_spi.o
                0x00000000080034f8                HAL_SPI_Transmit
 *fill*         0x00000000080037b2        0x2 
 .text.SPI_WaitFlagStateUntilTimeout
                0x00000000080037b4      0x11c ./Drivers/STM32L0xx_HAL_Driver/Src/stm32l0xx_hal_spi.o
 .text.SPI_EndRxTxTransaction
                0x00000000080038d0       0x8c ./Drivers/STM32L0xx_HAL_Driver/Src/stm32l0xx_hal_spi.o
 .text.HAL_TIM_Base_Init
                0x000000000800395c       0x80 ./Drivers/STM32L0xx_HAL_Driver/Src/stm32l0xx_hal_tim.o
                0x000000000800395c                HAL_TIM_Base_Init
 .text.HAL_TIM_IRQHandler
                0x00000000080039dc      0x1d0 ./Drivers/STM32L0xx_HAL_Driver/Src/stm32l0xx_hal_tim.o
                0x00000000080039dc                HAL_TIM_IRQHandler
 .text.HAL_TIM_OC_DelayElapsedCallback
                0x0000000008003bac       0x10 ./Drivers/STM32L0xx_HAL_Driver/Src/stm32l0xx_hal_tim.o
                0x0000000008003bac                HAL_TIM_OC_DelayElapsedCallback
 .text.HAL_TIM_IC_CaptureCallback
                0x0000000008003bbc       0x10 ./Drivers/STM32L0xx_HAL_Driver/Src/stm32l0xx_hal_tim.o
                0x0000000008003bbc                HAL_TIM_IC_CaptureCallback
 .text.HAL_TIM_PWM_PulseFinishedCallback
                0x0000000008003bcc       0x10 ./Drivers/STM32L0xx_HAL_Driver/Src/stm32l0xx_hal_tim.o
                0x0000000008003bcc                HAL_TIM_PWM_PulseFinishedCallback
 .text.HAL_TIM_TriggerCallback
                0x0000000008003bdc       0x10 ./Drivers/STM32L0xx_HAL_Driver/Src/stm32l0xx_hal_tim.o
                0x0000000008003bdc                HAL_TIM_TriggerCallback
 .text.TIM_Base_SetConfig
                0x0000000008003bec       0xa8 ./Drivers/STM32L0xx_HAL_Driver/Src/stm32l0xx_hal_tim.o
 .text.HAL_TIMEx_MasterConfigSynchronization
                0x0000000008003c94       0xb0 ./Drivers/STM32L0xx_HAL_Driver/Src/stm32l0xx_hal_tim_ex.o
                0x0000000008003c94                HAL_TIMEx_MasterConfigSynchronization
 .text.__libc_init_array
                0x0000000008003d44       0x48 c:/st/stm32cubeide_1.9.0/stm32cubeide/plugins/com.st.stm32cube.ide.mcu.externaltools.gnu-tools-for-stm32.10.3-2021.10.win32_1.0.0.202111181127/tools/bin/../lib/gcc/arm-none-eabi/10.3.1/../../../../arm-none-eabi/lib/thumb/v6-m/nofp\libc_nano.a(lib_a-init.o)
                0x0000000008003d44                __libc_init_array
 .text.memset   0x0000000008003d8c       0x10 c:/st/stm32cubeide_1.9.0/stm32cubeide/plugins/com.st.stm32cube.ide.mcu.externaltools.gnu-tools-for-stm32.10.3-2021.10.win32_1.0.0.202111181127/tools/bin/../lib/gcc/arm-none-eabi/10.3.1/../../../../arm-none-eabi/lib/thumb/v6-m/nofp\libc_nano.a(lib_a-memset.o)
                0x0000000008003d8c                memset
 *(.glue_7)
 .glue_7        0x0000000008003d9c        0x0 linker stubs
 *(.glue_7t)
 .glue_7t       0x0000000008003d9c        0x0 linker stubs
 *(.eh_frame)
 .eh_frame      0x0000000008003d9c        0x0 c:/st/stm32cubeide_1.9.0/stm32cubeide/plugins/com.st.stm32cube.ide.mcu.externaltools.gnu-tools-for-stm32.10.3-2021.10.win32_1.0.0.202111181127/tools/bin/../lib/gcc/arm-none-eabi/10.3.1/thumb/v6-m/nofp/crtbegin.o
 *(.init)
 .init          0x0000000008003d9c        0x4 c:/st/stm32cubeide_1.9.0/stm32cubeide/plugins/com.st.stm32cube.ide.mcu.externaltools.gnu-tools-for-stm32.10.3-2021.10.win32_1.0.0.202111181127/tools/bin/../lib/gcc/arm-none-eabi/10.3.1/thumb/v6-m/nofp/crti.o
                0x0000000008003d9c                _init
 .init          0x0000000008003da0        0x8 c:/st/stm32cubeide_1.9.0/stm32cubeide/plugins/com.st.stm32cube.ide.mcu.externaltools.gnu-tools-for-stm32.10.3-2021.10.win32_1.0.0.202111181127/tools/bin/../lib/gcc/arm-none-eabi/10.3.1/thumb/v6-m/nofp/crtn.o
 *(.fini)
 .fini          0x0000000008003da8        0x4 c:/st/stm32cubeide_1.9.0/stm32cubeide/plugins/com.st.stm32cube.ide.mcu.externaltools.gnu-tools-for-stm32.10.3-2021.10.win32_1.0.0.202111181127/tools/bin/../lib/gcc/arm-none-eabi/10.3.1/thumb/v6-m/nofp/crti.o
                0x0000000008003da8                _fini
 .fini          0x0000000008003dac        0x8 c:/st/stm32cubeide_1.9.0/stm32cubeide/plugins/com.st.stm32cube.ide.mcu.externaltools.gnu-tools-for-stm32.10.3-2021.10.win32_1.0.0.202111181127/tools/bin/../lib/gcc/arm-none-eabi/10.3.1/thumb/v6-m/nofp/crtn.o
                0x0000000008003db4                . = ALIGN (0x4)
                0x0000000008003db4                _etext = .

.vfp11_veneer   0x0000000008003db4        0x0
 .vfp11_veneer  0x0000000008003db4        0x0 linker stubs

.v4_bx          0x0000000008003db4        0x0
 .v4_bx         0x0000000008003db4        0x0 linker stubs

.iplt           0x0000000008003db4        0x0
 .iplt          0x0000000008003db4        0x0 c:/st/stm32cubeide_1.9.0/stm32cubeide/plugins/com.st.stm32cube.ide.mcu.externaltools.gnu-tools-for-stm32.10.3-2021.10.win32_1.0.0.202111181127/tools/bin/../lib/gcc/arm-none-eabi/10.3.1/thumb/v6-m/nofp/crtbegin.o

.rodata         0x0000000008003db4     0x1178
                0x0000000008003db4                . = ALIGN (0x4)
 *(.rodata)
 .rodata        0x0000000008003db4       0x18 ./Core/Src/main.o
 *(.rodata*)
 .rodata.Arial_Narrow15x19
                0x0000000008003dcc     0x1144 ./Core/Src/fonts.o
                0x0000000008003dcc                Arial_Narrow15x19
 .rodata.AHBPrescTable
                0x0000000008004f10       0x10 ./Core/Src/system_stm32l0xx.o
                0x0000000008004f10                AHBPrescTable
 .rodata.PLLMulTable
                0x0000000008004f20        0x9 ./Core/Src/system_stm32l0xx.o
                0x0000000008004f20                PLLMulTable
                0x0000000008004f2c                . = ALIGN (0x4)
 *fill*         0x0000000008004f29        0x3 

.ARM.extab      0x0000000008004f2c        0x0
                0x0000000008004f2c                . = ALIGN (0x4)
 *(.ARM.extab* .gnu.linkonce.armextab.*)
                0x0000000008004f2c                . = ALIGN (0x4)

.ARM            0x0000000008004f2c        0x8
                0x0000000008004f2c                . = ALIGN (0x4)
                0x0000000008004f2c                __exidx_start = .
 *(.ARM.exidx*)
 .ARM.exidx     0x0000000008004f2c        0x8 c:/st/stm32cubeide_1.9.0/stm32cubeide/plugins/com.st.stm32cube.ide.mcu.externaltools.gnu-tools-for-stm32.10.3-2021.10.win32_1.0.0.202111181127/tools/bin/../lib/gcc/arm-none-eabi/10.3.1/thumb/v6-m/nofp\libgcc.a(_udivmoddi4.o)
                0x0000000008004f34                __exidx_end = .
                0x0000000008004f34                . = ALIGN (0x4)

.rel.dyn        0x0000000008004f34        0x0
 .rel.iplt      0x0000000008004f34        0x0 c:/st/stm32cubeide_1.9.0/stm32cubeide/plugins/com.st.stm32cube.ide.mcu.externaltools.gnu-tools-for-stm32.10.3-2021.10.win32_1.0.0.202111181127/tools/bin/../lib/gcc/arm-none-eabi/10.3.1/thumb/v6-m/nofp/crtbegin.o

.preinit_array  0x0000000008004f34        0x0
                0x0000000008004f34                . = ALIGN (0x4)
                0x0000000008004f34                PROVIDE (__preinit_array_start = .)
 *(.preinit_array*)
                0x0000000008004f34                PROVIDE (__preinit_array_end = .)
                0x0000000008004f34                . = ALIGN (0x4)

.init_array     0x0000000008004f34        0x4
                0x0000000008004f34                . = ALIGN (0x4)
                0x0000000008004f34                PROVIDE (__init_array_start = .)
 *(SORT_BY_NAME(.init_array.*))
 *(.init_array*)
 .init_array    0x0000000008004f34        0x4 c:/st/stm32cubeide_1.9.0/stm32cubeide/plugins/com.st.stm32cube.ide.mcu.externaltools.gnu-tools-for-stm32.10.3-2021.10.win32_1.0.0.202111181127/tools/bin/../lib/gcc/arm-none-eabi/10.3.1/thumb/v6-m/nofp/crtbegin.o
                0x0000000008004f38                PROVIDE (__init_array_end = .)
                0x0000000008004f38                . = ALIGN (0x4)

.fini_array     0x0000000008004f38        0x4
                0x0000000008004f38                . = ALIGN (0x4)
                [!provide]                        PROVIDE (__fini_array_start = .)
 *(SORT_BY_NAME(.fini_array.*))
 *(.fini_array*)
 .fini_array    0x0000000008004f38        0x4 c:/st/stm32cubeide_1.9.0/stm32cubeide/plugins/com.st.stm32cube.ide.mcu.externaltools.gnu-tools-for-stm32.10.3-2021.10.win32_1.0.0.202111181127/tools/bin/../lib/gcc/arm-none-eabi/10.3.1/thumb/v6-m/nofp/crtbegin.o
                [!provide]                        PROVIDE (__fini_array_end = .)
                0x0000000008004f3c                . = ALIGN (0x4)
                0x0000000008004f3c                _sidata = LOADADDR (.data)

.data           0x0000000020000000       0x10 load address 0x0000000008004f3c
                0x0000000020000000                . = ALIGN (0x4)
                0x0000000020000000                _sdata = .
 *(.data)
 *(.data*)
 .data.LCD_HEIGHT
                0x0000000020000000        0x2 ./Core/Src/ILI9341_STM32_Driver.o
                0x0000000020000000                LCD_HEIGHT
 .data.LCD_WIDTH
                0x0000000020000002        0x2 ./Core/Src/ILI9341_STM32_Driver.o
                0x0000000020000002                LCD_WIDTH
 .data.SystemCoreClock
                0x0000000020000004        0x4 ./Core/Src/system_stm32l0xx.o
                0x0000000020000004                SystemCoreClock
 .data.uwTickPrio
                0x0000000020000008        0x4 ./Drivers/STM32L0xx_HAL_Driver/Src/stm32l0xx_hal.o
                0x0000000020000008                uwTickPrio
 .data.uwTickFreq
                0x000000002000000c        0x1 ./Drivers/STM32L0xx_HAL_Driver/Src/stm32l0xx_hal.o
                0x000000002000000c                uwTickFreq
 *(.RamFunc)
 *(.RamFunc*)
                0x0000000020000010                . = ALIGN (0x4)
 *fill*         0x000000002000000d        0x3 
                0x0000000020000010                _edata = .

.igot.plt       0x0000000020000010        0x0 load address 0x0000000008004f4c
 .igot.plt      0x0000000020000010        0x0 c:/st/stm32cubeide_1.9.0/stm32cubeide/plugins/com.st.stm32cube.ide.mcu.externaltools.gnu-tools-for-stm32.10.3-2021.10.win32_1.0.0.202111181127/tools/bin/../lib/gcc/arm-none-eabi/10.3.1/thumb/v6-m/nofp/crtbegin.o
                0x0000000020000010                . = ALIGN (0x4)

.bss            0x0000000020000010      0x178 load address 0x0000000008004f4c
                0x0000000020000010                _sbss = .
                0x0000000020000010                __bss_start__ = _sbss
 *(.bss)
 .bss           0x0000000020000010       0x1c c:/st/stm32cubeide_1.9.0/stm32cubeide/plugins/com.st.stm32cube.ide.mcu.externaltools.gnu-tools-for-stm32.10.3-2021.10.win32_1.0.0.202111181127/tools/bin/../lib/gcc/arm-none-eabi/10.3.1/thumb/v6-m/nofp/crtbegin.o
 *(.bss*)
 .bss.hadc      0x000000002000002c       0x5c ./Core/Src/adc.o
                0x000000002000002c                hadc
 .bss.hdac      0x0000000020000088       0x10 ./Core/Src/dac.o
                0x0000000020000088                hdac
 .bss.hi2c1     0x0000000020000098       0x54 ./Core/Src/i2c.o
                0x0000000020000098                hi2c1
 .bss.hspi1     0x00000000200000ec       0x58 ./Core/Src/spi.o
                0x00000000200000ec                hspi1
 .bss.htim6     0x0000000020000144       0x40 ./Core/Src/tim.o
                0x0000000020000144                htim6
 .bss.uwTick    0x0000000020000184        0x4 ./Drivers/STM32L0xx_HAL_Driver/Src/stm32l0xx_hal.o
                0x0000000020000184                uwTick
 *(COMMON)
                0x0000000020000188                . = ALIGN (0x4)
                0x0000000020000188                _ebss = .
                0x0000000020000188                __bss_end__ = _ebss

._user_heap_stack
                0x0000000020000188      0x600 load address 0x0000000008004f4c
                0x0000000020000188                . = ALIGN (0x8)
                [!provide]                        PROVIDE (end = .)
                0x0000000020000188                PROVIDE (_end = .)
                0x0000000020000388                . = (. + _Min_Heap_Size)
 *fill*         0x0000000020000188      0x200 
                0x0000000020000788                . = (. + _Min_Stack_Size)
 *fill*         0x0000000020000388      0x400 
                0x0000000020000788                . = ALIGN (0x8)

/DISCARD/
 libc.a(*)
 libm.a(*)
 libgcc.a(*)

.ARM.attributes
                0x0000000000000000       0x28
 *(.ARM.attributes)
 .ARM.attributes
                0x0000000000000000       0x1e c:/st/stm32cubeide_1.9.0/stm32cubeide/plugins/com.st.stm32cube.ide.mcu.externaltools.gnu-tools-for-stm32.10.3-2021.10.win32_1.0.0.202111181127/tools/bin/../lib/gcc/arm-none-eabi/10.3.1/thumb/v6-m/nofp/crti.o
 .ARM.attributes
                0x000000000000001e       0x2c c:/st/stm32cubeide_1.9.0/stm32cubeide/plugins/com.st.stm32cube.ide.mcu.externaltools.gnu-tools-for-stm32.10.3-2021.10.win32_1.0.0.202111181127/tools/bin/../lib/gcc/arm-none-eabi/10.3.1/thumb/v6-m/nofp/crtbegin.o
 .ARM.attributes
                0x000000000000004a       0x2c ./Core/Src/ILI9341_GFX.o
 .ARM.attributes
                0x0000000000000076       0x2c ./Core/Src/ILI9341_STM32_Driver.o
 .ARM.attributes
                0x00000000000000a2       0x2c ./Core/Src/adc.o
 .ARM.attributes
                0x00000000000000ce       0x2c ./Core/Src/dac.o
 .ARM.attributes
                0x00000000000000fa       0x2c ./Core/Src/fonts.o
 .ARM.attributes
                0x0000000000000126       0x2c ./Core/Src/gpio.o
 .ARM.attributes
                0x0000000000000152       0x2c ./Core/Src/i2c.o
 .ARM.attributes
                0x000000000000017e       0x2c ./Core/Src/main.o
 .ARM.attributes
                0x00000000000001aa       0x2c ./Core/Src/spi.o
 .ARM.attributes
                0x00000000000001d6       0x2c ./Core/Src/stm32l0xx_hal_msp.o
 .ARM.attributes
                0x0000000000000202       0x2c ./Core/Src/stm32l0xx_it.o
 .ARM.attributes
                0x000000000000022e       0x2c ./Core/Src/system_stm32l0xx.o
 .ARM.attributes
                0x000000000000025a       0x2c ./Core/Src/tim.o
 .ARM.attributes
                0x0000000000000286       0x22 ./Core/Startup/startup_stm32l052k6tx.o
 .ARM.attributes
                0x00000000000002a8       0x2c ./Drivers/STM32L0xx_HAL_Driver/Src/stm32l0xx_hal.o
 .ARM.attributes
                0x00000000000002d4       0x2c ./Drivers/STM32L0xx_HAL_Driver/Src/stm32l0xx_hal_adc.o
 .ARM.attributes
                0x0000000000000300       0x2c ./Drivers/STM32L0xx_HAL_Driver/Src/stm32l0xx_hal_cortex.o
 .ARM.attributes
                0x000000000000032c       0x2c ./Drivers/STM32L0xx_HAL_Driver/Src/stm32l0xx_hal_dac.o
 .ARM.attributes
                0x0000000000000358       0x2c ./Drivers/STM32L0xx_HAL_Driver/Src/stm32l0xx_hal_dac_ex.o
 .ARM.attributes
                0x0000000000000384       0x2c ./Drivers/STM32L0xx_HAL_Driver/Src/stm32l0xx_hal_gpio.o
 .ARM.attributes
                0x00000000000003b0       0x2c ./Drivers/STM32L0xx_HAL_Driver/Src/stm32l0xx_hal_i2c.o
 .ARM.attributes
                0x00000000000003dc       0x2c ./Drivers/STM32L0xx_HAL_Driver/Src/stm32l0xx_hal_i2c_ex.o
 .ARM.attributes
                0x0000000000000408       0x2c ./Drivers/STM32L0xx_HAL_Driver/Src/stm32l0xx_hal_rcc.o
 .ARM.attributes
                0x0000000000000434       0x2c ./Drivers/STM32L0xx_HAL_Driver/Src/stm32l0xx_hal_rcc_ex.o
 .ARM.attributes
                0x0000000000000460       0x2c ./Drivers/STM32L0xx_HAL_Driver/Src/stm32l0xx_hal_spi.o
 .ARM.attributes
                0x000000000000048c       0x2c ./Drivers/STM32L0xx_HAL_Driver/Src/stm32l0xx_hal_tim.o
 .ARM.attributes
                0x00000000000004b8       0x2c ./Drivers/STM32L0xx_HAL_Driver/Src/stm32l0xx_hal_tim_ex.o
 .ARM.attributes
                0x00000000000004e4       0x2c c:/st/stm32cubeide_1.9.0/stm32cubeide/plugins/com.st.stm32cube.ide.mcu.externaltools.gnu-tools-for-stm32.10.3-2021.10.win32_1.0.0.202111181127/tools/bin/../lib/gcc/arm-none-eabi/10.3.1/../../../../arm-none-eabi/lib/thumb/v6-m/nofp\libc_nano.a(lib_a-init.o)
 .ARM.attributes
                0x0000000000000510       0x2c c:/st/stm32cubeide_1.9.0/stm32cubeide/plugins/com.st.stm32cube.ide.mcu.externaltools.gnu-tools-for-stm32.10.3-2021.10.win32_1.0.0.202111181127/tools/bin/../lib/gcc/arm-none-eabi/10.3.1/../../../../arm-none-eabi/lib/thumb/v6-m/nofp\libc_nano.a(lib_a-memset.o)
 .ARM.attributes
                0x000000000000053c       0x1e c:/st/stm32cubeide_1.9.0/stm32cubeide/plugins/com.st.stm32cube.ide.mcu.externaltools.gnu-tools-for-stm32.10.3-2021.10.win32_1.0.0.202111181127/tools/bin/../lib/gcc/arm-none-eabi/10.3.1/thumb/v6-m/nofp\libgcc.a(_udivsi3.o)
 .ARM.attributes
                0x000000000000055a       0x1e c:/st/stm32cubeide_1.9.0/stm32cubeide/plugins/com.st.stm32cube.ide.mcu.externaltools.gnu-tools-for-stm32.10.3-2021.10.win32_1.0.0.202111181127/tools/bin/../lib/gcc/arm-none-eabi/10.3.1/thumb/v6-m/nofp\libgcc.a(_dvmd_tls.o)
 .ARM.attributes
                0x0000000000000578       0x1e c:/st/stm32cubeide_1.9.0/stm32cubeide/plugins/com.st.stm32cube.ide.mcu.externaltools.gnu-tools-for-stm32.10.3-2021.10.win32_1.0.0.202111181127/tools/bin/../lib/gcc/arm-none-eabi/10.3.1/thumb/v6-m/nofp\libgcc.a(_aeabi_uldivmod.o)
 .ARM.attributes
                0x0000000000000596       0x2c c:/st/stm32cubeide_1.9.0/stm32cubeide/plugins/com.st.stm32cube.ide.mcu.externaltools.gnu-tools-for-stm32.10.3-2021.10.win32_1.0.0.202111181127/tools/bin/../lib/gcc/arm-none-eabi/10.3.1/thumb/v6-m/nofp\libgcc.a(_muldi3.o)
 .ARM.attributes
                0x00000000000005c2       0x2c c:/st/stm32cubeide_1.9.0/stm32cubeide/plugins/com.st.stm32cube.ide.mcu.externaltools.gnu-tools-for-stm32.10.3-2021.10.win32_1.0.0.202111181127/tools/bin/../lib/gcc/arm-none-eabi/10.3.1/thumb/v6-m/nofp\libgcc.a(_udivmoddi4.o)
 .ARM.attributes
                0x00000000000005ee       0x1e c:/st/stm32cubeide_1.9.0/stm32cubeide/plugins/com.st.stm32cube.ide.mcu.externaltools.gnu-tools-for-stm32.10.3-2021.10.win32_1.0.0.202111181127/tools/bin/../lib/gcc/arm-none-eabi/10.3.1/thumb/v6-m/nofp\libgcc.a(_clzsi2.o)
 .ARM.attributes
                0x000000000000060c       0x1e c:/st/stm32cubeide_1.9.0/stm32cubeide/plugins/com.st.stm32cube.ide.mcu.externaltools.gnu-tools-for-stm32.10.3-2021.10.win32_1.0.0.202111181127/tools/bin/../lib/gcc/arm-none-eabi/10.3.1/thumb/v6-m/nofp\libgcc.a(_clzdi2.o)
 .ARM.attributes
                0x000000000000062a       0x1e c:/st/stm32cubeide_1.9.0/stm32cubeide/plugins/com.st.stm32cube.ide.mcu.externaltools.gnu-tools-for-stm32.10.3-2021.10.win32_1.0.0.202111181127/tools/bin/../lib/gcc/arm-none-eabi/10.3.1/thumb/v6-m/nofp/crtn.o
OUTPUT(Audio_interface.elf elf32-littlearm)
LOAD linker stubs
LOAD c:/st/stm32cubeide_1.9.0/stm32cubeide/plugins/com.st.stm32cube.ide.mcu.externaltools.gnu-tools-for-stm32.10.3-2021.10.win32_1.0.0.202111181127/tools/bin/../lib/gcc/arm-none-eabi/10.3.1/../../../../arm-none-eabi/lib/thumb/v6-m/nofp\libc.a
LOAD c:/st/stm32cubeide_1.9.0/stm32cubeide/plugins/com.st.stm32cube.ide.mcu.externaltools.gnu-tools-for-stm32.10.3-2021.10.win32_1.0.0.202111181127/tools/bin/../lib/gcc/arm-none-eabi/10.3.1/../../../../arm-none-eabi/lib/thumb/v6-m/nofp\libm.a
LOAD c:/st/stm32cubeide_1.9.0/stm32cubeide/plugins/com.st.stm32cube.ide.mcu.externaltools.gnu-tools-for-stm32.10.3-2021.10.win32_1.0.0.202111181127/tools/bin/../lib/gcc/arm-none-eabi/10.3.1/thumb/v6-m/nofp\libgcc.a

.debug_info     0x0000000000000000    0x118ca
 .debug_info    0x0000000000000000      0x6e4 ./Core/Src/ILI9341_GFX.o
 .debug_info    0x00000000000006e4      0xbc9 ./Core/Src/ILI9341_STM32_Driver.o
 .debug_info    0x00000000000012ad      0x972 ./Core/Src/adc.o
 .debug_info    0x0000000000001c1f      0x7e8 ./Core/Src/dac.o
 .debug_info    0x0000000000002407      0x166 ./Core/Src/fonts.o
 .debug_info    0x000000000000256d      0x3b9 ./Core/Src/gpio.o
 .debug_info    0x0000000000002926      0x9aa ./Core/Src/i2c.o
 .debug_info    0x00000000000032d0      0xb75 ./Core/Src/main.o
 .debug_info    0x0000000000003e45      0x90b ./Core/Src/spi.o
 .debug_info    0x0000000000004750      0x1e3 ./Core/Src/stm32l0xx_hal_msp.o
 .debug_info    0x0000000000004933      0x7e3 ./Core/Src/stm32l0xx_it.o
 .debug_info    0x0000000000005116      0x309 ./Core/Src/system_stm32l0xx.o
 .debug_info    0x000000000000541f      0x863 ./Core/Src/tim.o
 .debug_info    0x0000000000005c82       0x22 ./Core/Startup/startup_stm32l052k6tx.o
 .debug_info    0x0000000000005ca4      0x89e ./Drivers/STM32L0xx_HAL_Driver/Src/stm32l0xx_hal.o
 .debug_info    0x0000000000006542      0xd91 ./Drivers/STM32L0xx_HAL_Driver/Src/stm32l0xx_hal_adc.o
 .debug_info    0x00000000000072d3      0x8d4 ./Drivers/STM32L0xx_HAL_Driver/Src/stm32l0xx_hal_cortex.o
 .debug_info    0x0000000000007ba7      0x85d ./Drivers/STM32L0xx_HAL_Driver/Src/stm32l0xx_hal_dac.o
 .debug_info    0x0000000000008404      0x7f0 ./Drivers/STM32L0xx_HAL_Driver/Src/stm32l0xx_hal_dac_ex.o
 .debug_info    0x0000000000008bf4      0x6a2 ./Drivers/STM32L0xx_HAL_Driver/Src/stm32l0xx_hal_gpio.o
 .debug_info    0x0000000000009296     0x2273 ./Drivers/STM32L0xx_HAL_Driver/Src/stm32l0xx_hal_i2c.o
 .debug_info    0x000000000000b509      0x90d ./Drivers/STM32L0xx_HAL_Driver/Src/stm32l0xx_hal_i2c_ex.o
 .debug_info    0x000000000000be16      0xa31 ./Drivers/STM32L0xx_HAL_Driver/Src/stm32l0xx_hal_rcc.o
 .debug_info    0x000000000000c847      0x852 ./Drivers/STM32L0xx_HAL_Driver/Src/stm32l0xx_hal_rcc_ex.o
 .debug_info    0x000000000000d099     0x1714 ./Drivers/STM32L0xx_HAL_Driver/Src/stm32l0xx_hal_spi.o
 .debug_info    0x000000000000e7ad     0x2a26 ./Drivers/STM32L0xx_HAL_Driver/Src/stm32l0xx_hal_tim.o
 .debug_info    0x00000000000111d3      0x6f7 ./Drivers/STM32L0xx_HAL_Driver/Src/stm32l0xx_hal_tim_ex.o

.debug_abbrev   0x0000000000000000     0x3017
 .debug_abbrev  0x0000000000000000      0x10e ./Core/Src/ILI9341_GFX.o
 .debug_abbrev  0x000000000000010e      0x27f ./Core/Src/ILI9341_STM32_Driver.o
 .debug_abbrev  0x000000000000038d      0x1e6 ./Core/Src/adc.o
 .debug_abbrev  0x0000000000000573      0x1d5 ./Core/Src/dac.o
 .debug_abbrev  0x0000000000000748       0x8b ./Core/Src/fonts.o
 .debug_abbrev  0x00000000000007d3      0x146 ./Core/Src/gpio.o
 .debug_abbrev  0x0000000000000919      0x1f7 ./Core/Src/i2c.o
 .debug_abbrev  0x0000000000000b10      0x27a ./Core/Src/main.o
 .debug_abbrev  0x0000000000000d8a      0x1d5 ./Core/Src/spi.o
 .debug_abbrev  0x0000000000000f5f       0x9d ./Core/Src/stm32l0xx_hal_msp.o
 .debug_abbrev  0x0000000000000ffc      0x195 ./Core/Src/stm32l0xx_it.o
 .debug_abbrev  0x0000000000001191      0x116 ./Core/Src/system_stm32l0xx.o
 .debug_abbrev  0x00000000000012a7      0x1e8 ./Core/Src/tim.o
 .debug_abbrev  0x000000000000148f       0x12 ./Core/Startup/startup_stm32l052k6tx.o
 .debug_abbrev  0x00000000000014a1      0x29a ./Drivers/STM32L0xx_HAL_Driver/Src/stm32l0xx_hal.o
 .debug_abbrev  0x000000000000173b      0x234 ./Drivers/STM32L0xx_HAL_Driver/Src/stm32l0xx_hal_adc.o
 .debug_abbrev  0x000000000000196f      0x28e ./Drivers/STM32L0xx_HAL_Driver/Src/stm32l0xx_hal_cortex.o
 .debug_abbrev  0x0000000000001bfd      0x169 ./Drivers/STM32L0xx_HAL_Driver/Src/stm32l0xx_hal_dac.o
 .debug_abbrev  0x0000000000001d66      0x1ef ./Drivers/STM32L0xx_HAL_Driver/Src/stm32l0xx_hal_dac_ex.o
 .debug_abbrev  0x0000000000001f55      0x1bb ./Drivers/STM32L0xx_HAL_Driver/Src/stm32l0xx_hal_gpio.o
 .debug_abbrev  0x0000000000002110      0x25b ./Drivers/STM32L0xx_HAL_Driver/Src/stm32l0xx_hal_i2c.o
 .debug_abbrev  0x000000000000236b      0x1a7 ./Drivers/STM32L0xx_HAL_Driver/Src/stm32l0xx_hal_i2c_ex.o
 .debug_abbrev  0x0000000000002512      0x28e ./Drivers/STM32L0xx_HAL_Driver/Src/stm32l0xx_hal_rcc.o
 .debug_abbrev  0x00000000000027a0      0x20d ./Drivers/STM32L0xx_HAL_Driver/Src/stm32l0xx_hal_rcc_ex.o
 .debug_abbrev  0x00000000000029ad      0x26e ./Drivers/STM32L0xx_HAL_Driver/Src/stm32l0xx_hal_spi.o
 .debug_abbrev  0x0000000000002c1b      0x260 ./Drivers/STM32L0xx_HAL_Driver/Src/stm32l0xx_hal_tim.o
 .debug_abbrev  0x0000000000002e7b      0x19c ./Drivers/STM32L0xx_HAL_Driver/Src/stm32l0xx_hal_tim_ex.o

.debug_aranges  0x0000000000000000     0x1158
 .debug_aranges
                0x0000000000000000       0x58 ./Core/Src/ILI9341_GFX.o
 .debug_aranges
                0x0000000000000058       0xa8 ./Core/Src/ILI9341_STM32_Driver.o
 .debug_aranges
                0x0000000000000100       0x30 ./Core/Src/adc.o
 .debug_aranges
                0x0000000000000130       0x30 ./Core/Src/dac.o
 .debug_aranges
                0x0000000000000160       0x18 ./Core/Src/fonts.o
 .debug_aranges
                0x0000000000000178       0x20 ./Core/Src/gpio.o
 .debug_aranges
                0x0000000000000198       0x30 ./Core/Src/i2c.o
 .debug_aranges
                0x00000000000001c8       0x40 ./Core/Src/main.o
 .debug_aranges
                0x0000000000000208       0x30 ./Core/Src/spi.o
 .debug_aranges
                0x0000000000000238       0x20 ./Core/Src/stm32l0xx_hal_msp.o
 .debug_aranges
                0x0000000000000258       0x48 ./Core/Src/stm32l0xx_it.o
 .debug_aranges
                0x00000000000002a0       0x28 ./Core/Src/system_stm32l0xx.o
 .debug_aranges
                0x00000000000002c8       0x30 ./Core/Src/tim.o
 .debug_aranges
                0x00000000000002f8       0x28 ./Core/Startup/startup_stm32l052k6tx.o
 .debug_aranges
                0x0000000000000320      0x110 ./Drivers/STM32L0xx_HAL_Driver/Src/stm32l0xx_hal.o
 .debug_aranges
                0x0000000000000430      0x100 ./Drivers/STM32L0xx_HAL_Driver/Src/stm32l0xx_hal_adc.o
 .debug_aranges
                0x0000000000000530       0xd8 ./Drivers/STM32L0xx_HAL_Driver/Src/stm32l0xx_hal_cortex.o
 .debug_aranges
                0x0000000000000608       0xa8 ./Drivers/STM32L0xx_HAL_Driver/Src/stm32l0xx_hal_dac.o
 .debug_aranges
                0x00000000000006b0       0x70 ./Drivers/STM32L0xx_HAL_Driver/Src/stm32l0xx_hal_dac_ex.o
 .debug_aranges
                0x0000000000000720       0x58 ./Drivers/STM32L0xx_HAL_Driver/Src/stm32l0xx_hal_gpio.o
 .debug_aranges
                0x0000000000000778      0x2a0 ./Drivers/STM32L0xx_HAL_Driver/Src/stm32l0xx_hal_i2c.o
 .debug_aranges
                0x0000000000000a18       0x48 ./Drivers/STM32L0xx_HAL_Driver/Src/stm32l0xx_hal_i2c_ex.o
 .debug_aranges
                0x0000000000000a60       0x80 ./Drivers/STM32L0xx_HAL_Driver/Src/stm32l0xx_hal_rcc.o
 .debug_aranges
                0x0000000000000ae0       0xb0 ./Drivers/STM32L0xx_HAL_Driver/Src/stm32l0xx_hal_rcc_ex.o
 .debug_aranges
                0x0000000000000b90      0x1d0 ./Drivers/STM32L0xx_HAL_Driver/Src/stm32l0xx_hal_spi.o
 .debug_aranges
                0x0000000000000d60      0x3d0 ./Drivers/STM32L0xx_HAL_Driver/Src/stm32l0xx_hal_tim.o
 .debug_aranges
                0x0000000000001130       0x28 ./Drivers/STM32L0xx_HAL_Driver/Src/stm32l0xx_hal_tim_ex.o

.debug_ranges   0x0000000000000000      0xfa8
 .debug_ranges  0x0000000000000000       0x48 ./Core/Src/ILI9341_GFX.o
 .debug_ranges  0x0000000000000048       0x98 ./Core/Src/ILI9341_STM32_Driver.o
 .debug_ranges  0x00000000000000e0       0x20 ./Core/Src/adc.o
 .debug_ranges  0x0000000000000100       0x20 ./Core/Src/dac.o
 .debug_ranges  0x0000000000000120       0x10 ./Core/Src/gpio.o
 .debug_ranges  0x0000000000000130       0x20 ./Core/Src/i2c.o
 .debug_ranges  0x0000000000000150       0x30 ./Core/Src/main.o
 .debug_ranges  0x0000000000000180       0x20 ./Core/Src/spi.o
 .debug_ranges  0x00000000000001a0       0x10 ./Core/Src/stm32l0xx_hal_msp.o
 .debug_ranges  0x00000000000001b0       0x38 ./Core/Src/stm32l0xx_it.o
 .debug_ranges  0x00000000000001e8       0x18 ./Core/Src/system_stm32l0xx.o
 .debug_ranges  0x0000000000000200       0x20 ./Core/Src/tim.o
 .debug_ranges  0x0000000000000220       0x20 ./Core/Startup/startup_stm32l052k6tx.o
 .debug_ranges  0x0000000000000240      0x100 ./Drivers/STM32L0xx_HAL_Driver/Src/stm32l0xx_hal.o
 .debug_ranges  0x0000000000000340       0xf0 ./Drivers/STM32L0xx_HAL_Driver/Src/stm32l0xx_hal_adc.o
 .debug_ranges  0x0000000000000430       0xc8 ./Drivers/STM32L0xx_HAL_Driver/Src/stm32l0xx_hal_cortex.o
 .debug_ranges  0x00000000000004f8       0x98 ./Drivers/STM32L0xx_HAL_Driver/Src/stm32l0xx_hal_dac.o
 .debug_ranges  0x0000000000000590       0x60 ./Drivers/STM32L0xx_HAL_Driver/Src/stm32l0xx_hal_dac_ex.o
 .debug_ranges  0x00000000000005f0       0x48 ./Drivers/STM32L0xx_HAL_Driver/Src/stm32l0xx_hal_gpio.o
 .debug_ranges  0x0000000000000638      0x290 ./Drivers/STM32L0xx_HAL_Driver/Src/stm32l0xx_hal_i2c.o
 .debug_ranges  0x00000000000008c8       0x38 ./Drivers/STM32L0xx_HAL_Driver/Src/stm32l0xx_hal_i2c_ex.o
 .debug_ranges  0x0000000000000900       0x70 ./Drivers/STM32L0xx_HAL_Driver/Src/stm32l0xx_hal_rcc.o
 .debug_ranges  0x0000000000000970       0xa0 ./Drivers/STM32L0xx_HAL_Driver/Src/stm32l0xx_hal_rcc_ex.o
 .debug_ranges  0x0000000000000a10      0x1c0 ./Drivers/STM32L0xx_HAL_Driver/Src/stm32l0xx_hal_spi.o
 .debug_ranges  0x0000000000000bd0      0x3c0 ./Drivers/STM32L0xx_HAL_Driver/Src/stm32l0xx_hal_tim.o
 .debug_ranges  0x0000000000000f90       0x18 ./Drivers/STM32L0xx_HAL_Driver/Src/stm32l0xx_hal_tim_ex.o

.debug_macro    0x0000000000000000    0x16105
 .debug_macro   0x0000000000000000      0x22a ./Core/Src/ILI9341_GFX.o
 .debug_macro   0x000000000000022a      0xa4e ./Core/Src/ILI9341_GFX.o
 .debug_macro   0x0000000000000c78       0x28 ./Core/Src/ILI9341_GFX.o
 .debug_macro   0x0000000000000ca0       0x22 ./Core/Src/ILI9341_GFX.o
 .debug_macro   0x0000000000000cc2       0x8e ./Core/Src/ILI9341_GFX.o
 .debug_macro   0x0000000000000d50       0x51 ./Core/Src/ILI9341_GFX.o
 .debug_macro   0x0000000000000da1      0x103 ./Core/Src/ILI9341_GFX.o
 .debug_macro   0x0000000000000ea4       0x6a ./Core/Src/ILI9341_GFX.o
 .debug_macro   0x0000000000000f0e      0x1df ./Core/Src/ILI9341_GFX.o
 .debug_macro   0x00000000000010ed       0x1c ./Core/Src/ILI9341_GFX.o
 .debug_macro   0x0000000000001109       0x22 ./Core/Src/ILI9341_GFX.o
 .debug_macro   0x000000000000112b       0xaf ./Core/Src/ILI9341_GFX.o
 .debug_macro   0x00000000000011da      0x4da ./Core/Src/ILI9341_GFX.o
 .debug_macro   0x00000000000016b4      0x11f ./Core/Src/ILI9341_GFX.o
 .debug_macro   0x00000000000017d3     0x99da ./Core/Src/ILI9341_GFX.o
 .debug_macro   0x000000000000b1ad      0x131 ./Core/Src/ILI9341_GFX.o
 .debug_macro   0x000000000000b2de       0x2e ./Core/Src/ILI9341_GFX.o
 .debug_macro   0x000000000000b30c       0x66 ./Core/Src/ILI9341_GFX.o
 .debug_macro   0x000000000000b372     0x3590 ./Core/Src/ILI9341_GFX.o
 .debug_macro   0x000000000000e902      0x174 ./Core/Src/ILI9341_GFX.o
 .debug_macro   0x000000000000ea76       0x5c ./Core/Src/ILI9341_GFX.o
 .debug_macro   0x000000000000ead2      0x8d6 ./Core/Src/ILI9341_GFX.o
 .debug_macro   0x000000000000f3a8      0x970 ./Core/Src/ILI9341_GFX.o
 .debug_macro   0x000000000000fd18      0x190 ./Core/Src/ILI9341_GFX.o
 .debug_macro   0x000000000000fea8      0x13f ./Core/Src/ILI9341_GFX.o
 .debug_macro   0x000000000000ffe7      0x176 ./Core/Src/ILI9341_GFX.o
 .debug_macro   0x000000000001015d       0x82 ./Core/Src/ILI9341_GFX.o
 .debug_macro   0x00000000000101df      0x28e ./Core/Src/ILI9341_GFX.o
 .debug_macro   0x000000000001046d      0x1e9 ./Core/Src/ILI9341_GFX.o
 .debug_macro   0x0000000000010656      0x4e1 ./Core/Src/ILI9341_GFX.o
 .debug_macro   0x0000000000010b37       0x65 ./Core/Src/ILI9341_GFX.o
 .debug_macro   0x0000000000010b9c       0xf1 ./Core/Src/ILI9341_GFX.o
 .debug_macro   0x0000000000010c8d       0xa0 ./Core/Src/ILI9341_GFX.o
 .debug_macro   0x0000000000010d2d      0x128 ./Core/Src/ILI9341_GFX.o
 .debug_macro   0x0000000000010e55      0x2ab ./Core/Src/ILI9341_GFX.o
 .debug_macro   0x0000000000011100      0x22c ./Core/Src/ILI9341_GFX.o
 .debug_macro   0x000000000001132c       0x5b ./Core/Src/ILI9341_GFX.o
 .debug_macro   0x0000000000011387       0xa5 ./Core/Src/ILI9341_GFX.o
 .debug_macro   0x000000000001142c      0x180 ./Core/Src/ILI9341_GFX.o
 .debug_macro   0x00000000000115ac       0x16 ./Core/Src/ILI9341_GFX.o
 .debug_macro   0x00000000000115c2      0x22c ./Core/Src/ILI9341_GFX.o
 .debug_macro   0x00000000000117ee      0x788 ./Core/Src/ILI9341_GFX.o
 .debug_macro   0x0000000000011f76       0xcc ./Core/Src/ILI9341_GFX.o
 .debug_macro   0x0000000000012042      0x146 ./Core/Src/ILI9341_GFX.o
 .debug_macro   0x0000000000012188       0x64 ./Core/Src/ILI9341_GFX.o
 .debug_macro   0x00000000000121ec       0xca ./Core/Src/ILI9341_GFX.o
 .debug_macro   0x00000000000122b6       0x22 ./Core/Src/ILI9341_GFX.o
 .debug_macro   0x00000000000122d8       0x10 ./Core/Src/ILI9341_GFX.o
 .debug_macro   0x00000000000122e8      0x20e ./Core/Src/ILI9341_STM32_Driver.o
 .debug_macro   0x00000000000124f6      0x205 ./Core/Src/adc.o
 .debug_macro   0x00000000000126fb      0x205 ./Core/Src/dac.o
 .debug_macro   0x0000000000012900       0x72 ./Core/Src/fonts.o
 .debug_macro   0x0000000000012972       0x1c ./Core/Src/fonts.o
 .debug_macro   0x000000000001298e      0x205 ./Core/Src/gpio.o
 .debug_macro   0x0000000000012b93      0x205 ./Core/Src/i2c.o
 .debug_macro   0x0000000000012d98      0x3c3 ./Core/Src/main.o
 .debug_macro   0x000000000001315b       0x52 ./Core/Src/main.o
 .debug_macro   0x00000000000131ad       0x18 ./Core/Src/main.o
 .debug_macro   0x00000000000131c5       0x3c ./Core/Src/main.o
 .debug_macro   0x0000000000013201       0x34 ./Core/Src/main.o
 .debug_macro   0x0000000000013235       0x16 ./Core/Src/main.o
 .debug_macro   0x000000000001324b       0x35 ./Core/Src/main.o
 .debug_macro   0x0000000000013280      0x341 ./Core/Src/main.o
 .debug_macro   0x00000000000135c1       0x10 ./Core/Src/main.o
 .debug_macro   0x00000000000135d1       0x16 ./Core/Src/main.o
 .debug_macro   0x00000000000135e7       0x43 ./Core/Src/main.o
 .debug_macro   0x000000000001362a       0x34 ./Core/Src/main.o
 .debug_macro   0x000000000001365e       0x10 ./Core/Src/main.o
 .debug_macro   0x000000000001366e       0x58 ./Core/Src/main.o
 .debug_macro   0x00000000000136c6       0x71 ./Core/Src/main.o
 .debug_macro   0x0000000000013737       0x1c ./Core/Src/main.o
 .debug_macro   0x0000000000013753      0x12a ./Core/Src/main.o
 .debug_macro   0x000000000001387d       0x10 ./Core/Src/main.o
 .debug_macro   0x000000000001388d       0x1c ./Core/Src/main.o
 .debug_macro   0x00000000000138a9       0x52 ./Core/Src/main.o
 .debug_macro   0x00000000000138fb       0x22 ./Core/Src/main.o
 .debug_macro   0x000000000001391d       0x10 ./Core/Src/main.o
 .debug_macro   0x000000000001392d       0x52 ./Core/Src/main.o
 .debug_macro   0x000000000001397f       0xd5 ./Core/Src/main.o
 .debug_macro   0x0000000000013a54       0x1c ./Core/Src/main.o
 .debug_macro   0x0000000000013a70       0x3d ./Core/Src/main.o
 .debug_macro   0x0000000000013aad       0x16 ./Core/Src/main.o
 .debug_macro   0x0000000000013ac3      0x145 ./Core/Src/main.o
 .debug_macro   0x0000000000013c08       0xd0 ./Core/Src/main.o
 .debug_macro   0x0000000000013cd8      0x205 ./Core/Src/spi.o
 .debug_macro   0x0000000000013edd      0x1fb ./Core/Src/stm32l0xx_hal_msp.o
 .debug_macro   0x00000000000140d8      0x205 ./Core/Src/stm32l0xx_it.o
 .debug_macro   0x00000000000142dd      0x1ec ./Core/Src/system_stm32l0xx.o
 .debug_macro   0x00000000000144c9      0x205 ./Core/Src/tim.o
 .debug_macro   0x00000000000146ce      0x210 ./Drivers/STM32L0xx_HAL_Driver/Src/stm32l0xx_hal.o
 .debug_macro   0x00000000000148de      0x1fb ./Drivers/STM32L0xx_HAL_Driver/Src/stm32l0xx_hal_adc.o
 .debug_macro   0x0000000000014ad9      0x1ec ./Drivers/STM32L0xx_HAL_Driver/Src/stm32l0xx_hal_cortex.o
 .debug_macro   0x0000000000014cc5      0x1ed ./Drivers/STM32L0xx_HAL_Driver/Src/stm32l0xx_hal_dac.o
 .debug_macro   0x0000000000014eb2      0x1ec ./Drivers/STM32L0xx_HAL_Driver/Src/stm32l0xx_hal_dac_ex.o
 .debug_macro   0x000000000001509e      0x1f3 ./Drivers/STM32L0xx_HAL_Driver/Src/stm32l0xx_hal_gpio.o
 .debug_macro   0x0000000000015291      0x2b8 ./Drivers/STM32L0xx_HAL_Driver/Src/stm32l0xx_hal_i2c.o
 .debug_macro   0x0000000000015549      0x1ec ./Drivers/STM32L0xx_HAL_Driver/Src/stm32l0xx_hal_i2c_ex.o
 .debug_macro   0x0000000000015735      0x210 ./Drivers/STM32L0xx_HAL_Driver/Src/stm32l0xx_hal_rcc.o
 .debug_macro   0x0000000000015945      0x1ec ./Drivers/STM32L0xx_HAL_Driver/Src/stm32l0xx_hal_rcc_ex.o
 .debug_macro   0x0000000000015b31      0x1fb ./Drivers/STM32L0xx_HAL_Driver/Src/stm32l0xx_hal_spi.o
 .debug_macro   0x0000000000015d2c      0x1ed ./Drivers/STM32L0xx_HAL_Driver/Src/stm32l0xx_hal_tim.o
 .debug_macro   0x0000000000015f19      0x1ec ./Drivers/STM32L0xx_HAL_Driver/Src/stm32l0xx_hal_tim_ex.o

.debug_line     0x0000000000000000    0x15fbc
 .debug_line    0x0000000000000000      0xa90 ./Core/Src/ILI9341_GFX.o
 .debug_line    0x0000000000000a90      0xaf8 ./Core/Src/ILI9341_STM32_Driver.o
 .debug_line    0x0000000000001588      0x7e1 ./Core/Src/adc.o
 .debug_line    0x0000000000001d69      0x791 ./Core/Src/dac.o
 .debug_line    0x00000000000024fa      0x37b ./Core/Src/fonts.o
 .debug_line    0x0000000000002875      0x741 ./Core/Src/gpio.o
 .debug_line    0x0000000000002fb6      0x7b0 ./Core/Src/i2c.o
 .debug_line    0x0000000000003766      0xa64 ./Core/Src/main.o
 .debug_line    0x00000000000041ca      0x7a5 ./Core/Src/spi.o
 .debug_line    0x000000000000496f      0x733 ./Core/Src/stm32l0xx_hal_msp.o
 .debug_line    0x00000000000050a2      0x7b1 ./Core/Src/stm32l0xx_it.o
 .debug_line    0x0000000000005853      0x7e4 ./Core/Src/system_stm32l0xx.o
 .debug_line    0x0000000000006037      0x78d ./Core/Src/tim.o
 .debug_line    0x00000000000067c4       0x89 ./Core/Startup/startup_stm32l052k6tx.o
 .debug_line    0x000000000000684d      0xa87 ./Drivers/STM32L0xx_HAL_Driver/Src/stm32l0xx_hal.o
 .debug_line    0x00000000000072d4     0x119e ./Drivers/STM32L0xx_HAL_Driver/Src/stm32l0xx_hal_adc.o
 .debug_line    0x0000000000008472      0xb65 ./Drivers/STM32L0xx_HAL_Driver/Src/stm32l0xx_hal_cortex.o
 .debug_line    0x0000000000008fd7      0x983 ./Drivers/STM32L0xx_HAL_Driver/Src/stm32l0xx_hal_dac.o
 .debug_line    0x000000000000995a      0x9c0 ./Drivers/STM32L0xx_HAL_Driver/Src/stm32l0xx_hal_dac_ex.o
 .debug_line    0x000000000000a31a      0xb15 ./Drivers/STM32L0xx_HAL_Driver/Src/stm32l0xx_hal_gpio.o
 .debug_line    0x000000000000ae2f     0x37ba ./Drivers/STM32L0xx_HAL_Driver/Src/stm32l0xx_hal_i2c.o
 .debug_line    0x000000000000e5e9      0x951 ./Drivers/STM32L0xx_HAL_Driver/Src/stm32l0xx_hal_i2c_ex.o
 .debug_line    0x000000000000ef3a      0xf02 ./Drivers/STM32L0xx_HAL_Driver/Src/stm32l0xx_hal_rcc.o
 .debug_line    0x000000000000fe3c      0xd8f ./Drivers/STM32L0xx_HAL_Driver/Src/stm32l0xx_hal_rcc_ex.o
 .debug_line    0x0000000000010bcb     0x1cad ./Drivers/STM32L0xx_HAL_Driver/Src/stm32l0xx_hal_spi.o
 .debug_line    0x0000000000012878     0x2f43 ./Drivers/STM32L0xx_HAL_Driver/Src/stm32l0xx_hal_tim.o
 .debug_line    0x00000000000157bb      0x801 ./Drivers/STM32L0xx_HAL_Driver/Src/stm32l0xx_hal_tim_ex.o

.debug_str      0x0000000000000000    0x8142f
 .debug_str     0x0000000000000000    0x78ba3 ./Core/Src/ILI9341_GFX.o
                                      0x78ea5 (size before relaxing)
 .debug_str     0x0000000000078ba3      0x5ad ./Core/Src/ILI9341_STM32_Driver.o
                                      0x79284 (size before relaxing)
 .debug_str     0x0000000000079150      0x377 ./Core/Src/adc.o
                                      0x78f6d (size before relaxing)
 .debug_str     0x00000000000794c7      0x183 ./Core/Src/dac.o
                                      0x78e51 (size before relaxing)
 .debug_str     0x000000000007964a       0x14 ./Core/Src/fonts.o
                                       0x3bb1 (size before relaxing)
 .debug_str     0x000000000007965e       0x2c ./Core/Src/gpio.o
                                      0x78b08 (size before relaxing)
 .debug_str     0x000000000007968a      0x2d6 ./Core/Src/i2c.o
                                      0x79037 (size before relaxing)
 .debug_str     0x0000000000079960     0x4401 ./Core/Src/main.o
                                      0x7d431 (size before relaxing)
 .debug_str     0x000000000007dd61       0x4b ./Core/Src/spi.o
                                      0x78f27 (size before relaxing)
 .debug_str     0x000000000007ddac       0x2c ./Core/Src/stm32l0xx_hal_msp.o
                                      0x78a36 (size before relaxing)
 .debug_str     0x000000000007ddd8       0xae ./Core/Src/stm32l0xx_it.o
                                      0x78fc2 (size before relaxing)
 .debug_str     0x000000000007de86       0x89 ./Core/Src/system_stm32l0xx.o
                                      0x78957 (size before relaxing)
 .debug_str     0x000000000007df0f       0xcf ./Core/Src/tim.o
                                      0x78fea (size before relaxing)
 .debug_str     0x000000000007dfde       0x36 ./Core/Startup/startup_stm32l052k6tx.o
                                         0x5d (size before relaxing)
 .debug_str     0x000000000007e014      0x463 ./Drivers/STM32L0xx_HAL_Driver/Src/stm32l0xx_hal.o
                                      0x79046 (size before relaxing)
 .debug_str     0x000000000007e477      0x34a ./Drivers/STM32L0xx_HAL_Driver/Src/stm32l0xx_hal_adc.o
                                      0x79043 (size before relaxing)
 .debug_str     0x000000000007e7c1      0x26d ./Drivers/STM32L0xx_HAL_Driver/Src/stm32l0xx_hal_cortex.o
                                      0x78daa (size before relaxing)
 .debug_str     0x000000000007ea2e      0x14d ./Drivers/STM32L0xx_HAL_Driver/Src/stm32l0xx_hal_dac.o
                                      0x78d11 (size before relaxing)
 .debug_str     0x000000000007eb7b       0xc4 ./Drivers/STM32L0xx_HAL_Driver/Src/stm32l0xx_hal_dac_ex.o
                                      0x78d00 (size before relaxing)
 .debug_str     0x000000000007ec3f       0xfe ./Drivers/STM32L0xx_HAL_Driver/Src/stm32l0xx_hal_gpio.o
                                      0x78af7 (size before relaxing)
 .debug_str     0x000000000007ed3d      0xdc3 ./Drivers/STM32L0xx_HAL_Driver/Src/stm32l0xx_hal_i2c.o
                                      0x79c65 (size before relaxing)
 .debug_str     0x000000000007fb00       0xb8 ./Drivers/STM32L0xx_HAL_Driver/Src/stm32l0xx_hal_i2c_ex.o
                                      0x78ee5 (size before relaxing)
 .debug_str     0x000000000007fbb8      0x253 ./Drivers/STM32L0xx_HAL_Driver/Src/stm32l0xx_hal_rcc.o
                                      0x78e3b (size before relaxing)
 .debug_str     0x000000000007fe0b      0x326 ./Drivers/STM32L0xx_HAL_Driver/Src/stm32l0xx_hal_rcc_ex.o
                                      0x78e35 (size before relaxing)
 .debug_str     0x0000000000080131      0x523 ./Drivers/STM32L0xx_HAL_Driver/Src/stm32l0xx_hal_spi.o
                                      0x79254 (size before relaxing)
 .debug_str     0x0000000000080654      0xd84 ./Drivers/STM32L0xx_HAL_Driver/Src/stm32l0xx_hal_tim.o
                                      0x79c1f (size before relaxing)
 .debug_str     0x00000000000813d8       0x57 ./Drivers/STM32L0xx_HAL_Driver/Src/stm32l0xx_hal_tim_ex.o
                                      0x78dd4 (size before relaxing)

.comment        0x0000000000000000       0x50
 .comment       0x0000000000000000       0x50 ./Core/Src/ILI9341_GFX.o
                                         0x51 (size before relaxing)
 .comment       0x0000000000000050       0x51 ./Core/Src/ILI9341_STM32_Driver.o
 .comment       0x0000000000000050       0x51 ./Core/Src/adc.o
 .comment       0x0000000000000050       0x51 ./Core/Src/dac.o
 .comment       0x0000000000000050       0x51 ./Core/Src/fonts.o
 .comment       0x0000000000000050       0x51 ./Core/Src/gpio.o
 .comment       0x0000000000000050       0x51 ./Core/Src/i2c.o
 .comment       0x0000000000000050       0x51 ./Core/Src/main.o
 .comment       0x0000000000000050       0x51 ./Core/Src/spi.o
 .comment       0x0000000000000050       0x51 ./Core/Src/stm32l0xx_hal_msp.o
 .comment       0x0000000000000050       0x51 ./Core/Src/stm32l0xx_it.o
 .comment       0x0000000000000050       0x51 ./Core/Src/system_stm32l0xx.o
 .comment       0x0000000000000050       0x51 ./Core/Src/tim.o
 .comment       0x0000000000000050       0x51 ./Drivers/STM32L0xx_HAL_Driver/Src/stm32l0xx_hal.o
 .comment       0x0000000000000050       0x51 ./Drivers/STM32L0xx_HAL_Driver/Src/stm32l0xx_hal_adc.o
 .comment       0x0000000000000050       0x51 ./Drivers/STM32L0xx_HAL_Driver/Src/stm32l0xx_hal_cortex.o
 .comment       0x0000000000000050       0x51 ./Drivers/STM32L0xx_HAL_Driver/Src/stm32l0xx_hal_dac.o
 .comment       0x0000000000000050       0x51 ./Drivers/STM32L0xx_HAL_Driver/Src/stm32l0xx_hal_dac_ex.o
 .comment       0x0000000000000050       0x51 ./Drivers/STM32L0xx_HAL_Driver/Src/stm32l0xx_hal_gpio.o
 .comment       0x0000000000000050       0x51 ./Drivers/STM32L0xx_HAL_Driver/Src/stm32l0xx_hal_i2c.o
 .comment       0x0000000000000050       0x51 ./Drivers/STM32L0xx_HAL_Driver/Src/stm32l0xx_hal_i2c_ex.o
 .comment       0x0000000000000050       0x51 ./Drivers/STM32L0xx_HAL_Driver/Src/stm32l0xx_hal_rcc.o
 .comment       0x0000000000000050       0x51 ./Drivers/STM32L0xx_HAL_Driver/Src/stm32l0xx_hal_rcc_ex.o
 .comment       0x0000000000000050       0x51 ./Drivers/STM32L0xx_HAL_Driver/Src/stm32l0xx_hal_spi.o
 .comment       0x0000000000000050       0x51 ./Drivers/STM32L0xx_HAL_Driver/Src/stm32l0xx_hal_tim.o
 .comment       0x0000000000000050       0x51 ./Drivers/STM32L0xx_HAL_Driver/Src/stm32l0xx_hal_tim_ex.o

.debug_frame    0x0000000000000000     0x3d0c
 .debug_frame   0x0000000000000000      0x124 ./Core/Src/ILI9341_GFX.o
 .debug_frame   0x0000000000000124      0x260 ./Core/Src/ILI9341_STM32_Driver.o
 .debug_frame   0x0000000000000384       0x70 ./Core/Src/adc.o
 .debug_frame   0x00000000000003f4       0x70 ./Core/Src/dac.o
 .debug_frame   0x0000000000000464       0x30 ./Core/Src/gpio.o
 .debug_frame   0x0000000000000494       0x6c ./Core/Src/i2c.o
 .debug_frame   0x0000000000000500       0xa8 ./Core/Src/main.o
 .debug_frame   0x00000000000005a8       0x6c ./Core/Src/spi.o
 .debug_frame   0x0000000000000614       0x2c ./Core/Src/stm32l0xx_hal_msp.o
 .debug_frame   0x0000000000000640       0xb8 ./Core/Src/stm32l0xx_it.o
 .debug_frame   0x00000000000006f8       0x4c ./Core/Src/system_stm32l0xx.o
 .debug_frame   0x0000000000000744       0x70 ./Core/Src/tim.o
 .debug_frame   0x00000000000007b4      0x394 ./Drivers/STM32L0xx_HAL_Driver/Src/stm32l0xx_hal.o
 .debug_frame   0x0000000000000b48      0x3c0 ./Drivers/STM32L0xx_HAL_Driver/Src/stm32l0xx_hal_adc.o
 .debug_frame   0x0000000000000f08      0x2fc ./Drivers/STM32L0xx_HAL_Driver/Src/stm32l0xx_hal_cortex.o
 .debug_frame   0x0000000000001204      0x250 ./Drivers/STM32L0xx_HAL_Driver/Src/stm32l0xx_hal_dac.o
 .debug_frame   0x0000000000001454      0x174 ./Drivers/STM32L0xx_HAL_Driver/Src/stm32l0xx_hal_dac_ex.o
 .debug_frame   0x00000000000015c8      0x110 ./Drivers/STM32L0xx_HAL_Driver/Src/stm32l0xx_hal_gpio.o
 .debug_frame   0x00000000000016d8      0xa64 ./Drivers/STM32L0xx_HAL_Driver/Src/stm32l0xx_hal_i2c.o
 .debug_frame   0x000000000000213c       0xd0 ./Drivers/STM32L0xx_HAL_Driver/Src/stm32l0xx_hal_i2c_ex.o
 .debug_frame   0x000000000000220c      0x1a8 ./Drivers/STM32L0xx_HAL_Driver/Src/stm32l0xx_hal_rcc.o
 .debug_frame   0x00000000000023b4      0x244 ./Drivers/STM32L0xx_HAL_Driver/Src/stm32l0xx_hal_rcc_ex.o
 .debug_frame   0x00000000000025f8      0x6f0 ./Drivers/STM32L0xx_HAL_Driver/Src/stm32l0xx_hal_spi.o
 .debug_frame   0x0000000000002ce8      0xef8 ./Drivers/STM32L0xx_HAL_Driver/Src/stm32l0xx_hal_tim.o
 .debug_frame   0x0000000000003be0       0x50 ./Drivers/STM32L0xx_HAL_Driver/Src/stm32l0xx_hal_tim_ex.o
 .debug_frame   0x0000000000003c30       0x2c c:/st/stm32cubeide_1.9.0/stm32cubeide/plugins/com.st.stm32cube.ide.mcu.externaltools.gnu-tools-for-stm32.10.3-2021.10.win32_1.0.0.202111181127/tools/bin/../lib/gcc/arm-none-eabi/10.3.1/../../../../arm-none-eabi/lib/thumb/v6-m/nofp\libc_nano.a(lib_a-init.o)
 .debug_frame   0x0000000000003c5c       0x20 c:/st/stm32cubeide_1.9.0/stm32cubeide/plugins/com.st.stm32cube.ide.mcu.externaltools.gnu-tools-for-stm32.10.3-2021.10.win32_1.0.0.202111181127/tools/bin/../lib/gcc/arm-none-eabi/10.3.1/../../../../arm-none-eabi/lib/thumb/v6-m/nofp\libc_nano.a(lib_a-memset.o)
 .debug_frame   0x0000000000003c7c       0x20 c:/st/stm32cubeide_1.9.0/stm32cubeide/plugins/com.st.stm32cube.ide.mcu.externaltools.gnu-tools-for-stm32.10.3-2021.10.win32_1.0.0.202111181127/tools/bin/../lib/gcc/arm-none-eabi/10.3.1/thumb/v6-m/nofp\libgcc.a(_udivsi3.o)
 .debug_frame   0x0000000000003c9c       0x34 c:/st/stm32cubeide_1.9.0/stm32cubeide/plugins/com.st.stm32cube.ide.mcu.externaltools.gnu-tools-for-stm32.10.3-2021.10.win32_1.0.0.202111181127/tools/bin/../lib/gcc/arm-none-eabi/10.3.1/thumb/v6-m/nofp\libgcc.a(_muldi3.o)
 .debug_frame   0x0000000000003cd0       0x3c c:/st/stm32cubeide_1.9.0/stm32cubeide/plugins/com.st.stm32cube.ide.mcu.externaltools.gnu-tools-for-stm32.10.3-2021.10.win32_1.0.0.202111181127/tools/bin/../lib/gcc/arm-none-eabi/10.3.1/thumb/v6-m/nofp\libgcc.a(_udivmoddi4.o)
