../Core/Src/main.c:180:6:BUZ.part.0	8	static
../Core/Src/main.c:180:6:BUZ	8	static
../Core/Src/main.c:185:6:nextion_inst_set	24	static
../Core/Src/main.c:191:6:get_touch	24	static
../Core/Src/main.c:207:6:get_slide	16	static
../Core/Src/main.c:227:9:area_check	8	static
../Core/Src/main.c:236:14:day_cal	32	static
../Core/Src/main.c:262:9:equal_time_check	8	static
../Core/Src/main.c:273:6:basic_screen	104	static
../Core/Src/main.c:433:6:task_fuc	96	static
../Core/Src/main.c:722:6:SystemClock_Config	120	static,ignoring_inline_asm
../Core/Src/main.c:650:5:main	64	static,ignoring_inline_asm
../Core/Src/main.c:946:6:Error_Handler	0	static,ignoring_inline_asm
