../Core/Src/main.c:192:5:weight_compare	8	static
../Core/Src/main.c:203:5:color_compare	8	static
../Core/Src/main.c:184:6:BUZ	8	static
../Core/Src/main.c:216:6:nextion_inst_set	24	static
../Core/Src/main.c:222:6:get_touch	24	static
../Core/Src/main.c:237:15:get_slide	24	static
../Core/Src/main.c:264:9:area_check	8	static
../Core/Src/main.c:273:6:main_dis	40	static
../Core/Src/main.c:304:6:kg_draw	24	static
../Core/Src/main.c:311:6:button_draw	32	static
../Core/Src/main.c:332:6:button_check	12	static
../Core/Src/main.c:342:6:laundry_display	32	static
../Core/Src/main.c:349:6:add_laundry_dis	32	static
../Core/Src/main.c:382:6:wash_dis	32	static
../Core/Src/main.c:406:6:task_fuc	64	static
../Core/Src/main.c:586:6:HAL_SYSTICK_Callback	8	static
../Core/Src/main.c:683:6:SystemClock_Config	120	static,ignoring_inline_asm
../Core/Src/main.c:607:5:main	80	static,ignoring_inline_asm
../Core/Src/main.c:907:6:Error_Handler	0	static,ignoring_inline_asm
