Archive member included to satisfy reference by file (symbol)

c:/st/stm32cubeide_1.9.0/stm32cubeide/plugins/com.st.stm32cube.ide.mcu.externaltools.gnu-tools-for-stm32.10.3-2021.10.win32_1.0.0.202111181127/tools/bin/../lib/gcc/arm-none-eabi/10.3.1/../../../../arm-none-eabi/lib/thumb/v6-m/nofp\libc_nano.a(lib_a-errno.o)
                              ./Core/Src/syscalls.o (__errno)
c:/st/stm32cubeide_1.9.0/stm32cubeide/plugins/com.st.stm32cube.ide.mcu.externaltools.gnu-tools-for-stm32.10.3-2021.10.win32_1.0.0.202111181127/tools/bin/../lib/gcc/arm-none-eabi/10.3.1/../../../../arm-none-eabi/lib/thumb/v6-m/nofp\libc_nano.a(lib_a-exit.o)
                              c:/st/stm32cubeide_1.9.0/stm32cubeide/plugins/com.st.stm32cube.ide.mcu.externaltools.gnu-tools-for-stm32.10.3-2021.10.win32_1.0.0.202111181127/tools/bin/../lib/gcc/arm-none-eabi/10.3.1/../../../../arm-none-eabi/lib/thumb/v6-m/nofp/crt0.o (exit)
c:/st/stm32cubeide_1.9.0/stm32cubeide/plugins/com.st.stm32cube.ide.mcu.externaltools.gnu-tools-for-stm32.10.3-2021.10.win32_1.0.0.202111181127/tools/bin/../lib/gcc/arm-none-eabi/10.3.1/../../../../arm-none-eabi/lib/thumb/v6-m/nofp\libc_nano.a(lib_a-impure.o)
                              c:/st/stm32cubeide_1.9.0/stm32cubeide/plugins/com.st.stm32cube.ide.mcu.externaltools.gnu-tools-for-stm32.10.3-2021.10.win32_1.0.0.202111181127/tools/bin/../lib/gcc/arm-none-eabi/10.3.1/../../../../arm-none-eabi/lib/thumb/v6-m/nofp\libc_nano.a(lib_a-exit.o) (_global_impure_ptr)
c:/st/stm32cubeide_1.9.0/stm32cubeide/plugins/com.st.stm32cube.ide.mcu.externaltools.gnu-tools-for-stm32.10.3-2021.10.win32_1.0.0.202111181127/tools/bin/../lib/gcc/arm-none-eabi/10.3.1/../../../../arm-none-eabi/lib/thumb/v6-m/nofp\libc_nano.a(lib_a-init.o)
                              c:/st/stm32cubeide_1.9.0/stm32cubeide/plugins/com.st.stm32cube.ide.mcu.externaltools.gnu-tools-for-stm32.10.3-2021.10.win32_1.0.0.202111181127/tools/bin/../lib/gcc/arm-none-eabi/10.3.1/../../../../arm-none-eabi/lib/thumb/v6-m/nofp/crt0.o (__libc_init_array)
c:/st/stm32cubeide_1.9.0/stm32cubeide/plugins/com.st.stm32cube.ide.mcu.externaltools.gnu-tools-for-stm32.10.3-2021.10.win32_1.0.0.202111181127/tools/bin/../lib/gcc/arm-none-eabi/10.3.1/../../../../arm-none-eabi/lib/thumb/v6-m/nofp\libc_nano.a(lib_a-memset.o)
                              c:/st/stm32cubeide_1.9.0/stm32cubeide/plugins/com.st.stm32cube.ide.mcu.externaltools.gnu-tools-for-stm32.10.3-2021.10.win32_1.0.0.202111181127/tools/bin/../lib/gcc/arm-none-eabi/10.3.1/../../../../arm-none-eabi/lib/thumb/v6-m/nofp/crt0.o (memset)
c:/st/stm32cubeide_1.9.0/stm32cubeide/plugins/com.st.stm32cube.ide.mcu.externaltools.gnu-tools-for-stm32.10.3-2021.10.win32_1.0.0.202111181127/tools/bin/../lib/gcc/arm-none-eabi/10.3.1/thumb/v6-m/nofp\libgcc.a(_thumb1_case_uqi.o)
                              ./Drivers/STM32L0xx_HAL_Driver/Src/stm32l0xx_hal_dma.o (__gnu_thumb1_case_uqi)
c:/st/stm32cubeide_1.9.0/stm32cubeide/plugins/com.st.stm32cube.ide.mcu.externaltools.gnu-tools-for-stm32.10.3-2021.10.win32_1.0.0.202111181127/tools/bin/../lib/gcc/arm-none-eabi/10.3.1/thumb/v6-m/nofp\libgcc.a(_thumb1_case_shi.o)
                              ./Drivers/STM32L0xx_HAL_Driver/Src/stm32l0xx_hal_uart.o (__gnu_thumb1_case_shi)
c:/st/stm32cubeide_1.9.0/stm32cubeide/plugins/com.st.stm32cube.ide.mcu.externaltools.gnu-tools-for-stm32.10.3-2021.10.win32_1.0.0.202111181127/tools/bin/../lib/gcc/arm-none-eabi/10.3.1/thumb/v6-m/nofp\libgcc.a(_udivsi3.o)
                              ./Core/Src/ILI9341_GFX.o (__aeabi_uidiv)
c:/st/stm32cubeide_1.9.0/stm32cubeide/plugins/com.st.stm32cube.ide.mcu.externaltools.gnu-tools-for-stm32.10.3-2021.10.win32_1.0.0.202111181127/tools/bin/../lib/gcc/arm-none-eabi/10.3.1/thumb/v6-m/nofp\libgcc.a(_divsi3.o)
                              ./Core/Src/system_stm32l0xx.o (__aeabi_idiv)
c:/st/stm32cubeide_1.9.0/stm32cubeide/plugins/com.st.stm32cube.ide.mcu.externaltools.gnu-tools-for-stm32.10.3-2021.10.win32_1.0.0.202111181127/tools/bin/../lib/gcc/arm-none-eabi/10.3.1/thumb/v6-m/nofp\libgcc.a(_dvmd_tls.o)
                              c:/st/stm32cubeide_1.9.0/stm32cubeide/plugins/com.st.stm32cube.ide.mcu.externaltools.gnu-tools-for-stm32.10.3-2021.10.win32_1.0.0.202111181127/tools/bin/../lib/gcc/arm-none-eabi/10.3.1/thumb/v6-m/nofp\libgcc.a(_udivsi3.o) (__aeabi_idiv0)
c:/st/stm32cubeide_1.9.0/stm32cubeide/plugins/com.st.stm32cube.ide.mcu.externaltools.gnu-tools-for-stm32.10.3-2021.10.win32_1.0.0.202111181127/tools/bin/../lib/gcc/arm-none-eabi/10.3.1/thumb/v6-m/nofp\libgcc.a(_arm_cmpsf2.o)
                              ./Core/Src/ILI9341_GFX.o (__aeabi_fcmplt)
c:/st/stm32cubeide_1.9.0/stm32cubeide/plugins/com.st.stm32cube.ide.mcu.externaltools.gnu-tools-for-stm32.10.3-2021.10.win32_1.0.0.202111181127/tools/bin/../lib/gcc/arm-none-eabi/10.3.1/thumb/v6-m/nofp\libgcc.a(_aeabi_ldivmod.o)
                              ./Drivers/STM32L0xx_HAL_Driver/Src/stm32l0xx_hal_rcc.o (__aeabi_ldivmod)
[...]
Memory Configuration

Name             Origin             Length             Attributes
RAM              0x0000000020000000 0x0000000000002000 xrw
FLASH            0x0000000008000000 0x0000000000010000 xr
*default*        0x0000000000000000 0xffffffffffffffff

Linker script and memory map

LOAD c:/st/stm32cubeide_1.9.0/stm32cubeide/plugins/com.st.stm32cube.ide.mcu.externaltools.gnu-tools-for-stm32.10.3-2021.10.win32_1.0.0.202111181127/tools/bin/../lib/gcc/arm-none-eabi/10.3.1/thumb/v6-m/nofp/crti.o
LOAD c:/st/stm32cubeide_1.9.0/stm32cubeide/plugins/com.st.stm32cube.ide.mcu.externaltools.gnu-tools-for-stm32.10.3-2021.10.win32_1.0.0.202111181127/tools/bin/../lib/gcc/arm-none-eabi/10.3.1/thumb/v6-m/nofp/crtbegin.o
LOAD c:/st/stm32cubeide_1.9.0/stm32cubeide/plugins/com.st.stm32cube.ide.mcu.externaltools.gnu-tools-for-stm32.10.3-2021.10.win32_1.0.0.202111181127/tools/bin/../lib/gcc/arm-none-eabi/10.3.1/../../../../arm-none-eabi/lib/thumb/v6-m/nofp/crt0.o
LOAD ./Core/Src/ILI9341_GFX.o
LOAD ./Core/Src/ILI9341_STM32_Driver.o
LOAD ./Core/Src/fonts.o
LOAD ./Core/Src/main.o
LOAD ./Core/Src/stm32l0xx_hal_msp.o
LOAD ./Core/Src/stm32l0xx_it.o
LOAD ./Core/Src/syscalls.o
LOAD ./Core/Src/sysmem.o
LOAD ./Core/Src/system_stm32l0xx.o
LOAD ./Core/Startup/startup_stm32l052k8tx.o
LOAD ./Drivers/STM32L0xx_HAL_Driver/Src/stm32l0xx_hal.o
LOAD ./Drivers/STM32L0xx_HAL_Driver/Src/stm32l0xx_hal_cortex.o
LOAD ./Drivers/STM32L0xx_HAL_Driver/Src/stm32l0xx_hal_dma.o
LOAD ./Drivers/STM32L0xx_HAL_Driver/Src/stm32l0xx_hal_exti.o
LOAD ./Drivers/STM32L0xx_HAL_Driver/Src/stm32l0xx_hal_flash.o
LOAD ./Drivers/STM32L0xx_HAL_Driver/Src/stm32l0xx_hal_flash_ex.o
LOAD ./Drivers/STM32L0xx_HAL_Driver/Src/stm32l0xx_hal_flash_ramfunc.o
LOAD ./Drivers/STM32L0xx_HAL_Driver/Src/stm32l0xx_hal_gpio.o
LOAD ./Drivers/STM32L0xx_HAL_Driver/Src/stm32l0xx_hal_i2c.o
LOAD ./Drivers/STM32L0xx_HAL_Driver/Src/stm32l0xx_hal_i2c_ex.o
LOAD ./Drivers/STM32L0xx_HAL_Driver/Src/stm32l0xx_hal_pwr.o
LOAD ./Drivers/STM32L0xx_HAL_Driver/Src/stm32l0xx_hal_pwr_ex.o
LOAD ./Drivers/STM32L0xx_HAL_Driver/Src/stm32l0xx_hal_rcc.o
LOAD ./Drivers/STM32L0xx_HAL_Driver/Src/stm32l0xx_hal_rcc_ex.o
LOAD ./Drivers/STM32L0xx_HAL_Driver/Src/stm32l0xx_hal_spi.o
LOAD ./Drivers/STM32L0xx_HAL_Driver/Src/stm32l0xx_hal_tim.o
LOAD ./Drivers/STM32L0xx_HAL_Driver/Src/stm32l0xx_hal_tim_ex.o
LOAD ./Drivers/STM32L0xx_HAL_Driver/Src/stm32l0xx_hal_uart.o
LOAD ./Drivers/STM32L0xx_HAL_Driver/Src/stm32l0xx_hal_uart_ex.o
START GROUP
LOAD c:/st/stm32cubeide_1.9.0/stm32cubeide/plugins/com.st.stm32cube.ide.mcu.externaltools.gnu-tools-for-stm32.10.3-2021.10.win32_1.0.0.202111181127/tools/bin/../lib/gcc/arm-none-eabi/10.3.1/../../../../arm-none-eabi/lib/thumb/v6-m/nofp\libc_nano.a
LOAD c:/st/stm32cubeide_1.9.0/stm32cubeide/plugins/com.st.stm32cube.ide.mcu.externaltools.gnu-tools-for-stm32.10.3-2021.10.win32_1.0.0.202111181127/tools/bin/../lib/gcc/arm-none-eabi/10.3.1/../../../../arm-none-eabi/lib/thumb/v6-m/nofp\libm.a
END GROUP
START GROUP
LOAD c:/st/stm32cubeide_1.9.0/stm32cubeide/plugins/com.st.stm32cube.ide.mcu.externaltools.gnu-tools-for-stm32.10.3-2021.10.win32_1.0.0.202111181127/tools/bin/../lib/gcc/arm-none-eabi/10.3.1/thumb/v6-m/nofp\libgcc.a
LOAD c:/st/stm32cubeide_1.9.0/stm32cubeide/plugins/com.st.stm32cube.ide.mcu.externaltools.gnu-tools-for-stm32.10.3-2021.10.win32_1.0.0.202111181127/tools/bin/../lib/gcc/arm-none-eabi/10.3.1/../../../../arm-none-eabi/lib/thumb/v6-m/nofp\libc_nano.a
END GROUP
START GROUP
LOAD c:/st/stm32cubeide_1.9.0/stm32cubeide/plugins/com.st.stm32cube.ide.mcu.externaltools.gnu-tools-for-stm32.10.3-2021.10.win32_1.0.0.202111181127/tools/bin/../lib/gcc/arm-none-eabi/10.3.1/thumb/v6-m/nofp\libgcc.a
LOAD c:/st/stm32cubeide_1.9.0/stm32cubeide/plugins/com.st.stm32cube.ide.mcu.externaltools.gnu-tools-for-stm32.10.3-2021.10.win32_1.0.0.202111181127/tools/bin/../lib/gcc/arm-none-eabi/10.3.1/../../../../arm-none-eabi/lib/thumb/v6-m/nofp\libc_nano.a
LOAD c:/st/stm32cubeide_1.9.0/stm32cubeide/plugins/com.st.stm32cube.ide.mcu.externaltools.gnu-tools-for-stm32.10.3-2021.10.win32_1.0.0.202111181127/tools/bin/../lib/gcc/arm-none-eabi/10.3.1/../../../../arm-none-eabi/lib/thumb/v6-m/nofp\libnosys.a
END GROUP
START GROUP
LOAD c:/st/stm32cubeide_1.9.0/stm32cubeide/plugins/com.st.stm32cube.ide.mcu.externaltools.gnu-tools-for-stm32.10.3-2021.10.win32_1.0.0.202111181127/tools/bin/../lib/gcc/arm-none-eabi/10.3.1/thumb/v6-m/nofp\libgcc.a
LOAD c:/st/stm32cubeide_1.9.0/stm32cubeide/plugins/com.st.stm32cube.ide.mcu.externaltools.gnu-tools-for-stm32.10.3-2021.10.win32_1.0.0.202111181127/tools/bin/../lib/gcc/arm-none-eabi/10.3.1/../../../../arm-none-eabi/lib/thumb/v6-m/nofp\libc_nano.a
LOAD c:/st/stm32cubeide_1.9.0/stm32cubeide/plugins/com.st.stm32cube.ide.mcu.externaltools.gnu-tools-for-stm32.10.3-2021.10.win32_1.0.0.202111181127/tools/bin/../lib/gcc/arm-none-eabi/10.3.1/../../../../arm-none-eabi/lib/thumb/v6-m/nofp\libnosys.a
END GROUP
LOAD c:/st/stm32cubeide_1.9.0/stm32cubeide/plugins/com.st.stm32cube.ide.mcu.externaltools.gnu-tools-for-stm32.10.3-2021.10.win32_1.0.0.202111181127/tools/bin/../lib/gcc/arm-none-eabi/10.3.1/thumb/v6-m/nofp/crtend.o
LOAD c:/st/stm32cubeide_1.9.0/stm32cubeide/plugins/com.st.stm32cube.ide.mcu.externaltools.gnu-tools-for-stm32.10.3-2021.10.win32_1.0.0.202111181127/tools/bin/../lib/gcc/arm-none-eabi/10.3.1/thumb/v6-m/nofp/crtn.o
                0x0000000020002000                _estack = (ORIGIN (RAM) + LENGTH (RAM))
                0x0000000000000200                _Min_Heap_Size = 0x200
                0x0000000000000400                _Min_Stack_Size = 0x400

.isr_vector     0x0000000008000000       0xc0
                0x0000000008000000                . = ALIGN (0x4)
 *(.isr_vector)
 .isr_vector    0x0000000008000000       0xc0 ./Core/Startup/startup_stm32l052k8tx.o
                0x0000000008000000                g_pfnVectors
                0x00000000080000c0                . = ALIGN (0x4)

.text           0x00000000080000c0     0x3268
                0x00000000080000c0                . = ALIGN (0x4)
 *(.text)
 .text          0x00000000080000c0       0x48 c:/st/stm32cubeide_1.9.0/stm32cubeide/plugins/com.st.stm32cube.ide.mcu.externaltools.gnu-tools-for-stm32.10.3-2021.10.win32_1.0.0.202111181127/tools/bin/../lib/gcc/arm-none-eabi/10.3.1/thumb/v6-m/nofp/crtbegin.o
 .text          0x0000000008000108       0x14 c:/st/stm32cubeide_1.9.0/stm32cubeide/plugins/com.st.stm32cube.ide.mcu.externaltools.gnu-tools-for-stm32.10.3-2021.10.win32_1.0.0.202111181127/tools/bin/../lib/gcc/arm-none-eabi/10.3.1/thumb/v6-m/nofp\libgcc.a(_thumb1_case_uqi.o)
                0x0000000008000108                __gnu_thumb1_case_uqi
 .text          0x000000000800011c       0x14 c:/st/stm32cubeide_1.9.0/stm32cubeide/plugins/com.st.stm32cube.ide.mcu.externaltools.gnu-tools-for-stm32.10.3-2021.10.win32_1.0.0.202111181127/tools/bin/../lib/gcc/arm-none-eabi/10.3.1/thumb/v6-m/nofp\libgcc.a(_thumb1_case_shi.o)
                0x000000000800011c                __gnu_thumb1_case_shi
 .text          0x0000000008000130      0x114 c:/st/stm32cubeide_1.9.0/stm32cubeide/plugins/com.st.stm32cube.ide.mcu.externaltools.gnu-tools-for-stm32.10.3-2021.10.win32_1.0.0.202111181127/tools/bin/../lib/gcc/arm-none-eabi/10.3.1/thumb/v6-m/nofp\libgcc.a(_udivsi3.o)
                0x0000000008000130                __aeabi_uidiv
                0x0000000008000130                __udivsi3
                0x000000000800023c                __aeabi_uidivmod
 .text          0x0000000008000244        0x4 c:/st/stm32cubeide_1.9.0/stm32cubeide/plugins/com.st.stm32cube.ide.mcu.externaltools.gnu-tools-for-stm32.10.3-2021.10.win32_1.0.0.202111181127/tools/bin/../lib/gcc/arm-none-eabi/10.3.1/thumb/v6-m/nofp\libgcc.a(_dvmd_tls.o)
                0x0000000008000244                __aeabi_idiv0
                0x0000000008000244                __aeabi_ldiv0
 .text          0x0000000008000248       0x74 c:/st/stm32cubeide_1.9.0/stm32cubeide/plugins/com.st.stm32cube.ide.mcu.externaltools.gnu-tools-for-stm32.10.3-2021.10.win32_1.0.0.202111181127/tools/bin/../lib/gcc/arm-none-eabi/10.3.1/thumb/v6-m/nofp\libgcc.a(_arm_cmpsf2.o)
                0x0000000008000248                __aeabi_cfrcmple
                0x0000000008000250                __aeabi_cfcmpeq
                0x0000000008000250                __aeabi_cfcmple
                0x0000000008000260                __aeabi_fcmpeq
                0x000000000800026c                __aeabi_fcmplt
                0x0000000008000280                __aeabi_fcmple
                0x0000000008000294                __aeabi_fcmpgt
                0x00000000080002a8                __aeabi_fcmpge
 .text          0x00000000080002bc       0x40 c:/st/stm32cubeide_1.9.0/stm32cubeide/plugins/com.st.stm32cube.ide.mcu.externaltools.gnu-tools-for-stm32.10.3-2021.10.win32_1.0.0.202111181127/tools/bin/../lib/gcc/arm-none-eabi/10.3.1/thumb/v6-m/nofp\libgcc.a(_aeabi_uldivmod.o)
                0x00000000080002bc                __aeabi_uldivmod
 .text          0x00000000080002fc       0x5c c:/st/stm32cubeide_1.9.0/stm32cubeide/plugins/com.st.stm32cube.ide.mcu.externaltools.gnu-tools-for-stm32.10.3-2021.10.win32_1.0.0.202111181127/tools/bin/../lib/gcc/arm-none-eabi/10.3.1/thumb/v6-m/nofp\libgcc.a(_muldi3.o)
                0x00000000080002fc                __muldi3
                0x00000000080002fc                __aeabi_lmul
 .text          0x0000000008000358      0x198 c:/st/stm32cubeide_1.9.0/stm32cubeide/plugins/com.st.stm32cube.ide.mcu.externaltools.gnu-tools-for-stm32.10.3-2021.10.win32_1.0.0.202111181127/tools/bin/../lib/gcc/arm-none-eabi/10.3.1/thumb/v6-m/nofp\libgcc.a(_udivmoddi4.o)
                0x0000000008000358                __udivmoddi4
 .text          0x00000000080004f0       0x4c c:/st/stm32cubeide_1.9.0/stm32cubeide/plugins/com.st.stm32cube.ide.mcu.externaltools.gnu-tools-for-stm32.10.3-2021.10.win32_1.0.0.202111181127/tools/bin/../lib/gcc/arm-none-eabi/10.3.1/thumb/v6-m/nofp\libgcc.a(eqsf2.o)
                0x00000000080004f0                __eqsf2
                0x00000000080004f0                __nesf2
 .text          0x000000000800053c       0x8c c:/st/stm32cubeide_1.9.0/stm32cubeide/plugins/com.st.stm32cube.ide.mcu.externaltools.gnu-tools-for-stm32.10.3-2021.10.win32_1.0.0.202111181127/tools/bin/../lib/gcc/arm-none-eabi/10.3.1/thumb/v6-m/nofp\libgcc.a(gesf2.o)
                0x000000000800053c                __gesf2
                0x000000000800053c                __gtsf2
 .text          0x00000000080005c8       0x88 c:/st/stm32cubeide_1.9.0/stm32cubeide/plugins/com.st.stm32cube.ide.mcu.externaltools.gnu-tools-for-stm32.10.3-2021.10.win32_1.0.0.202111181127/tools/bin/../lib/gcc/arm-none-eabi/10.3.1/thumb/v6-m/nofp\libgcc.a(lesf2.o)
                0x00000000080005c8                __ltsf2
                0x00000000080005c8                __lesf2
 .text          0x0000000008000650       0x9c c:/st/stm32cubeide_1.9.0/stm32cubeide/plugins/com.st.stm32cube.ide.mcu.externaltools.gnu-tools-for-stm32.10.3-2021.10.win32_1.0.0.202111181127/tools/bin/../lib/gcc/arm-none-eabi/10.3.1/thumb/v6-m/nofp\libgcc.a(floatsisf.o)
                0x0000000008000650                __aeabi_i2f
 .text          0x00000000080006ec       0x3c c:/st/stm32cubeide_1.9.0/stm32cubeide/plugins/com.st.stm32cube.ide.mcu.externaltools.gnu-tools-for-stm32.10.3-2021.10.win32_1.0.0.202111181127/tools/bin/../lib/gcc/arm-none-eabi/10.3.1/thumb/v6-m/nofp\libgcc.a(_clzsi2.o)
                0x00000000080006ec                __clzsi2
 .text          0x0000000008000728       0x18 c:/st/stm32cubeide_1.9.0/stm32cubeide/plugins/com.st.stm32cube.ide.mcu.externaltools.gnu-tools-for-stm32.10.3-2021.10.win32_1.0.0.202111181127/tools/bin/../lib/gcc/arm-none-eabi/10.3.1/thumb/v6-m/nofp\libgcc.a(_clzdi2.o)
                0x0000000008000728                __clzdi2
 *(.text*)
 .text.ILI9341_DrawHollowCircle
                0x0000000008000740       0xf8 ./Core/Src/ILI9341_GFX.o
                0x0000000008000740                ILI9341_DrawHollowCircle
 .text.ILI9341_DrawFilledCircle
                0x0000000008000838       0xbe ./Core/Src/ILI9341_GFX.o
                0x0000000008000838                ILI9341_DrawFilledCircle
 .text.ILI9341_DrawHollowRectangleCoord
                0x00000000080008f6       0x90 ./Core/Src/ILI9341_GFX.o
                0x00000000080008f6                ILI9341_DrawHollowRectangleCoord
 .text.ILI9341_DrawFilledRectangleCoord
                0x0000000008000986       0x32 ./Core/Src/ILI9341_GFX.o
                0x0000000008000986                ILI9341_DrawFilledRectangleCoord
 .text.ILI9341_DrawChar
                0x00000000080009b8       0x90 ./Core/Src/ILI9341_GFX.o
                0x00000000080009b8                ILI9341_DrawChar
 .text.ILI9341_DrawText
                0x0000000008000a48       0x5a ./Core/Src/ILI9341_GFX.o
                0x0000000008000a48                ILI9341_DrawText
 *fill*         0x0000000008000aa2        0x2 
 .text.ILI9341_SPI_Tx
                0x0000000008000aa4       0x24 ./Core/Src/ILI9341_STM32_Driver.o
 .text.ILI9341_WriteCommand
                0x0000000008000ac8       0x28 ./Core/Src/ILI9341_STM32_Driver.o
                0x0000000008000ac8                ILI9341_WriteCommand
 .text.ILI9341_WriteData
                0x0000000008000af0       0x28 ./Core/Src/ILI9341_STM32_Driver.o
                0x0000000008000af0                ILI9341_WriteData
 .text.ILI9341_WriteBuffer
                0x0000000008000b18       0x3c ./Core/Src/ILI9341_STM32_Driver.o
                0x0000000008000b18                ILI9341_WriteBuffer
 .text.ILI9341_SetAddress
                0x0000000008000b54       0x44 ./Core/Src/ILI9341_STM32_Driver.o
                0x0000000008000b54                ILI9341_SetAddress
 .text.ILI9341_Reset
                0x0000000008000b98       0x34 ./Core/Src/ILI9341_STM32_Driver.o
                0x0000000008000b98                ILI9341_Reset
 .text.ILI9341_Enable
                0x0000000008000bcc       0x14 ./Core/Src/ILI9341_STM32_Driver.o
                0x0000000008000bcc                ILI9341_Enable
 .text.ILI9341_Init
                0x0000000008000be0      0x21c ./Core/Src/ILI9341_STM32_Driver.o
                0x0000000008000be0                ILI9341_Init
 .text.ILI9341_DrawColor
                0x0000000008000dfc       0x14 ./Core/Src/ILI9341_STM32_Driver.o
                0x0000000008000dfc                ILI9341_DrawColor
 .text.ILI9341_DrawColorBurst
                0x0000000008000e10       0x94 ./Core/Src/ILI9341_STM32_Driver.o
                0x0000000008000e10                ILI9341_DrawColorBurst
 .text.ILI9341_FillScreen
                0x0000000008000ea4       0x1e ./Core/Src/ILI9341_STM32_Driver.o
                0x0000000008000ea4                ILI9341_FillScreen
 .text.ILI9341_DrawPixel
                0x0000000008000ec2       0x6c ./Core/Src/ILI9341_STM32_Driver.o
                0x0000000008000ec2                ILI9341_DrawPixel
 .text.ILI9341_DrawRectangle
                0x0000000008000f2e       0x48 ./Core/Src/ILI9341_STM32_Driver.o
                0x0000000008000f2e                ILI9341_DrawRectangle
 .text.ILI9341_DrawHLine
                0x0000000008000f76       0x32 ./Core/Src/ILI9341_STM32_Driver.o
                0x0000000008000f76                ILI9341_DrawHLine
 .text.ILI9341_DrawVLine
                0x0000000008000fa8       0x32 ./Core/Src/ILI9341_STM32_Driver.o
                0x0000000008000fa8                ILI9341_DrawVLine
 *fill*         0x0000000008000fda        0x2 
 .text.HAL_UART_RxCpltCallback
                0x0000000008000fdc      0x348 ./Core/Src/main.o
                0x0000000008000fdc                HAL_UART_RxCpltCallback
 .text.Error_Handler
                0x0000000008001324        0xa ./Core/Src/main.o
                0x0000000008001324                Error_Handler
 *fill*         0x000000000800132e        0x2 
 .text.SystemClock_Config
                0x0000000008001330       0x94 ./Core/Src/main.o
                0x0000000008001330                SystemClock_Config
 .text.startup.main
                0x00000000080013c4       0xec ./Core/Src/main.o
                0x00000000080013c4                main
 .text.HAL_MspInit
                0x00000000080014b0       0x1c ./Core/Src/stm32l0xx_hal_msp.o
                0x00000000080014b0                HAL_MspInit
 .text.HAL_SPI_MspInit
                0x00000000080014cc       0x58 ./Core/Src/stm32l0xx_hal_msp.o
                0x00000000080014cc                HAL_SPI_MspInit
 .text.HAL_UART_MspInit
                0x0000000008001524       0x5c ./Core/Src/stm32l0xx_hal_msp.o
                0x0000000008001524                HAL_UART_MspInit
 .text.NMI_Handler
                0x0000000008001580        0x2 ./Core/Src/stm32l0xx_it.o
                0x0000000008001580                NMI_Handler
 .text.HardFault_Handler
                0x0000000008001582        0x8 ./Core/Src/stm32l0xx_it.o
                0x0000000008001582                HardFault_Handler
 .text.SVC_Handler
                0x000000000800158a        0x2 ./Core/Src/stm32l0xx_it.o
                0x000000000800158a                SVC_Handler
 .text.PendSV_Handler
                0x000000000800158c        0x2 ./Core/Src/stm32l0xx_it.o
                0x000000000800158c                PendSV_Handler
 .text.SysTick_Handler
                0x000000000800158e        0x8 ./Core/Src/stm32l0xx_it.o
                0x000000000800158e                SysTick_Handler
 *fill*         0x0000000008001596        0x2 
 .text.USART1_IRQHandler
                0x0000000008001598       0x10 ./Core/Src/stm32l0xx_it.o
                0x0000000008001598                USART1_IRQHandler
 .text.SystemInit
                0x00000000080015a8        0x2 ./Core/Src/system_stm32l0xx.o
                0x00000000080015a8                SystemInit
 *fill*         0x00000000080015aa        0x2 
 .text.Reset_Handler
                0x00000000080015ac       0x50 ./Core/Startup/startup_stm32l052k8tx.o
                0x00000000080015ac                Reset_Handler
 .text.Default_Handler
                0x00000000080015fc        0x2 ./Core/Startup/startup_stm32l052k8tx.o
                0x00000000080015fc                TSC_IRQHandler
                0x00000000080015fc                ADC1_COMP_IRQHandler
                0x00000000080015fc                PVD_IRQHandler
                0x00000000080015fc                I2C1_IRQHandler
                0x00000000080015fc                RCC_CRS_IRQHandler
                0x00000000080015fc                SPI1_IRQHandler
                0x00000000080015fc                TIM6_DAC_IRQHandler
                0x00000000080015fc                EXTI2_3_IRQHandler
                0x00000000080015fc                I2C2_IRQHandler
                0x00000000080015fc                RTC_IRQHandler
                0x00000000080015fc                DMA1_Channel4_5_6_7_IRQHandler
                0x00000000080015fc                EXTI4_15_IRQHandler
                0x00000000080015fc                DMA1_Channel1_IRQHandler
                0x00000000080015fc                Default_Handler
                0x00000000080015fc                TIM22_IRQHandler
                0x00000000080015fc                EXTI0_1_IRQHandler
                0x00000000080015fc                USB_IRQHandler
                0x00000000080015fc                SPI2_IRQHandler
                0x00000000080015fc                TIM21_IRQHandler
                0x00000000080015fc                WWDG_IRQHandler
                0x00000000080015fc                TIM2_IRQHandler
                0x00000000080015fc                DMA1_Channel2_3_IRQHandler
                0x00000000080015fc                USART2_IRQHandler
                0x00000000080015fc                FLASH_IRQHandler
                0x00000000080015fc                RNG_LPUART1_IRQHandler
                0x00000000080015fc                LPTIM1_IRQHandler
 *fill*         0x00000000080015fe        0x2 
 .text.HAL_InitTick
                0x0000000008001600       0x48 ./Drivers/STM32L0xx_HAL_Driver/Src/stm32l0xx_hal.o
                0x0000000008001600                HAL_InitTick
 .text.HAL_Init
                0x0000000008001648       0x28 ./Drivers/STM32L0xx_HAL_Driver/Src/stm32l0xx_hal.o
                0x0000000008001648                HAL_Init
 .text.HAL_IncTick
                0x0000000008001670       0x18 ./Drivers/STM32L0xx_HAL_Driver/Src/stm32l0xx_hal.o
                0x0000000008001670                HAL_IncTick
 .text.HAL_GetTick
                0x0000000008001688        0xc ./Drivers/STM32L0xx_HAL_Driver/Src/stm32l0xx_hal.o
                0x0000000008001688                HAL_GetTick
 .text.HAL_Delay
                0x0000000008001694       0x24 ./Drivers/STM32L0xx_HAL_Driver/Src/stm32l0xx_hal.o
                0x0000000008001694                HAL_Delay
 .text.HAL_NVIC_SetPriority
                0x00000000080016b8       0x54 ./Drivers/STM32L0xx_HAL_Driver/Src/stm32l0xx_hal_cortex.o
                0x00000000080016b8                HAL_NVIC_SetPriority
 .text.HAL_NVIC_EnableIRQ
                0x000000000800170c       0x18 ./Drivers/STM32L0xx_HAL_Driver/Src/stm32l0xx_hal_cortex.o
                0x000000000800170c                HAL_NVIC_EnableIRQ
 .text.HAL_NVIC_SystemReset
                0x0000000008001724       0x1c ./Drivers/STM32L0xx_HAL_Driver/Src/stm32l0xx_hal_cortex.o
                0x0000000008001724                HAL_NVIC_SystemReset
 .text.HAL_SYSTICK_Config
                0x0000000008001740       0x34 ./Drivers/STM32L0xx_HAL_Driver/Src/stm32l0xx_hal_cortex.o
                0x0000000008001740                HAL_SYSTICK_Config
 .text.HAL_DMA_Abort
                0x0000000008001774       0x40 ./Drivers/STM32L0xx_HAL_Driver/Src/stm32l0xx_hal_dma.o
                0x0000000008001774                HAL_DMA_Abort
 .text.HAL_DMA_Abort_IT
                0x00000000080017b4       0x4a ./Drivers/STM32L0xx_HAL_Driver/Src/stm32l0xx_hal_dma.o
                0x00000000080017b4                HAL_DMA_Abort_IT
 *fill*         0x00000000080017fe        0x2 
 .text.HAL_GPIO_Init
                0x0000000008001800      0x180 ./Drivers/STM32L0xx_HAL_Driver/Src/stm32l0xx_hal_gpio.o
                0x0000000008001800                HAL_GPIO_Init
 .text.HAL_GPIO_WritePin
                0x0000000008001980        0xc ./Drivers/STM32L0xx_HAL_Driver/Src/stm32l0xx_hal_gpio.o
                0x0000000008001980                HAL_GPIO_WritePin
 .text.HAL_RCC_GetSysClockFreq
                0x000000000800198c       0x90 ./Drivers/STM32L0xx_HAL_Driver/Src/stm32l0xx_hal_rcc.o
                0x000000000800198c                HAL_RCC_GetSysClockFreq
 .text.HAL_RCC_OscConfig
                0x0000000008001a1c      0x504 ./Drivers/STM32L0xx_HAL_Driver/Src/stm32l0xx_hal_rcc.o
                0x0000000008001a1c                HAL_RCC_OscConfig
 .text.HAL_RCC_ClockConfig
                0x0000000008001f20      0x19c ./Drivers/STM32L0xx_HAL_Driver/Src/stm32l0xx_hal_rcc.o
                0x0000000008001f20                HAL_RCC_ClockConfig
 .text.HAL_RCC_GetPCLK1Freq
                0x00000000080020bc       0x20 ./Drivers/STM32L0xx_HAL_Driver/Src/stm32l0xx_hal_rcc.o
                0x00000000080020bc                HAL_RCC_GetPCLK1Freq
 .text.HAL_RCC_GetPCLK2Freq
                0x00000000080020dc       0x20 ./Drivers/STM32L0xx_HAL_Driver/Src/stm32l0xx_hal_rcc.o
                0x00000000080020dc                HAL_RCC_GetPCLK2Freq
 .text.HAL_RCCEx_PeriphCLKConfig
                0x00000000080020fc      0x1ac ./Drivers/STM32L0xx_HAL_Driver/Src/stm32l0xx_hal_rcc_ex.o
                0x00000000080020fc                HAL_RCCEx_PeriphCLKConfig
 .text.SPI_WaitFlagStateUntilTimeout.constprop.0
                0x00000000080022a8       0xb8 ./Drivers/STM32L0xx_HAL_Driver/Src/stm32l0xx_hal_spi.o
 .text.SPI_EndRxTxTransaction
                0x0000000008002360       0x64 ./Drivers/STM32L0xx_HAL_Driver/Src/stm32l0xx_hal_spi.o
 .text.HAL_SPI_Init
                0x00000000080023c4       0xc4 ./Drivers/STM32L0xx_HAL_Driver/Src/stm32l0xx_hal_spi.o
                0x00000000080023c4                HAL_SPI_Init
 .text.HAL_SPI_Transmit
                0x0000000008002488      0x192 ./Drivers/STM32L0xx_HAL_Driver/Src/stm32l0xx_hal_spi.o
                0x0000000008002488                HAL_SPI_Transmit
 *fill*         0x000000000800261a        0x2 
 .text.UART_EndRxTransfer
                0x000000000800261c       0x5c ./Drivers/STM32L0xx_HAL_Driver/Src/stm32l0xx_hal_uart.o
 .text.HAL_UART_TxCpltCallback
                0x0000000008002678        0x2 ./Drivers/STM32L0xx_HAL_Driver/Src/stm32l0xx_hal_uart.o
                0x0000000008002678                HAL_UART_TxCpltCallback
 .text.HAL_UART_ErrorCallback
                0x000000000800267a        0x2 ./Drivers/STM32L0xx_HAL_Driver/Src/stm32l0xx_hal_uart.o
                0x000000000800267a                HAL_UART_ErrorCallback
 .text.UART_DMAAbortOnError
                0x000000000800267c       0x16 ./Drivers/STM32L0xx_HAL_Driver/Src/stm32l0xx_hal_uart.o
 .text.HAL_UARTEx_RxEventCallback
                0x0000000008002692        0x2 ./Drivers/STM32L0xx_HAL_Driver/Src/stm32l0xx_hal_uart.o
                0x0000000008002692                HAL_UARTEx_RxEventCallback
 .text.HAL_UART_IRQHandler
                0x0000000008002694      0x2c8 ./Drivers/STM32L0xx_HAL_Driver/Src/stm32l0xx_hal_uart.o
                0x0000000008002694                HAL_UART_IRQHandler
 .text.UART_RxISR_8BIT
                0x000000000800295c       0xe0 ./Drivers/STM32L0xx_HAL_Driver/Src/stm32l0xx_hal_uart.o
 .text.UART_RxISR_16BIT
                0x0000000008002a3c       0xdc ./Drivers/STM32L0xx_HAL_Driver/Src/stm32l0xx_hal_uart.o
 .text.UART_SetConfig
                0x0000000008002b18      0x218 ./Drivers/STM32L0xx_HAL_Driver/Src/stm32l0xx_hal_uart.o
                0x0000000008002b18                UART_SetConfig
 .text.UART_AdvFeatureConfig
                0x0000000008002d30       0xd0 ./Drivers/STM32L0xx_HAL_Driver/Src/stm32l0xx_hal_uart.o
                0x0000000008002d30                UART_AdvFeatureConfig
 .text.UART_WaitOnFlagUntilTimeout
                0x0000000008002e00       0x8a ./Drivers/STM32L0xx_HAL_Driver/Src/stm32l0xx_hal_uart.o
                0x0000000008002e00                UART_WaitOnFlagUntilTimeout
 .text.HAL_UART_Transmit
                0x0000000008002e8a       0xce ./Drivers/STM32L0xx_HAL_Driver/Src/stm32l0xx_hal_uart.o
                0x0000000008002e8a                HAL_UART_Transmit
 .text.HAL_UART_Receive
                0x0000000008002f58      0x104 ./Drivers/STM32L0xx_HAL_Driver/Src/stm32l0xx_hal_uart.o
                0x0000000008002f58                HAL_UART_Receive
 .text.UART_CheckIdleState
                0x000000000800305c       0xc4 ./Drivers/STM32L0xx_HAL_Driver/Src/stm32l0xx_hal_uart.o
                0x000000000800305c                UART_CheckIdleState
 .text.HAL_UART_Init
                0x0000000008003120       0x64 ./Drivers/STM32L0xx_HAL_Driver/Src/stm32l0xx_hal_uart.o
                0x0000000008003120                HAL_UART_Init
 .text.UART_Start_Receive_IT
                0x0000000008003184       0xc8 ./Drivers/STM32L0xx_HAL_Driver/Src/stm32l0xx_hal_uart.o
                0x0000000008003184                UART_Start_Receive_IT
 .text.HAL_UART_Receive_IT
                0x000000000800324c       0x68 ./Drivers/STM32L0xx_HAL_Driver/Src/stm32l0xx_hal_uart.o
                0x000000000800324c                HAL_UART_Receive_IT
 .text.HAL_UARTEx_WakeupCallback
                0x00000000080032b4        0x2 ./Drivers/STM32L0xx_HAL_Driver/Src/stm32l0xx_hal_uart_ex.o
                0x00000000080032b4                HAL_UARTEx_WakeupCallback
 *fill*         0x00000000080032b6        0x2 
 .text.__libc_init_array
                0x00000000080032b8       0x48 c:/st/stm32cubeide_1.9.0/stm32cubeide/plugins/com.st.stm32cube.ide.mcu.externaltools.gnu-tools-for-stm32.10.3-2021.10.win32_1.0.0.202111181127/tools/bin/../lib/gcc/arm-none-eabi/10.3.1/../../../../arm-none-eabi/lib/thumb/v6-m/nofp\libc_nano.a(lib_a-init.o)
                0x00000000080032b8                __libc_init_array
 .text.memset   0x0000000008003300       0x10 c:/st/stm32cubeide_1.9.0/stm32cubeide/plugins/com.st.stm32cube.ide.mcu.externaltools.gnu-tools-for-stm32.10.3-2021.10.win32_1.0.0.202111181127/tools/bin/../lib/gcc/arm-none-eabi/10.3.1/../../../../arm-none-eabi/lib/thumb/v6-m/nofp\libc_nano.a(lib_a-memset.o)
                0x0000000008003300                memset
 *(.glue_7)
 .glue_7        0x0000000008003310        0x0 linker stubs
 *(.glue_7t)
 .glue_7t       0x0000000008003310        0x0 linker stubs
 *(.eh_frame)
 .eh_frame      0x0000000008003310        0x0 c:/st/stm32cubeide_1.9.0/stm32cubeide/plugins/com.st.stm32cube.ide.mcu.externaltools.gnu-tools-for-stm32.10.3-2021.10.win32_1.0.0.202111181127/tools/bin/../lib/gcc/arm-none-eabi/10.3.1/thumb/v6-m/nofp/crtbegin.o
 *(.init)
 .init          0x0000000008003310        0x4 c:/st/stm32cubeide_1.9.0/stm32cubeide/plugins/com.st.stm32cube.ide.mcu.externaltools.gnu-tools-for-stm32.10.3-2021.10.win32_1.0.0.202111181127/tools/bin/../lib/gcc/arm-none-eabi/10.3.1/thumb/v6-m/nofp/crti.o
                0x0000000008003310                _init
 .init          0x0000000008003314        0x8 c:/st/stm32cubeide_1.9.0/stm32cubeide/plugins/com.st.stm32cube.ide.mcu.externaltools.gnu-tools-for-stm32.10.3-2021.10.win32_1.0.0.202111181127/tools/bin/../lib/gcc/arm-none-eabi/10.3.1/thumb/v6-m/nofp/crtn.o
 *(.fini)
 .fini          0x000000000800331c        0x4 c:/st/stm32cubeide_1.9.0/stm32cubeide/plugins/com.st.stm32cube.ide.mcu.externaltools.gnu-tools-for-stm32.10.3-2021.10.win32_1.0.0.202111181127/tools/bin/../lib/gcc/arm-none-eabi/10.3.1/thumb/v6-m/nofp/crti.o
                0x000000000800331c                _fini
 .fini          0x0000000008003320        0x8 c:/st/stm32cubeide_1.9.0/stm32cubeide/plugins/com.st.stm32cube.ide.mcu.externaltools.gnu-tools-for-stm32.10.3-2021.10.win32_1.0.0.202111181127/tools/bin/../lib/gcc/arm-none-eabi/10.3.1/thumb/v6-m/nofp/crtn.o
                0x0000000008003328                . = ALIGN (0x4)
                0x0000000008003328                _etext = .

.vfp11_veneer   0x0000000008003328        0x0
 .vfp11_veneer  0x0000000008003328        0x0 linker stubs

.v4_bx          0x0000000008003328        0x0
 .v4_bx         0x0000000008003328        0x0 linker stubs

.iplt           0x0000000008003328        0x0
 .iplt          0x0000000008003328        0x0 c:/st/stm32cubeide_1.9.0/stm32cubeide/plugins/com.st.stm32cube.ide.mcu.externaltools.gnu-tools-for-stm32.10.3-2021.10.win32_1.0.0.202111181127/tools/bin/../lib/gcc/arm-none-eabi/10.3.1/thumb/v6-m/nofp/crtbegin.o

.rodata         0x0000000008003328     0x1178
                0x0000000008003328                . = ALIGN (0x4)
 *(.rodata)
 *(.rodata*)
 .rodata.Arial_Narrow15x19
                0x0000000008003328     0x1144 ./Core/Src/fonts.o
                0x0000000008003328                Arial_Narrow15x19
 .rodata.AHBPrescTable
                0x000000000800446c       0x10 ./Core/Src/system_stm32l0xx.o
                0x000000000800446c                AHBPrescTable
 .rodata.APBPrescTable
                0x000000000800447c        0x8 ./Core/Src/system_stm32l0xx.o
                0x000000000800447c                APBPrescTable
 .rodata.PLLMulTable
                0x0000000008004484        0x9 ./Core/Src/system_stm32l0xx.o
                0x0000000008004484                PLLMulTable
 .rodata.CSWTCH.59
                0x000000000800448d        0x3 ./Drivers/STM32L0xx_HAL_Driver/Src/stm32l0xx_hal_uart.o
 .rodata.CSWTCH.60
                0x0000000008004490        0xd ./Drivers/STM32L0xx_HAL_Driver/Src/stm32l0xx_hal_uart.o
                0x00000000080044a0                . = ALIGN (0x4)
 *fill*         0x000000000800449d        0x3 

.ARM.extab      0x00000000080044a0        0x0
                0x00000000080044a0                . = ALIGN (0x4)
 *(.ARM.extab* .gnu.linkonce.armextab.*)
                0x00000000080044a0                . = ALIGN (0x4)

.ARM            0x00000000080044a0        0x8
                0x00000000080044a0                . = ALIGN (0x4)
                0x00000000080044a0                __exidx_start = .
 *(.ARM.exidx*)
 .ARM.exidx     0x00000000080044a0        0x8 c:/st/stm32cubeide_1.9.0/stm32cubeide/plugins/com.st.stm32cube.ide.mcu.externaltools.gnu-tools-for-stm32.10.3-2021.10.win32_1.0.0.202111181127/tools/bin/../lib/gcc/arm-none-eabi/10.3.1/thumb/v6-m/nofp\libgcc.a(_udivmoddi4.o)
                0x00000000080044a8                __exidx_end = .
                0x00000000080044a8                . = ALIGN (0x4)

.rel.dyn        0x00000000080044a8        0x0
 .rel.iplt      0x00000000080044a8        0x0 c:/st/stm32cubeide_1.9.0/stm32cubeide/plugins/com.st.stm32cube.ide.mcu.externaltools.gnu-tools-for-stm32.10.3-2021.10.win32_1.0.0.202111181127/tools/bin/../lib/gcc/arm-none-eabi/10.3.1/thumb/v6-m/nofp/crtbegin.o

.preinit_array  0x00000000080044a8        0x0
                0x00000000080044a8                . = ALIGN (0x4)
                0x00000000080044a8                PROVIDE (__preinit_array_start = .)
 *(.preinit_array*)
                0x00000000080044a8                PROVIDE (__preinit_array_end = .)
                0x00000000080044a8                . = ALIGN (0x4)

.init_array     0x00000000080044a8        0x4
                0x00000000080044a8                . = ALIGN (0x4)
                0x00000000080044a8                PROVIDE (__init_array_start = .)
 *(SORT_BY_NAME(.init_array.*))
 *(.init_array*)
 .init_array    0x00000000080044a8        0x4 c:/st/stm32cubeide_1.9.0/stm32cubeide/plugins/com.st.stm32cube.ide.mcu.externaltools.gnu-tools-for-stm32.10.3-2021.10.win32_1.0.0.202111181127/tools/bin/../lib/gcc/arm-none-eabi/10.3.1/thumb/v6-m/nofp/crtbegin.o
                0x00000000080044ac                PROVIDE (__init_array_end = .)
                0x00000000080044ac                . = ALIGN (0x4)

.fini_array     0x00000000080044ac        0x4
                0x00000000080044ac                . = ALIGN (0x4)
                [!provide]                        PROVIDE (__fini_array_start = .)
 *(SORT_BY_NAME(.fini_array.*))
 *(.fini_array*)
 .fini_array    0x00000000080044ac        0x4 c:/st/stm32cubeide_1.9.0/stm32cubeide/plugins/com.st.stm32cube.ide.mcu.externaltools.gnu-tools-for-stm32.10.3-2021.10.win32_1.0.0.202111181127/tools/bin/../lib/gcc/arm-none-eabi/10.3.1/thumb/v6-m/nofp/crtbegin.o
                [!provide]                        PROVIDE (__fini_array_end = .)
                0x00000000080044b0                . = ALIGN (0x4)
                0x00000000080044b0                _sidata = LOADADDR (.data)

.data           0x0000000020000000       0x1c load address 0x00000000080044b0
                0x0000000020000000                . = ALIGN (0x4)
                0x0000000020000000                _sdata = .
 *(.data)
 *(.data*)
 .data.COLOR    0x0000000020000000        0xc ./Core/Src/main.o
                0x0000000020000000                COLOR
 .data.Txdata   0x000000002000000c        0x1 ./Core/Src/main.o
                0x000000002000000c                Txdata
 *fill*         0x000000002000000d        0x3 
 .data.SystemCoreClock
                0x0000000020000010        0x4 ./Core/Src/system_stm32l0xx.o
                0x0000000020000010                SystemCoreClock
 .data.uwTickFreq
                0x0000000020000014        0x1 ./Drivers/STM32L0xx_HAL_Driver/Src/stm32l0xx_hal.o
                0x0000000020000014                uwTickFreq
 *fill*         0x0000000020000015        0x3 
 .data.uwTickPrio
                0x0000000020000018        0x4 ./Drivers/STM32L0xx_HAL_Driver/Src/stm32l0xx_hal.o
                0x0000000020000018                uwTickPrio
 *(.RamFunc)
 *(.RamFunc*)
                0x000000002000001c                . = ALIGN (0x4)
                0x000000002000001c                _edata = .

.igot.plt       0x000000002000001c        0x0 load address 0x00000000080044cc
 .igot.plt      0x000000002000001c        0x0 c:/st/stm32cubeide_1.9.0/stm32cubeide/plugins/com.st.stm32cube.ide.mcu.externaltools.gnu-tools-for-stm32.10.3-2021.10.win32_1.0.0.202111181127/tools/bin/../lib/gcc/arm-none-eabi/10.3.1/thumb/v6-m/nofp/crtbegin.o
                0x000000002000001c                . = ALIGN (0x4)

.bss            0x000000002000001c      0x110 load address 0x00000000080044cc
                0x000000002000001c                _sbss = .
                0x000000002000001c                __bss_start__ = _sbss
 *(.bss)
 .bss           0x000000002000001c       0x1c c:/st/stm32cubeide_1.9.0/stm32cubeide/plugins/com.st.stm32cube.ide.mcu.externaltools.gnu-tools-for-stm32.10.3-2021.10.win32_1.0.0.202111181127/tools/bin/../lib/gcc/arm-none-eabi/10.3.1/thumb/v6-m/nofp/crtbegin.o
 *(.bss*)
 .bss.RxData    0x0000000020000038        0x1 ./Core/Src/main.o
                0x0000000020000038                RxData
 *fill*         0x0000000020000039        0x3 
 .bss.hspi1     0x000000002000003c       0x58 ./Core/Src/main.o
                0x000000002000003c                hspi1
 .bss.huart1    0x0000000020000094       0x88 ./Core/Src/main.o
                0x0000000020000094                huart1
 .bss.uartDat   0x000000002000011c        0xa ./Core/Src/main.o
                0x000000002000011c                uartDat
 *fill*         0x0000000020000126        0x2 
 .bss.uwTick    0x0000000020000128        0x4 ./Drivers/STM32L0xx_HAL_Driver/Src/stm32l0xx_hal.o
                0x0000000020000128                uwTick
 *(COMMON)
                0x000000002000012c                . = ALIGN (0x4)
                0x000000002000012c                _ebss = .
                0x000000002000012c                __bss_end__ = _ebss

._user_heap_stack
                0x000000002000012c      0x604 load address 0x00000000080044cc
                0x0000000020000130                . = ALIGN (0x8)
 *fill*         0x000000002000012c        0x4 
                [!provide]                        PROVIDE (end = .)
                0x0000000020000130                PROVIDE (_end = .)
                0x0000000020000330                . = (. + _Min_Heap_Size)
 *fill*         0x0000000020000130      0x200 
                0x0000000020000730                . = (. + _Min_Stack_Size)
 *fill*         0x0000000020000330      0x400 
                0x0000000020000730                . = ALIGN (0x8)

/DISCARD/
 libc.a(*)
 libm.a(*)
 libgcc.a(*)

.ARM.attributes
                0x0000000000000000       0x28
 *(.ARM.attributes)
 .ARM.attributes
                0x0000000000000000       0x1e c:/st/stm32cubeide_1.9.0/stm32cubeide/plugins/com.st.stm32cube.ide.mcu.externaltools.gnu-tools-for-stm32.10.3-2021.10.win32_1.0.0.202111181127/tools/bin/../lib/gcc/arm-none-eabi/10.3.1/thumb/v6-m/nofp/crti.o
 .ARM.attributes
                0x000000000000001e       0x2c c:/st/stm32cubeide_1.9.0/stm32cubeide/plugins/com.st.stm32cube.ide.mcu.externaltools.gnu-tools-for-stm32.10.3-2021.10.win32_1.0.0.202111181127/tools/bin/../lib/gcc/arm-none-eabi/10.3.1/thumb/v6-m/nofp/crtbegin.o
 .ARM.attributes
                0x000000000000004a       0x2c ./Core/Src/ILI9341_GFX.o
 .ARM.attributes
                0x0000000000000076       0x2c ./Core/Src/ILI9341_STM32_Driver.o
 .ARM.attributes
                0x00000000000000a2       0x2c ./Core/Src/fonts.o
 .ARM.attributes
                0x00000000000000ce       0x2c ./Core/Src/main.o
 .ARM.attributes
                0x00000000000000fa       0x2c ./Core/Src/stm32l0xx_hal_msp.o
 .ARM.attributes
                0x0000000000000126       0x2c ./Core/Src/stm32l0xx_it.o
 .ARM.attributes
                0x0000000000000152       0x2c ./Core/Src/system_stm32l0xx.o
 .ARM.attributes
                0x000000000000017e       0x22 ./Core/Startup/startup_stm32l052k8tx.o
 .ARM.attributes
                0x00000000000001a0       0x2c ./Drivers/STM32L0xx_HAL_Driver/Src/stm32l0xx_hal.o
 .ARM.attributes
                0x00000000000001cc       0x2c ./Drivers/STM32L0xx_HAL_Driver/Src/stm32l0xx_hal_cortex.o
 .ARM.attributes
                0x00000000000001f8       0x2c ./Drivers/STM32L0xx_HAL_Driver/Src/stm32l0xx_hal_dma.o
 .ARM.attributes
                0x0000000000000224       0x2c ./Drivers/STM32L0xx_HAL_Driver/Src/stm32l0xx_hal_gpio.o
 .ARM.attributes
                0x0000000000000250       0x2c ./Drivers/STM32L0xx_HAL_Driver/Src/stm32l0xx_hal_rcc.o
 .ARM.attributes
                0x000000000000027c       0x2c ./Drivers/STM32L0xx_HAL_Driver/Src/stm32l0xx_hal_rcc_ex.o
 .ARM.attributes
                0x00000000000002a8       0x2c ./Drivers/STM32L0xx_HAL_Driver/Src/stm32l0xx_hal_spi.o
 .ARM.attributes
                0x00000000000002d4       0x2c ./Drivers/STM32L0xx_HAL_Driver/Src/stm32l0xx_hal_uart.o
 .ARM.attributes
                0x0000000000000300       0x2c ./Drivers/STM32L0xx_HAL_Driver/Src/stm32l0xx_hal_uart_ex.o
 .ARM.attributes
                0x000000000000032c       0x2c c:/st/stm32cubeide_1.9.0/stm32cubeide/plugins/com.st.stm32cube.ide.mcu.externaltools.gnu-tools-for-stm32.10.3-2021.10.win32_1.0.0.202111181127/tools/bin/../lib/gcc/arm-none-eabi/10.3.1/../../../../arm-none-eabi/lib/thumb/v6-m/nofp\libc_nano.a(lib_a-init.o)
 .ARM.attributes
                0x0000000000000358       0x2c c:/st/stm32cubeide_1.9.0/stm32cubeide/plugins/com.st.stm32cube.ide.mcu.externaltools.gnu-tools-for-stm32.10.3-2021.10.win32_1.0.0.202111181127/tools/bin/../lib/gcc/arm-none-eabi/10.3.1/../../../../arm-none-eabi/lib/thumb/v6-m/nofp\libc_nano.a(lib_a-memset.o)
 .ARM.attributes
                0x0000000000000384       0x1e c:/st/stm32cubeide_1.9.0/stm32cubeide/plugins/com.st.stm32cube.ide.mcu.externaltools.gnu-tools-for-stm32.10.3-2021.10.win32_1.0.0.202111181127/tools/bin/../lib/gcc/arm-none-eabi/10.3.1/thumb/v6-m/nofp\libgcc.a(_thumb1_case_uqi.o)
 .ARM.attributes
                0x00000000000003a2       0x1e c:/st/stm32cubeide_1.9.0/stm32cubeide/plugins/com.st.stm32cube.ide.mcu.externaltools.gnu-tools-for-stm32.10.3-2021.10.win32_1.0.0.202111181127/tools/bin/../lib/gcc/arm-none-eabi/10.3.1/thumb/v6-m/nofp\libgcc.a(_thumb1_case_shi.o)
 .ARM.attributes
                0x00000000000003c0       0x1e c:/st/stm32cubeide_1.9.0/stm32cubeide/plugins/com.st.stm32cube.ide.mcu.externaltools.gnu-tools-for-stm32.10.3-2021.10.win32_1.0.0.202111181127/tools/bin/../lib/gcc/arm-none-eabi/10.3.1/thumb/v6-m/nofp\libgcc.a(_udivsi3.o)
 .ARM.attributes
                0x00000000000003de       0x1e c:/st/stm32cubeide_1.9.0/stm32cubeide/plugins/com.st.stm32cube.ide.mcu.externaltools.gnu-tools-for-stm32.10.3-2021.10.win32_1.0.0.202111181127/tools/bin/../lib/gcc/arm-none-eabi/10.3.1/thumb/v6-m/nofp\libgcc.a(_dvmd_tls.o)
 .ARM.attributes
                0x00000000000003fc       0x1e c:/st/stm32cubeide_1.9.0/stm32cubeide/plugins/com.st.stm32cube.ide.mcu.externaltools.gnu-tools-for-stm32.10.3-2021.10.win32_1.0.0.202111181127/tools/bin/../lib/gcc/arm-none-eabi/10.3.1/thumb/v6-m/nofp\libgcc.a(_arm_cmpsf2.o)
 .ARM.attributes
                0x000000000000041a       0x1e c:/st/stm32cubeide_1.9.0/stm32cubeide/plugins/com.st.stm32cube.ide.mcu.externaltools.gnu-tools-for-stm32.10.3-2021.10.win32_1.0.0.202111181127/tools/bin/../lib/gcc/arm-none-eabi/10.3.1/thumb/v6-m/nofp\libgcc.a(_aeabi_uldivmod.o)
 .ARM.attributes
                0x0000000000000438       0x2c c:/st/stm32cubeide_1.9.0/stm32cubeide/plugins/com.st.stm32cube.ide.mcu.externaltools.gnu-tools-for-stm32.10.3-2021.10.win32_1.0.0.202111181127/tools/bin/../lib/gcc/arm-none-eabi/10.3.1/thumb/v6-m/nofp\libgcc.a(_muldi3.o)
 .ARM.attributes
                0x0000000000000464       0x2c c:/st/stm32cubeide_1.9.0/stm32cubeide/plugins/com.st.stm32cube.ide.mcu.externaltools.gnu-tools-for-stm32.10.3-2021.10.win32_1.0.0.202111181127/tools/bin/../lib/gcc/arm-none-eabi/10.3.1/thumb/v6-m/nofp\libgcc.a(_udivmoddi4.o)
 .ARM.attributes
                0x0000000000000490       0x2c c:/st/stm32cubeide_1.9.0/stm32cubeide/plugins/com.st.stm32cube.ide.mcu.externaltools.gnu-tools-for-stm32.10.3-2021.10.win32_1.0.0.202111181127/tools/bin/../lib/gcc/arm-none-eabi/10.3.1/thumb/v6-m/nofp\libgcc.a(eqsf2.o)
 .ARM.attributes
                0x00000000000004bc       0x2c c:/st/stm32cubeide_1.9.0/stm32cubeide/plugins/com.st.stm32cube.ide.mcu.externaltools.gnu-tools-for-stm32.10.3-2021.10.win32_1.0.0.202111181127/tools/bin/../lib/gcc/arm-none-eabi/10.3.1/thumb/v6-m/nofp\libgcc.a(gesf2.o)
 .ARM.attributes
                0x00000000000004e8       0x2c c:/st/stm32cubeide_1.9.0/stm32cubeide/plugins/com.st.stm32cube.ide.mcu.externaltools.gnu-tools-for-stm32.10.3-2021.10.win32_1.0.0.202111181127/tools/bin/../lib/gcc/arm-none-eabi/10.3.1/thumb/v6-m/nofp\libgcc.a(lesf2.o)
 .ARM.attributes
                0x0000000000000514       0x2c c:/st/stm32cubeide_1.9.0/stm32cubeide/plugins/com.st.stm32cube.ide.mcu.externaltools.gnu-tools-for-stm32.10.3-2021.10.win32_1.0.0.202111181127/tools/bin/../lib/gcc/arm-none-eabi/10.3.1/thumb/v6-m/nofp\libgcc.a(floatsisf.o)
 .ARM.attributes
                0x0000000000000540       0x1e c:/st/stm32cubeide_1.9.0/stm32cubeide/plugins/com.st.stm32cube.ide.mcu.externaltools.gnu-tools-for-stm32.10.3-2021.10.win32_1.0.0.202111181127/tools/bin/../lib/gcc/arm-none-eabi/10.3.1/thumb/v6-m/nofp\libgcc.a(_clzsi2.o)
 .ARM.attributes
                0x000000000000055e       0x1e c:/st/stm32cubeide_1.9.0/stm32cubeide/plugins/com.st.stm32cube.ide.mcu.externaltools.gnu-tools-for-stm32.10.3-2021.10.win32_1.0.0.202111181127/tools/bin/../lib/gcc/arm-none-eabi/10.3.1/thumb/v6-m/nofp\libgcc.a(_clzdi2.o)
 .ARM.attributes
                0x000000000000057c       0x1e c:/st/stm32cubeide_1.9.0/stm32cubeide/plugins/com.st.stm32cube.ide.mcu.externaltools.gnu-tools-for-stm32.10.3-2021.10.win32_1.0.0.202111181127/tools/bin/../lib/gcc/arm-none-eabi/10.3.1/thumb/v6-m/nofp/crtn.o
OUTPUT(Target.elf elf32-littlearm)
LOAD linker stubs
LOAD c:/st/stm32cubeide_1.9.0/stm32cubeide/plugins/com.st.stm32cube.ide.mcu.externaltools.gnu-tools-for-stm32.10.3-2021.10.win32_1.0.0.202111181127/tools/bin/../lib/gcc/arm-none-eabi/10.3.1/../../../../arm-none-eabi/lib/thumb/v6-m/nofp\libc.a
LOAD c:/st/stm32cubeide_1.9.0/stm32cubeide/plugins/com.st.stm32cube.ide.mcu.externaltools.gnu-tools-for-stm32.10.3-2021.10.win32_1.0.0.202111181127/tools/bin/../lib/gcc/arm-none-eabi/10.3.1/../../../../arm-none-eabi/lib/thumb/v6-m/nofp\libm.a
LOAD c:/st/stm32cubeide_1.9.0/stm32cubeide/plugins/com.st.stm32cube.ide.mcu.externaltools.gnu-tools-for-stm32.10.3-2021.10.win32_1.0.0.202111181127/tools/bin/../lib/gcc/arm-none-eabi/10.3.1/thumb/v6-m/nofp\libgcc.a

.debug_info     0x0000000000000000    0x114a6
 .debug_info    0x0000000000000000      0xd12 ./Core/Src/ILI9341_GFX.o
 .debug_info    0x0000000000000d12     0x179e ./Core/Src/ILI9341_STM32_Driver.o
 .debug_info    0x00000000000024b0       0xca ./Core/Src/fonts.o
 .debug_info    0x000000000000257a     0x1b94 ./Core/Src/main.o
 .debug_info    0x000000000000410e      0xe0f ./Core/Src/stm32l0xx_hal_msp.o
 .debug_info    0x0000000000004f1d      0x713 ./Core/Src/stm32l0xx_it.o
 .debug_info    0x0000000000005630      0x334 ./Core/Src/system_stm32l0xx.o
 .debug_info    0x0000000000005964       0x22 ./Core/Startup/startup_stm32l052k8tx.o
 .debug_info    0x0000000000005986      0x97f ./Drivers/STM32L0xx_HAL_Driver/Src/stm32l0xx_hal.o
 .debug_info    0x0000000000006305      0xa90 ./Drivers/STM32L0xx_HAL_Driver/Src/stm32l0xx_hal_cortex.o
 .debug_info    0x0000000000006d95      0x897 ./Drivers/STM32L0xx_HAL_Driver/Src/stm32l0xx_hal_dma.o
 .debug_info    0x000000000000762c      0x6e8 ./Drivers/STM32L0xx_HAL_Driver/Src/stm32l0xx_hal_gpio.o
 .debug_info    0x0000000000007d14      0xd1d ./Drivers/STM32L0xx_HAL_Driver/Src/stm32l0xx_hal_rcc.o
 .debug_info    0x0000000000008a31      0x933 ./Drivers/STM32L0xx_HAL_Driver/Src/stm32l0xx_hal_rcc_ex.o
 .debug_info    0x0000000000009364     0x1f4d ./Drivers/STM32L0xx_HAL_Driver/Src/stm32l0xx_hal_spi.o
 .debug_info    0x000000000000b2b1     0x516b ./Drivers/STM32L0xx_HAL_Driver/Src/stm32l0xx_hal_uart.o
 .debug_info    0x000000000001041c     0x108a ./Drivers/STM32L0xx_HAL_Driver/Src/stm32l0xx_hal_uart_ex.o

.debug_abbrev   0x0000000000000000     0x27ab
 .debug_abbrev  0x0000000000000000      0x23f ./Core/Src/ILI9341_GFX.o
 .debug_abbrev  0x000000000000023f      0x37e ./Core/Src/ILI9341_STM32_Driver.o
 .debug_abbrev  0x00000000000005bd       0x7a ./Core/Src/fonts.o
 .debug_abbrev  0x0000000000000637      0x38c ./Core/Src/main.o
 .debug_abbrev  0x00000000000009c3      0x1e6 ./Core/Src/stm32l0xx_hal_msp.o
 .debug_abbrev  0x0000000000000ba9      0x1cb ./Core/Src/stm32l0xx_it.o
 .debug_abbrev  0x0000000000000d74      0x134 ./Core/Src/system_stm32l0xx.o
 .debug_abbrev  0x0000000000000ea8       0x12 ./Core/Startup/startup_stm32l052k8tx.o
 .debug_abbrev  0x0000000000000eba      0x301 ./Drivers/STM32L0xx_HAL_Driver/Src/stm32l0xx_hal.o
 .debug_abbrev  0x00000000000011bb      0x2b5 ./Drivers/STM32L0xx_HAL_Driver/Src/stm32l0xx_hal_cortex.o
 .debug_abbrev  0x0000000000001470      0x20f ./Drivers/STM32L0xx_HAL_Driver/Src/stm32l0xx_hal_dma.o
 .debug_abbrev  0x000000000000167f      0x1ec ./Drivers/STM32L0xx_HAL_Driver/Src/stm32l0xx_hal_gpio.o
 .debug_abbrev  0x000000000000186b      0x2f5 ./Drivers/STM32L0xx_HAL_Driver/Src/stm32l0xx_hal_rcc.o
 .debug_abbrev  0x0000000000001b60      0x242 ./Drivers/STM32L0xx_HAL_Driver/Src/stm32l0xx_hal_rcc_ex.o
 .debug_abbrev  0x0000000000001da2      0x355 ./Drivers/STM32L0xx_HAL_Driver/Src/stm32l0xx_hal_spi.o
 .debug_abbrev  0x00000000000020f7      0x3c4 ./Drivers/STM32L0xx_HAL_Driver/Src/stm32l0xx_hal_uart.o
 .debug_abbrev  0x00000000000024bb      0x2f0 ./Drivers/STM32L0xx_HAL_Driver/Src/stm32l0xx_hal_uart_ex.o

.debug_loc      0x0000000000000000     0x9fc1
 .debug_loc     0x0000000000000000      0xf6a ./Core/Src/ILI9341_GFX.o
 .debug_loc     0x0000000000000f6a      0x77d ./Core/Src/ILI9341_STM32_Driver.o
 .debug_loc     0x00000000000016e7      0xd77 ./Core/Src/main.o
 .debug_loc     0x000000000000245e       0xae ./Core/Src/stm32l0xx_hal_msp.o
 .debug_loc     0x000000000000250c      0x178 ./Core/Src/system_stm32l0xx.o
 .debug_loc     0x0000000000002684      0x13e ./Drivers/STM32L0xx_HAL_Driver/Src/stm32l0xx_hal.o
 .debug_loc     0x00000000000027c2      0x467 ./Drivers/STM32L0xx_HAL_Driver/Src/stm32l0xx_hal_cortex.o
 .debug_loc     0x0000000000002c29      0x853 ./Drivers/STM32L0xx_HAL_Driver/Src/stm32l0xx_hal_dma.o
 .debug_loc     0x000000000000347c      0x3dc ./Drivers/STM32L0xx_HAL_Driver/Src/stm32l0xx_hal_gpio.o
 .debug_loc     0x0000000000003858      0x740 ./Drivers/STM32L0xx_HAL_Driver/Src/stm32l0xx_hal_rcc.o
 .debug_loc     0x0000000000003f98      0x5df ./Drivers/STM32L0xx_HAL_Driver/Src/stm32l0xx_hal_rcc_ex.o
 .debug_loc     0x0000000000004577     0x1bf6 ./Drivers/STM32L0xx_HAL_Driver/Src/stm32l0xx_hal_spi.o
 .debug_loc     0x000000000000616d     0x34bf ./Drivers/STM32L0xx_HAL_Driver/Src/stm32l0xx_hal_uart.o
 .debug_loc     0x000000000000962c      0x995 ./Drivers/STM32L0xx_HAL_Driver/Src/stm32l0xx_hal_uart_ex.o

.debug_aranges  0x0000000000000000      0x958
 .debug_aranges
                0x0000000000000000       0x50 ./Core/Src/ILI9341_GFX.o
 .debug_aranges
                0x0000000000000050       0x90 ./Core/Src/ILI9341_STM32_Driver.o
 .debug_aranges
                0x00000000000000e0       0x18 ./Core/Src/fonts.o
 .debug_aranges
                0x00000000000000f8       0x38 ./Core/Src/main.o
 .debug_aranges
                0x0000000000000130       0x40 ./Core/Src/stm32l0xx_hal_msp.o
 .debug_aranges
                0x0000000000000170       0x40 ./Core/Src/stm32l0xx_it.o
 .debug_aranges
                0x00000000000001b0       0x28 ./Core/Src/system_stm32l0xx.o
 .debug_aranges
                0x00000000000001d8       0x28 ./Core/Startup/startup_stm32l052k8tx.o
 .debug_aranges
                0x0000000000000200      0x108 ./Drivers/STM32L0xx_HAL_Driver/Src/stm32l0xx_hal.o
 .debug_aranges
                0x0000000000000308       0x90 ./Drivers/STM32L0xx_HAL_Driver/Src/stm32l0xx_hal_cortex.o
 .debug_aranges
                0x0000000000000398       0x78 ./Drivers/STM32L0xx_HAL_Driver/Src/stm32l0xx_hal_dma.o
 .debug_aranges
                0x0000000000000410       0x58 ./Drivers/STM32L0xx_HAL_Driver/Src/stm32l0xx_hal_gpio.o
 .debug_aranges
                0x0000000000000468       0x80 ./Drivers/STM32L0xx_HAL_Driver/Src/stm32l0xx_hal_rcc.o
 .debug_aranges
                0x00000000000004e8       0x98 ./Drivers/STM32L0xx_HAL_Driver/Src/stm32l0xx_hal_rcc_ex.o
 .debug_aranges
                0x0000000000000580      0x188 ./Drivers/STM32L0xx_HAL_Driver/Src/stm32l0xx_hal_spi.o
 .debug_aranges
                0x0000000000000708      0x1d8 ./Drivers/STM32L0xx_HAL_Driver/Src/stm32l0xx_hal_uart.o
 .debug_aranges
                0x00000000000008e0       0x78 ./Drivers/STM32L0xx_HAL_Driver/Src/stm32l0xx_hal_uart_ex.o

.debug_ranges   0x0000000000000000      0xdb8
 .debug_ranges  0x0000000000000000       0xc0 ./Core/Src/ILI9341_GFX.o
 .debug_ranges  0x00000000000000c0       0xb0 ./Core/Src/ILI9341_STM32_Driver.o
 .debug_ranges  0x0000000000000170       0xf0 ./Core/Src/main.o
 .debug_ranges  0x0000000000000260       0x70 ./Core/Src/stm32l0xx_hal_msp.o
 .debug_ranges  0x00000000000002d0       0x30 ./Core/Src/stm32l0xx_it.o
 .debug_ranges  0x0000000000000300       0x18 ./Core/Src/system_stm32l0xx.o
 .debug_ranges  0x0000000000000318       0x20 ./Core/Startup/startup_stm32l052k8tx.o
 .debug_ranges  0x0000000000000338       0xf8 ./Drivers/STM32L0xx_HAL_Driver/Src/stm32l0xx_hal.o
 .debug_ranges  0x0000000000000430      0x138 ./Drivers/STM32L0xx_HAL_Driver/Src/stm32l0xx_hal_cortex.o
 .debug_ranges  0x0000000000000568       0xc8 ./Drivers/STM32L0xx_HAL_Driver/Src/stm32l0xx_hal_dma.o
 .debug_ranges  0x0000000000000630       0x48 ./Drivers/STM32L0xx_HAL_Driver/Src/stm32l0xx_hal_gpio.o
 .debug_ranges  0x0000000000000678       0xb8 ./Drivers/STM32L0xx_HAL_Driver/Src/stm32l0xx_hal_rcc.o
 .debug_ranges  0x0000000000000730       0x88 ./Drivers/STM32L0xx_HAL_Driver/Src/stm32l0xx_hal_rcc_ex.o
 .debug_ranges  0x00000000000007b8      0x238 ./Drivers/STM32L0xx_HAL_Driver/Src/stm32l0xx_hal_spi.o
 .debug_ranges  0x00000000000009f0      0x360 ./Drivers/STM32L0xx_HAL_Driver/Src/stm32l0xx_hal_uart.o
 .debug_ranges  0x0000000000000d50       0x68 ./Drivers/STM32L0xx_HAL_Driver/Src/stm32l0xx_hal_uart_ex.o

.debug_macro    0x0000000000000000    0x13f94
 .debug_macro   0x0000000000000000      0x202 ./Core/Src/ILI9341_GFX.o
 .debug_macro   0x0000000000000202      0xa54 ./Core/Src/ILI9341_GFX.o
 .debug_macro   0x0000000000000c56       0x28 ./Core/Src/ILI9341_GFX.o
 .debug_macro   0x0000000000000c7e       0x22 ./Core/Src/ILI9341_GFX.o
 .debug_macro   0x0000000000000ca0       0x8e ./Core/Src/ILI9341_GFX.o
 .debug_macro   0x0000000000000d2e       0x51 ./Core/Src/ILI9341_GFX.o
 .debug_macro   0x0000000000000d7f      0x103 ./Core/Src/ILI9341_GFX.o
 .debug_macro   0x0000000000000e82       0x6a ./Core/Src/ILI9341_GFX.o
 .debug_macro   0x0000000000000eec      0x1df ./Core/Src/ILI9341_GFX.o
 .debug_macro   0x00000000000010cb       0x1c ./Core/Src/ILI9341_GFX.o
 .debug_macro   0x00000000000010e7       0x22 ./Core/Src/ILI9341_GFX.o
 .debug_macro   0x0000000000001109       0xaf ./Core/Src/ILI9341_GFX.o
 .debug_macro   0x00000000000011b8      0x4da ./Core/Src/ILI9341_GFX.o
 .debug_macro   0x0000000000001692      0x11f ./Core/Src/ILI9341_GFX.o
 .debug_macro   0x00000000000017b1     0x99da ./Core/Src/ILI9341_GFX.o
 .debug_macro   0x000000000000b18b      0x125 ./Core/Src/ILI9341_GFX.o
 .debug_macro   0x000000000000b2b0       0x2e ./Core/Src/ILI9341_GFX.o
 .debug_macro   0x000000000000b2de       0x66 ./Core/Src/ILI9341_GFX.o
 .debug_macro   0x000000000000b344     0x3590 ./Core/Src/ILI9341_GFX.o
 .debug_macro   0x000000000000e8d4      0x174 ./Core/Src/ILI9341_GFX.o
 .debug_macro   0x000000000000ea48       0x5c ./Core/Src/ILI9341_GFX.o
 .debug_macro   0x000000000000eaa4      0x8d6 ./Core/Src/ILI9341_GFX.o
 .debug_macro   0x000000000000f37a      0x970 ./Core/Src/ILI9341_GFX.o
 .debug_macro   0x000000000000fcea      0x190 ./Core/Src/ILI9341_GFX.o
 .debug_macro   0x000000000000fe7a      0x13f ./Core/Src/ILI9341_GFX.o
 .debug_macro   0x000000000000ffb9      0x176 ./Core/Src/ILI9341_GFX.o
 .debug_macro   0x000000000001012f       0x82 ./Core/Src/ILI9341_GFX.o
 .debug_macro   0x00000000000101b1      0x28e ./Core/Src/ILI9341_GFX.o
 .debug_macro   0x000000000001043f      0x1e9 ./Core/Src/ILI9341_GFX.o
 .debug_macro   0x0000000000010628      0x128 ./Core/Src/ILI9341_GFX.o
 .debug_macro   0x0000000000010750      0x2ab ./Core/Src/ILI9341_GFX.o
 .debug_macro   0x00000000000109fb      0x22c ./Core/Src/ILI9341_GFX.o
 .debug_macro   0x0000000000010c27       0x5b ./Core/Src/ILI9341_GFX.o
 .debug_macro   0x0000000000010c82       0xa5 ./Core/Src/ILI9341_GFX.o
 .debug_macro   0x0000000000010d27      0x180 ./Core/Src/ILI9341_GFX.o
 .debug_macro   0x0000000000010ea7       0x16 ./Core/Src/ILI9341_GFX.o
 .debug_macro   0x0000000000010ebd      0x22c ./Core/Src/ILI9341_GFX.o
 .debug_macro   0x00000000000110e9      0x5cf ./Core/Src/ILI9341_GFX.o
 .debug_macro   0x00000000000116b8       0x44 ./Core/Src/ILI9341_GFX.o
 .debug_macro   0x00000000000116fc      0x146 ./Core/Src/ILI9341_GFX.o
 .debug_macro   0x0000000000011842       0x28 ./Core/Src/ILI9341_GFX.o
 .debug_macro   0x000000000001186a       0xbe ./Core/Src/ILI9341_GFX.o
 .debug_macro   0x0000000000011928       0x10 ./Core/Src/ILI9341_GFX.o
 .debug_macro   0x0000000000011938       0x10 ./Core/Src/ILI9341_GFX.o
 .debug_macro   0x0000000000011948      0x1e6 ./Core/Src/ILI9341_STM32_Driver.o
 .debug_macro   0x0000000000011b2e       0x73 ./Core/Src/fonts.o
 .debug_macro   0x0000000000011ba1      0x365 ./Core/Src/main.o
 .debug_macro   0x0000000000011f06       0x52 ./Core/Src/main.o
 .debug_macro   0x0000000000011f58       0x18 ./Core/Src/main.o
 .debug_macro   0x0000000000011f70       0x3c ./Core/Src/main.o
 .debug_macro   0x0000000000011fac       0x34 ./Core/Src/main.o
 .debug_macro   0x0000000000011fe0       0x16 ./Core/Src/main.o
 .debug_macro   0x0000000000011ff6       0x35 ./Core/Src/main.o
 .debug_macro   0x000000000001202b      0x341 ./Core/Src/main.o
 .debug_macro   0x000000000001236c       0x10 ./Core/Src/main.o
 .debug_macro   0x000000000001237c       0x16 ./Core/Src/main.o
 .debug_macro   0x0000000000012392       0x43 ./Core/Src/main.o
 .debug_macro   0x00000000000123d5       0x34 ./Core/Src/main.o
 .debug_macro   0x0000000000012409       0x10 ./Core/Src/main.o
 .debug_macro   0x0000000000012419       0x58 ./Core/Src/main.o
 .debug_macro   0x0000000000012471       0x71 ./Core/Src/main.o
 .debug_macro   0x00000000000124e2       0x1c ./Core/Src/main.o
 .debug_macro   0x00000000000124fe      0x12a ./Core/Src/main.o
 .debug_macro   0x0000000000012628       0x10 ./Core/Src/main.o
 .debug_macro   0x0000000000012638       0x1c ./Core/Src/main.o
 .debug_macro   0x0000000000012654       0x52 ./Core/Src/main.o
 .debug_macro   0x00000000000126a6       0x22 ./Core/Src/main.o
 .debug_macro   0x00000000000126c8       0x10 ./Core/Src/main.o
 .debug_macro   0x00000000000126d8       0x52 ./Core/Src/main.o
 .debug_macro   0x000000000001272a       0xd5 ./Core/Src/main.o
 .debug_macro   0x00000000000127ff       0x1c ./Core/Src/main.o
 .debug_macro   0x000000000001281b       0x3d ./Core/Src/main.o
 .debug_macro   0x0000000000012858       0x16 ./Core/Src/main.o
 .debug_macro   0x000000000001286e      0x145 ./Core/Src/main.o
 .debug_macro   0x00000000000129b3      0x1d3 ./Core/Src/stm32l0xx_hal_msp.o
 .debug_macro   0x0000000000012b86      0x1dd ./Core/Src/stm32l0xx_it.o
 .debug_macro   0x0000000000012d63      0x1c4 ./Core/Src/system_stm32l0xx.o
 .debug_macro   0x0000000000012f27      0x1e8 ./Drivers/STM32L0xx_HAL_Driver/Src/stm32l0xx_hal.o
 .debug_macro   0x000000000001310f      0x1c4 ./Drivers/STM32L0xx_HAL_Driver/Src/stm32l0xx_hal_cortex.o
 .debug_macro   0x00000000000132d3      0x1c4 ./Drivers/STM32L0xx_HAL_Driver/Src/stm32l0xx_hal_dma.o
 .debug_macro   0x0000000000013497      0x1cb ./Drivers/STM32L0xx_HAL_Driver/Src/stm32l0xx_hal_gpio.o
 .debug_macro   0x0000000000013662      0x1e8 ./Drivers/STM32L0xx_HAL_Driver/Src/stm32l0xx_hal_rcc.o
 .debug_macro   0x000000000001384a      0x1c4 ./Drivers/STM32L0xx_HAL_Driver/Src/stm32l0xx_hal_rcc_ex.o
 .debug_macro   0x0000000000013a0e      0x1d3 ./Drivers/STM32L0xx_HAL_Driver/Src/stm32l0xx_hal_spi.o
 .debug_macro   0x0000000000013be1      0x1ef ./Drivers/STM32L0xx_HAL_Driver/Src/stm32l0xx_hal_uart.o
 .debug_macro   0x0000000000013dd0      0x1c4 ./Drivers/STM32L0xx_HAL_Driver/Src/stm32l0xx_hal_uart_ex.o

.debug_line     0x0000000000000000    0x115a3
 .debug_line    0x0000000000000000      0xb9b ./Core/Src/ILI9341_GFX.o
 .debug_line    0x0000000000000b9b      0xbde ./Core/Src/ILI9341_STM32_Driver.o
 .debug_line    0x0000000000001779      0x37b ./Core/Src/fonts.o
 .debug_line    0x0000000000001af4      0xe98 ./Core/Src/main.o
 .debug_line    0x000000000000298c      0x81e ./Core/Src/stm32l0xx_hal_msp.o
 .debug_line    0x00000000000031aa      0x765 ./Core/Src/stm32l0xx_it.o
 .debug_line    0x000000000000390f      0x7c6 ./Core/Src/system_stm32l0xx.o
 .debug_line    0x00000000000040d5       0x89 ./Core/Startup/startup_stm32l052k8tx.o
 .debug_line    0x000000000000415e      0xb76 ./Drivers/STM32L0xx_HAL_Driver/Src/stm32l0xx_hal.o
 .debug_line    0x0000000000004cd4      0xba3 ./Drivers/STM32L0xx_HAL_Driver/Src/stm32l0xx_hal_cortex.o
 .debug_line    0x0000000000005877      0xf66 ./Drivers/STM32L0xx_HAL_Driver/Src/stm32l0xx_hal_dma.o
 .debug_line    0x00000000000067dd      0xbed ./Drivers/STM32L0xx_HAL_Driver/Src/stm32l0xx_hal_gpio.o
 .debug_line    0x00000000000073ca     0x1362 ./Drivers/STM32L0xx_HAL_Driver/Src/stm32l0xx_hal_rcc.o
 .debug_line    0x000000000000872c      0xfca ./Drivers/STM32L0xx_HAL_Driver/Src/stm32l0xx_hal_rcc_ex.o
 .debug_line    0x00000000000096f6     0x2afa ./Drivers/STM32L0xx_HAL_Driver/Src/stm32l0xx_hal_spi.o
 .debug_line    0x000000000000c1f0     0x43b4 ./Drivers/STM32L0xx_HAL_Driver/Src/stm32l0xx_hal_uart.o
 .debug_line    0x00000000000105a4      0xfff ./Drivers/STM32L0xx_HAL_Driver/Src/stm32l0xx_hal_uart_ex.o

.debug_str      0x0000000000000000    0x785f8
 .debug_str     0x0000000000000000    0x71a41 ./Core/Src/ILI9341_GFX.o
                                      0x71d48 (size before relaxing)
 .debug_str     0x0000000000071a41      0x556 ./Core/Src/ILI9341_STM32_Driver.o
                                      0x720ec (size before relaxing)
 .debug_str     0x0000000000071f97       0x14 ./Core/Src/fonts.o
                                       0x3b5a (size before relaxing)
 .debug_str     0x0000000000071fab     0x44b4 ./Core/Src/main.o
                                      0x765f4 (size before relaxing)
 .debug_str     0x000000000007645f       0x9b ./Core/Src/stm32l0xx_hal_msp.o
                                      0x72163 (size before relaxing)
 .debug_str     0x00000000000764fa       0xa8 ./Core/Src/stm32l0xx_it.o
                                      0x71d40 (size before relaxing)
 .debug_str     0x00000000000765a2       0x89 ./Core/Src/system_stm32l0xx.o
                                      0x7190c (size before relaxing)
 .debug_str     0x000000000007662b       0x36 ./Core/Startup/startup_stm32l052k8tx.o
                                         0x70 (size before relaxing)
 .debug_str     0x0000000000076661      0x474 ./Drivers/STM32L0xx_HAL_Driver/Src/stm32l0xx_hal.o
                                      0x71ffb (size before relaxing)
 .debug_str     0x0000000000076ad5      0x276 ./Drivers/STM32L0xx_HAL_Driver/Src/stm32l0xx_hal_cortex.o
                                      0x71d51 (size before relaxing)
 .debug_str     0x0000000000076d4b      0x26c ./Drivers/STM32L0xx_HAL_Driver/Src/stm32l0xx_hal_dma.o
                                      0x71c80 (size before relaxing)
 .debug_str     0x0000000000076fb7       0xf9 ./Drivers/STM32L0xx_HAL_Driver/Src/stm32l0xx_hal_gpio.o
                                      0x71a9e (size before relaxing)
 .debug_str     0x00000000000770b0      0x27c ./Drivers/STM32L0xx_HAL_Driver/Src/stm32l0xx_hal_rcc.o
                                      0x71e18 (size before relaxing)
 .debug_str     0x000000000007732c      0x33e ./Drivers/STM32L0xx_HAL_Driver/Src/stm32l0xx_hal_rcc_ex.o
                                      0x71dea (size before relaxing)
 .debug_str     0x000000000007766a      0x556 ./Drivers/STM32L0xx_HAL_Driver/Src/stm32l0xx_hal_spi.o
                                      0x72209 (size before relaxing)
 .debug_str     0x0000000000077bc0      0x841 ./Drivers/STM32L0xx_HAL_Driver/Src/stm32l0xx_hal_uart.o
                                      0x726dd (size before relaxing)
 .debug_str     0x0000000000078401      0x1f7 ./Drivers/STM32L0xx_HAL_Driver/Src/stm32l0xx_hal_uart_ex.o
                                      0x71f73 (size before relaxing)

.comment        0x0000000000000000       0x50
 .comment       0x0000000000000000       0x50 ./Core/Src/ILI9341_GFX.o
                                         0x51 (size before relaxing)
 .comment       0x0000000000000050       0x51 ./Core/Src/ILI9341_STM32_Driver.o
 .comment       0x0000000000000050       0x51 ./Core/Src/fonts.o
 .comment       0x0000000000000050       0x51 ./Core/Src/main.o
 .comment       0x0000000000000050       0x51 ./Core/Src/stm32l0xx_hal_msp.o
 .comment       0x0000000000000050       0x51 ./Core/Src/stm32l0xx_it.o
 .comment       0x0000000000000050       0x51 ./Core/Src/system_stm32l0xx.o
 .comment       0x0000000000000050       0x51 ./Drivers/STM32L0xx_HAL_Driver/Src/stm32l0xx_hal.o
 .comment       0x0000000000000050       0x51 ./Drivers/STM32L0xx_HAL_Driver/Src/stm32l0xx_hal_cortex.o
 .comment       0x0000000000000050       0x51 ./Drivers/STM32L0xx_HAL_Driver/Src/stm32l0xx_hal_dma.o
 .comment       0x0000000000000050       0x51 ./Drivers/STM32L0xx_HAL_Driver/Src/stm32l0xx_hal_gpio.o
 .comment       0x0000000000000050       0x51 ./Drivers/STM32L0xx_HAL_Driver/Src/stm32l0xx_hal_rcc.o
 .comment       0x0000000000000050       0x51 ./Drivers/STM32L0xx_HAL_Driver/Src/stm32l0xx_hal_rcc_ex.o
 .comment       0x0000000000000050       0x51 ./Drivers/STM32L0xx_HAL_Driver/Src/stm32l0xx_hal_spi.o
 .comment       0x0000000000000050       0x51 ./Drivers/STM32L0xx_HAL_Driver/Src/stm32l0xx_hal_uart.o
 .comment       0x0000000000000050       0x51 ./Drivers/STM32L0xx_HAL_Driver/Src/stm32l0xx_hal_uart_ex.o

.debug_frame    0x0000000000000000     0x1b98
 .debug_frame   0x0000000000000000       0xec ./Core/Src/ILI9341_GFX.o
 .debug_frame   0x00000000000000ec      0x1c4 ./Core/Src/ILI9341_STM32_Driver.o
 .debug_frame   0x00000000000002b0       0x80 ./Core/Src/main.o
 .debug_frame   0x0000000000000330       0x88 ./Core/Src/stm32l0xx_hal_msp.o
 .debug_frame   0x00000000000003b8       0x88 ./Core/Src/stm32l0xx_it.o
 .debug_frame   0x0000000000000440       0x3c ./Core/Src/system_stm32l0xx.o
 .debug_frame   0x000000000000047c      0x234 ./Drivers/STM32L0xx_HAL_Driver/Src/stm32l0xx_hal.o
 .debug_frame   0x00000000000006b0      0x11c ./Drivers/STM32L0xx_HAL_Driver/Src/stm32l0xx_hal_cortex.o
 .debug_frame   0x00000000000007cc      0x164 ./Drivers/STM32L0xx_HAL_Driver/Src/stm32l0xx_hal_dma.o
 .debug_frame   0x0000000000000930       0xbc ./Drivers/STM32L0xx_HAL_Driver/Src/stm32l0xx_hal_gpio.o
 .debug_frame   0x00000000000009ec      0x154 ./Drivers/STM32L0xx_HAL_Driver/Src/stm32l0xx_hal_rcc.o
 .debug_frame   0x0000000000000b40      0x18c ./Drivers/STM32L0xx_HAL_Driver/Src/stm32l0xx_hal_rcc_ex.o
 .debug_frame   0x0000000000000ccc      0x584 ./Drivers/STM32L0xx_HAL_Driver/Src/stm32l0xx_hal_spi.o
 .debug_frame   0x0000000000001250      0x674 ./Drivers/STM32L0xx_HAL_Driver/Src/stm32l0xx_hal_uart.o
 .debug_frame   0x00000000000018c4      0x144 ./Drivers/STM32L0xx_HAL_Driver/Src/stm32l0xx_hal_uart_ex.o
 .debug_frame   0x0000000000001a08       0x2c c:/st/stm32cubeide_1.9.0/stm32cubeide/plugins/com.st.stm32cube.ide.mcu.externaltools.gnu-tools-for-stm32.10.3-2021.10.win32_1.0.0.202111181127/tools/bin/../lib/gcc/arm-none-eabi/10.3.1/../../../../arm-none-eabi/lib/thumb/v6-m/nofp\libc_nano.a(lib_a-init.o)
 .debug_frame   0x0000000000001a34       0x20 c:/st/stm32cubeide_1.9.0/stm32cubeide/plugins/com.st.stm32cube.ide.mcu.externaltools.gnu-tools-for-stm32.10.3-2021.10.win32_1.0.0.202111181127/tools/bin/../lib/gcc/arm-none-eabi/10.3.1/../../../../arm-none-eabi/lib/thumb/v6-m/nofp\libc_nano.a(lib_a-memset.o)
 .debug_frame   0x0000000000001a54       0x20 c:/st/stm32cubeide_1.9.0/stm32cubeide/plugins/com.st.stm32cube.ide.mcu.externaltools.gnu-tools-for-stm32.10.3-2021.10.win32_1.0.0.202111181127/tools/bin/../lib/gcc/arm-none-eabi/10.3.1/thumb/v6-m/nofp\libgcc.a(_udivsi3.o)
 .debug_frame   0x0000000000001a74       0x34 c:/st/stm32cubeide_1.9.0/stm32cubeide/plugins/com.st.stm32cube.ide.mcu.externaltools.gnu-tools-for-stm32.10.3-2021.10.win32_1.0.0.202111181127/tools/bin/../lib/gcc/arm-none-eabi/10.3.1/thumb/v6-m/nofp\libgcc.a(_muldi3.o)
 .debug_frame   0x0000000000001aa8       0x3c c:/st/stm32cubeide_1.9.0/stm32cubeide/plugins/com.st.stm32cube.ide.mcu.externaltools.gnu-tools-for-stm32.10.3-2021.10.win32_1.0.0.202111181127/tools/bin/../lib/gcc/arm-none-eabi/10.3.1/thumb/v6-m/nofp\libgcc.a(_udivmoddi4.o)
 .debug_frame   0x0000000000001ae4       0x2c c:/st/stm32cubeide_1.9.0/stm32cubeide/plugins/com.st.stm32cube.ide.mcu.externaltools.gnu-tools-for-stm32.10.3-2021.10.win32_1.0.0.202111181127/tools/bin/../lib/gcc/arm-none-eabi/10.3.1/thumb/v6-m/nofp\libgcc.a(eqsf2.o)
 .debug_frame   0x0000000000001b10       0x2c c:/st/stm32cubeide_1.9.0/stm32cubeide/plugins/com.st.stm32cube.ide.mcu.externaltools.gnu-tools-for-stm32.10.3-2021.10.win32_1.0.0.202111181127/tools/bin/../lib/gcc/arm-none-eabi/10.3.1/thumb/v6-m/nofp\libgcc.a(gesf2.o)
 .debug_frame   0x0000000000001b3c       0x2c c:/st/stm32cubeide_1.9.0/stm32cubeide/plugins/com.st.stm32cube.ide.mcu.externaltools.gnu-tools-for-stm32.10.3-2021.10.win32_1.0.0.202111181127/tools/bin/../lib/gcc/arm-none-eabi/10.3.1/thumb/v6-m/nofp\libgcc.a(lesf2.o)
 .debug_frame   0x0000000000001b68       0x30 c:/st/stm32cubeide_1.9.0/stm32cubeide/plugins/com.st.stm32cube.ide.mcu.externaltools.gnu-tools-for-stm32.10.3-2021.10.win32_1.0.0.202111181127/tools/bin/../lib/gcc/arm-none-eabi/10.3.1/thumb/v6-m/nofp\libgcc.a(floatsisf.o)
