../Core/Src/main.c:172:6:BUZ	16	static
../Core/Src/main.c:177:5:weight_compare	24	static
../Core/Src/main.c:185:5:color_compare	24	static
../Core/Src/main.c:195:6:nextion_inst_set	32	static
../Core/Src/main.c:201:6:get_touch	48	static
../Core/Src/main.c:217:6:get_slide	16	static
../Core/Src/main.c:237:9:area_check	16	static
../Core/Src/main.c:247:6:laundry_draw	48	static
../Core/Src/main.c:254:6:button_draw	48	static
../Core/Src/main.c:273:6:higher_menu_display	48	static
../Core/Src/main.c:356:6:lower_menu_display	48	static
../Core/Src/main.c:370:6:task_fuc	56	static
../Core/Src/main.c:522:5:main	16	static
../Core/Src/main.c:610:6:SystemClock_Config	128	static
../Core/Src/main.c:662:13:MX_I2C1_Init	8	static
../Core/Src/main.c:710:13:MX_TIM2_Init	32	static
../Core/Src/main.c:759:13:MX_USART1_UART_Init	8	static
../Core/Src/main.c:794:13:MX_GPIO_Init	48	static
../Core/Src/main.c:834:6:Error_Handler	8	static,ignoring_inline_asm
