../Core/Src/main.c:221:6:motor_set	32	static
../Core/Src/main.c:227:6:BUZ	8	static
../Core/Src/main.c:233:7:get_sensor	24	static
../Core/Src/main.c:247:6:free_addr	8	static
../Core/Src/main.c:253:6:nextion_inst_set	24	static
../Core/Src/main.c:260:6:get_touch	24	static
../Core/Src/main.c:277:6:get_slide	16	static
../Core/Src/main.c:300:9:area_check	8	static
../Core/Src/main.c:311:6:segment_draw	32	static
../Core/Src/main.c:342:6:value_put	40	static
../Core/Src/main.c:358:6:wind_power_draw	16	static
../Core/Src/main.c:393:6:power_switch_draw	8	static
../Core/Src/main.c:405:6:button_draw	24	static
../Core/Src/main.c:451:6:lower_power	8	static
../Core/Src/main.c:458:6:lower_temp	8	static
../Core/Src/main.c:464:6:lower_alarm	8	static
../Core/Src/main.c:474:6:basic_screen	80	static
../Core/Src/main.c:555:6:task_fuc	56	static
../Core/Src/main.c:796:6:SystemClock_Config	120	static,ignoring_inline_asm
../Core/Src/main.c:732:5:main	64	static,ignoring_inline_asm
../Core/Src/main.c:1020:6:Error_Handler	0	static,ignoring_inline_asm
