../Core/Src/main.c:221:6:motor_set	32	static
../Core/Src/main.c:227:6:BUZ	8	static
../Core/Src/main.c:233:7:get_sensor	24	static
../Core/Src/main.c:251:6:free_addr	8	static
../Core/Src/main.c:257:6:nextion_inst_set	24	static
../Core/Src/main.c:264:6:get_touch	24	static
../Core/Src/main.c:281:6:get_slide	16	static
../Core/Src/main.c:304:9:area_check	8	static
../Core/Src/main.c:315:6:segment_draw	32	static
../Core/Src/main.c:346:6:value_put	40	static
../Core/Src/main.c:362:6:wind_power_draw	16	static
../Core/Src/main.c:397:6:power_switch_draw	8	static
../Core/Src/main.c:409:6:button_draw	24	static
../Core/Src/main.c:455:6:lower_power	8	static
../Core/Src/main.c:462:6:lower_temp	8	static
../Core/Src/main.c:468:6:lower_alarm	8	static
../Core/Src/main.c:478:6:basic_screen	80	static
../Core/Src/main.c:561:6:task_fuc	56	static
../Core/Src/main.c:802:6:SystemClock_Config	120	static,ignoring_inline_asm
../Core/Src/main.c:738:5:main	64	static,ignoring_inline_asm
../Core/Src/main.c:1026:6:Error_Handler	0	static,ignoring_inline_asm
