../Core/Src/main.c:307:6:reset_buz	0	static
../Core/Src/main.c:315:6:reset_mode	0	static
../Core/Src/main.c:321:6:reset_sht41	0	static
../Core/Src/main.c:327:6:reset_ens160	0	static
../Core/Src/main.c:334:6:change_page	0	static
../Core/Src/main.c:348:6:buz_repeat_check	0	static
../Core/Src/main.c:377:6:menu_struct_reset_fuc	0	static
../Core/Src/main.c:663:6:temp_struct_reset_fuc	0	static
../Core/Src/main.c:696:6:temp_exit_fuc	0	static
../Core/Src/main.c:713:6:humidity_struct_reset_fuc	0	static
../Core/Src/main.c:732:6:humidity_read_sht41_fuc	24	static
../Core/Src/main.c:371:6:read_sht41_fuc	8	static
../Core/Src/main.c:761:6:humidity_exit_fuc	0	static
../Core/Src/main.c:778:6:co2_struct_reset_fuc	0	static
../Core/Src/main.c:797:6:co2_read_ens160_fuc	8	static
../Core/Src/main.c:819:6:co2_exit_fuc	0	static
../Core/Src/main.c:440:6:menu_main_fuc	8	static
../Core/Src/main.c:700:6:temp_main_fuc	8	static
../Core/Src/main.c:765:6:humidity_main_fuc	8	static
../Core/Src/main.c:823:6:co2_main_fuc	8	static
../Core/Src/main.c:343:6:BUZ	8	static
../Core/Src/main.c:385:6:menu_init_fuc	8	static
../Core/Src/main.c:671:6:temp_init_fuc	16	static
../Core/Src/main.c:721:6:humidity_init_fuc	16	static
../Core/Src/main.c:786:6:co2_init_fuc	16	static
../Core/Src/main.c:682:6:temp_screen_update_fuc	16	static
../Core/Src/main.c:736:6:humidity_screen_update_fuc	16	static
../Core/Src/main.c:801:6:co2_screen_update_fuc	16	static
../Core/Src/main.c:353:9:sw.part.0	8	static
../Core/Src/main.c:353:9:sw	8	static
../Core/Src/main.c:453:6:menu_left_coordinate_set	16	static
../Core/Src/main.c:464:6:menu_right_coordinate_set	16	static
../Core/Src/main.c:392:6:menu_screen_update_fuc	16	static
../Core/Src/main.c:477:6:menu_move_mode_check	16	static
../Core/Src/main.c:490:6:menu_left_move_mode	16	static
../Core/Src/main.c:570:9:touch_id_adjust	0	static
../Core/Src/main.c:527:6:menu_right_move_mode	32	static
../Core/Src/main.c:413:6:menu_touch_sensing_fuc	8	static
../Core/Src/main.c:578:6:door_lock_control	0	static
../Core/Src/main.c:583:6:door_open_control	24	static
../Core/Src/main.c:633:6:PIR_Sensor	8	static
../Core/Src/main.c:646:6:post_box	8	static
../Core/Src/main.c:432:6:menu_etc_sensor_fuc	8	static
../Core/Src/main.c:836:6:HAL_SYSTICK_Callback	8	static
../Core/Src/main.c:956:6:SystemClock_Config	120	static,ignoring_inline_asm
../Core/Src/main.c:860:5:main	72	static,ignoring_inline_asm
../Core/Src/main.c:1180:6:Error_Handler	0	static,ignoring_inline_asm
