../Core/Src/main.c:148:6:BUZ.part.0	8	static
../Core/Src/main.c:148:6:BUZ	8	static
../Core/Src/main.c:153:6:BUZ_hz_set	8	static
../Core/Src/main.c:158:7:get_sensor	24	static
../Core/Src/main.c:171:6:free_reset	8	static
../Core/Src/main.c:176:6:nextion_inst_set	24	static
../Core/Src/main.c:182:6:get_touch	24	static
../Core/Src/main.c:198:9:area_check	8	static
../Core/Src/main.c:207:6:main_dis	72	static
../Core/Src/main.c:311:6:task_fuc	80	static
../Core/Src/main.c:570:6:SystemClock_Config	120	static,ignoring_inline_asm
../Core/Src/main.c:498:5:main	64	static,ignoring_inline_asm
../Core/Src/main.c:794:6:Error_Handler	0	static,ignoring_inline_asm
