../Core/Src/ILI9341_STM32_Driver.c:3:13:ILI9341_SPI_Tx	16	static
../Core/Src/ILI9341_STM32_Driver.c:17:6:ILI9341_WriteCommand	16	static
../Core/Src/ILI9341_STM32_Driver.c:25:6:ILI9341_WriteData	16	static
../Core/Src/ILI9341_STM32_Driver.c:33:6:ILI9341_WriteBuffer	16	static
../Core/Src/ILI9341_STM32_Driver.c:41:6:ILI9341_SetAddress	24	static
../Core/Src/ILI9341_STM32_Driver.c:63:6:ILI9341_Reset	8	static
../Core/Src/ILI9341_STM32_Driver.c:73:6:ILI9341_Enable	8	static
../Core/Src/ILI9341_STM32_Driver.c:78:6:ILI9341_Init	8	static
../Core/Src/ILI9341_STM32_Driver.c:217:6:ILI9341_DrawColor	16	static
../Core/Src/ILI9341_STM32_Driver.c:223:6:ILI9341_DrawColorBurst	32	dynamic
../Core/Src/ILI9341_STM32_Driver.c:264:6:ILI9341_FillScreen	8	static
../Core/Src/ILI9341_STM32_Driver.c:270:6:ILI9341_DrawPixel	32	static
../Core/Src/ILI9341_STM32_Driver.c:288:6:ILI9341_DrawRectangle	16	static
../Core/Src/ILI9341_STM32_Driver.c:306:6:ILI9341_DrawHLine	32	static
../Core/Src/ILI9341_STM32_Driver.c:323:6:ILI9341_DrawVLine	32	static
