../Core/Src/ILI9341_STM32_Driver.c:283:6:ILI9341_DrawPixel.part.0	40	static
../Core/Src/ILI9341_STM32_Driver.c:17:6:ILI9341_WriteCommand	16	static
../Core/Src/ILI9341_STM32_Driver.c:27:6:ILI9341_WriteData	16	static
../Core/Src/ILI9341_STM32_Driver.c:37:6:ILI9341_WriteBuffer	16	static
../Core/Src/ILI9341_STM32_Driver.c:47:6:ILI9341_SetAddress	32	static
../Core/Src/ILI9341_STM32_Driver.c:69:6:ILI9341_Reset	8	static
../Core/Src/ILI9341_STM32_Driver.c:82:6:ILI9341_Enable	0	static
../Core/Src/ILI9341_STM32_Driver.c:88:6:ILI9341_Init	24	static
../Core/Src/ILI9341_STM32_Driver.c:227:6:ILI9341_DrawColor	16	static
../Core/Src/ILI9341_STM32_Driver.c:233:6:ILI9341_DrawColorBurst	536	dynamic
../Core/Src/ILI9341_STM32_Driver.c:277:6:ILI9341_FillScreen	536	dynamic,bounded
../Core/Src/ILI9341_STM32_Driver.c:283:6:ILI9341_DrawPixel	8	static
../Core/Src/ILI9341_STM32_Driver.c:301:6:ILI9341_DrawRectangle	24	static
../Core/Src/ILI9341_STM32_Driver.c:319:6:ILI9341_DrawHLine	24	static
../Core/Src/ILI9341_STM32_Driver.c:336:6:ILI9341_DrawVLine	24	static
