../Core/Src/main.c:169:6:BUZ.part.0	8	static
../Core/Src/main.c:149:7:get_sensor	24	static
../Core/Src/main.c:163:6:free_reset	8	static
../Core/Src/main.c:169:6:BUZ	8	static
../Core/Src/main.c:176:6:BUZ_hz_set	8	static
../Core/Src/main.c:184:6:eeprom_save	16	static
../Core/Src/main.c:193:10:eeprom_read	0	static
../Core/Src/main.c:201:6:nextion_inst_set	24	static
../Core/Src/main.c:208:6:get_touch	24	static
../Core/Src/main.c:224:9:area_check	12	static
../Core/Src/main.c:234:6:bar_coordinate_set	0	static
../Core/Src/main.c:243:6:menu_coordinate_set	16	static
../Core/Src/main.c:251:6:motor_set	32	static
../Core/Src/main.c:258:6:motor_string_set	4	static
../Core/Src/main.c:275:6:button_draw	8	static
../Core/Src/main.c:294:6:task_dis	48	static
../Core/Src/main.c:376:6:task_fuc	96	static
../Core/Src/main.c:587:6:HAL_SYSTICK_Callback	24	static
../Core/Src/main.c:695:6:SystemClock_Config	120	static,ignoring_inline_asm
../Core/Src/main.c:625:5:main	64	static,ignoring_inline_asm
../Core/Src/main.c:919:6:Error_Handler	0	static,ignoring_inline_asm
