../Core/Src/main.c:164:6:BUZ.part.0	8	static
../Core/Src/main.c:157:6:BUZ_tone	8	static
../Core/Src/main.c:164:6:BUZ	8	static
../Core/Src/main.c:170:6:nextion_inst_set	24	static
../Core/Src/main.c:177:6:get_touch	24	static
../Core/Src/main.c:194:6:circle_draw	24	static
../Core/Src/main.c:204:9:area_check	8	static
../Core/Src/main.c:214:6:keypad_init	32	static
../Core/Src/main.c:233:6:keypad_draw	24	static
../Core/Src/main.c:246:6:button_draw	24	static
../Core/Src/main.c:257:6:basic_screen	40	static
../Core/Src/main.c:302:6:log_save	16	static
../Core/Src/main.c:318:6:log_print	48	static
../Core/Src/main.c:348:6:log_sort	24	static
../Core/Src/main.c:361:6:task_fuc	40	static
../Core/Src/main.c:545:6:HAL_SYSTICK_Callback	0	static
../Core/Src/main.c:644:6:SystemClock_Config	120	static,ignoring_inline_asm
../Core/Src/main.c:568:5:main	64	static,ignoring_inline_asm
../Core/Src/main.c:868:6:Error_Handler	0	static,ignoring_inline_asm
