../Core/Src/main.c:97:22:BUZ	16	static
../Core/Src/main.c:101:22:time_set	8	static
../Core/Src/main.c:106:22:time_get	8	static
../Core/Src/main.c:111:25:coor_check	24	static
../Core/Src/main.c:115:22:LCD_clear	16	static
../Core/Src/main.c:119:22:reset_value	8	static
../Core/Src/main.c:124:6:LCD_putsXY	48	static
../Core/Src/main.c:128:6:array_puts	56	static
../Core/Src/main.c:134:6:time_setting	224	static
../Core/Src/main.c:208:6:start	16	static
../Core/Src/main.c:217:6:main_menu	96	static
../Core/Src/main.c:247:6:modulation_mode	8	static
../Core/Src/main.c:251:6:setting_mode	152	static
../Core/Src/main.c:314:6:HAL_SYSTICK_Callback	24	static
../Core/Src/main.c:340:5:main	8	static
../Core/Src/main.c:401:6:SystemClock_Config	128	static
../Core/Src/main.c:451:13:MX_NVIC_Init	8	static
../Core/Src/main.c:463:13:MX_ADC_Init	16	static
../Core/Src/main.c:519:13:MX_DAC_Init	16	static
../Core/Src/main.c:559:13:MX_I2C1_Init	8	static
../Core/Src/main.c:611:13:MX_SPI1_Init	8	static
../Core/Src/main.c:647:13:MX_DMA_Init	16	static
../Core/Src/main.c:665:13:MX_GPIO_Init	48	static
../Core/Src/main.c:693:6:Error_Handler	8	static,ignoring_inline_asm
