../Core/Src/stm32l0xx_hal_msp.c:64:6:HAL_MspInit	8	static
../Core/Src/stm32l0xx_hal_msp.c:86:6:HAL_ADC_MspInit	48	static
../Core/Src/stm32l0xx_hal_msp.c:137:6:HAL_ADC_MspDeInit	16	static
../Core/Src/stm32l0xx_hal_msp.c:167:6:HAL_DAC_MspInit	48	static
../Core/Src/stm32l0xx_hal_msp.c:200:6:HAL_DAC_MspDeInit	16	static
../Core/Src/stm32l0xx_hal_msp.c:230:6:HAL_I2C_MspInit	48	static
../Core/Src/stm32l0xx_hal_msp.c:266:6:HAL_I2C_MspDeInit	16	static
../Core/Src/stm32l0xx_hal_msp.c:297:6:HAL_SPI_MspInit	48	static
../Core/Src/stm32l0xx_hal_msp.c:334:6:HAL_SPI_MspDeInit	16	static
