../Core/Src/main.c:212:23:xy_check	20	static
../Core/Src/main.c:207:20:time_get	8	static
../Core/Src/main.c:220:20:reset_value	8	static
../Core/Src/main.c:288:6:Init_setting	0	static
../Core/Src/main.c:307:6:color_save	8	static
../Core/Src/main.c:312:6:color_read	0	static
../Core/Src/main.c:317:6:VP_save	8	static
../Core/Src/main.c:322:6:VP_read	0	static
../Core/Src/main.c:327:6:All_eepRead	8	static
../Core/Src/main.c:332:6:All_eepWrite	8	static
../Core/Src/main.c:337:6:LCD_putsXY	24	static
../Core/Src/main.c:341:6:array_puts	48	static
../Core/Src/main.c:347:6:time_setting	256	static
../Core/Src/main.c:448:6:main_screen	104	static
../Core/Src/main.c:480:6:modulation_mode	152	static
../Core/Src/main.c:560:6:setting_mode	160	static
../Core/Src/main.c:632:6:select_mode	112	static
../Core/Src/main.c:431:6:start_dis	24	static
../Core/Src/main.c:438:6:start	32	static
../Core/Src/main.c:669:6:HAL_SYSTICK_Callback	16	static
../Core/Src/main.c:1075:6:HAL_TIM_PeriodElapsedCallback	24	static
../Core/Src/main.c:1097:6:Error_Handler	8	static,ignoring_inline_asm
../Core/Src/main.c:753:6:SystemClock_Config	120	static
../Core/Src/main.c:693:5:main	72	static
