../Core/Src/main.c:127:25:coor_check	20	static
../Core/Src/main.c:135:22:reset_value	8	static
../Core/Src/main.c:122:22:time_get	8	static
../Core/Src/main.c:196:6:color_save	8	static
../Core/Src/main.c:201:6:color_read	0	static
../Core/Src/main.c:206:6:VP_save	8	static
../Core/Src/main.c:211:6:VP_read	0	static
../Core/Src/main.c:216:6:LCD_putsXY	24	static
../Core/Src/main.c:220:6:array_puts	48	static
../Core/Src/main.c:226:6:time_setting	256	static
../Core/Src/main.c:316:6:main_screen	104	static
../Core/Src/main.c:349:6:modulation_mode	160	static
../Core/Src/main.c:429:6:setting_mode	160	static
../Core/Src/main.c:495:6:select_mode	112	static
../Core/Src/main.c:307:6:start	24	static
../Core/Src/main.c:527:6:HAL_SYSTICK_Callback	16	static
../Core/Src/main.c:937:6:HAL_TIM_PeriodElapsedCallback	24	static
../Core/Src/main.c:961:6:Error_Handler	8	static,ignoring_inline_asm
../Core/Src/main.c:615:6:SystemClock_Config	120	static
../Core/Src/main.c:552:5:main	72	static
