../Core/Src/main.c:97:22:time_set	8	static
../Core/Src/main.c:102:22:time_get	8	static
../Core/Src/main.c:107:25:coor_check	24	static
../Core/Src/main.c:111:22:LCD_Clear	16	static
../Core/Src/main.c:115:22:reset_value	8	static
../Core/Src/main.c:121:22:pitch_set	8	static
../Core/Src/main.c:142:6:LCD_putsXY	40	static
../Core/Src/main.c:146:6:array_puts	56	static
../Core/Src/main.c:152:6:time_setting	232	static
../Core/Src/main.c:232:6:start	16	static
../Core/Src/main.c:241:6:main_menu	96	static
../Core/Src/main.c:272:6:modulation_mode	176	static
../Core/Src/main.c:352:6:setting_mode	152	static
../Core/Src/main.c:414:6:HAL_SYSTICK_Callback	24	static
../Core/Src/main.c:439:5:main	8	static
../Core/Src/main.c:498:6:SystemClock_Config	128	static
../Core/Src/main.c:550:13:MX_ADC_Init	16	static
../Core/Src/main.c:606:13:MX_DAC_Init	16	static
../Core/Src/main.c:646:13:MX_I2C1_Init	8	static
../Core/Src/main.c:698:13:MX_TIM6_Init	16	static
../Core/Src/main.c:736:13:MX_USART1_UART_Init	8	static
../Core/Src/main.c:769:13:MX_DMA_Init	16	static
../Core/Src/main.c:787:13:MX_GPIO_Init	48	static
../Core/Src/main.c:809:6:HAL_TIM_PeriodElapsedCallback	24	static
../Core/Src/main.c:833:6:Error_Handler	8	static,ignoring_inline_asm
