../Core/Src/stm32l0xx_hal_msp.c:64:6:HAL_MspInit	0	static
../Core/Src/stm32l0xx_hal_msp.c:86:6:HAL_ADC_MspInit	40	static
../Core/Src/stm32l0xx_hal_msp.c:137:6:HAL_ADC_MspDeInit	8	static
../Core/Src/stm32l0xx_hal_msp.c:167:6:HAL_DAC_MspInit	32	static
../Core/Src/stm32l0xx_hal_msp.c:200:6:HAL_DAC_MspDeInit	8	static
../Core/Src/stm32l0xx_hal_msp.c:237:6:HAL_I2C_MspInit	32	static
../Core/Src/stm32l0xx_hal_msp.c:273:6:HAL_I2C_MspDeInit	8	static
../Core/Src/stm32l0xx_hal_msp.c:304:6:HAL_TIM_Base_MspInit	0	static
../Core/Src/stm32l0xx_hal_msp.c:326:6:HAL_TIM_Base_MspDeInit	0	static
../Core/Src/stm32l0xx_hal_msp.c:358:6:HAL_UART_MspInit	32	static
../Core/Src/stm32l0xx_hal_msp.c:394:6:HAL_UART_MspDeInit	8	static
