../Core/Src/stm32l0xx_hal_msp.c:64:6:HAL_MspInit	8	static
../Core/Src/stm32l0xx_hal_msp.c:86:6:HAL_ADC_MspInit	48	static
../Core/Src/stm32l0xx_hal_msp.c:137:6:HAL_ADC_MspDeInit	16	static
../Core/Src/stm32l0xx_hal_msp.c:167:6:HAL_DAC_MspInit	48	static
../Core/Src/stm32l0xx_hal_msp.c:203:6:HAL_DAC_MspDeInit	16	static
../Core/Src/stm32l0xx_hal_msp.c:240:6:HAL_I2C_MspInit	48	static
../Core/Src/stm32l0xx_hal_msp.c:276:6:HAL_I2C_MspDeInit	16	static
../Core/Src/stm32l0xx_hal_msp.c:307:6:HAL_TIM_Base_MspInit	16	static
../Core/Src/stm32l0xx_hal_msp.c:332:6:HAL_TIM_Base_MspDeInit	16	static
../Core/Src/stm32l0xx_hal_msp.c:364:6:HAL_UART_MspInit	48	static
../Core/Src/stm32l0xx_hal_msp.c:400:6:HAL_UART_MspDeInit	16	static
