../Core/Src/main.c:385:6:reset_buz	0	static
../Core/Src/main.c:393:6:reset_touch	0	static
../Core/Src/main.c:399:6:reset_mode	0	static
../Core/Src/main.c:405:6:reset_sht41	0	static
../Core/Src/main.c:411:6:reset_ens160	0	static
../Core/Src/main.c:423:6:change_page	0	static
../Core/Src/main.c:439:6:buz_repeat_check	0	static
../Core/Src/main.c:462:6:read_sht41_fuc	24	static
../Core/Src/main.c:468:6:menu_struct_reset_fuc	0	static
../Core/Src/main.c:632:6:temp_struct_reset_fuc	0	static
../Core/Src/main.c:661:6:temp_exit_fuc	0	static
../Core/Src/main.c:678:6:humidity_struct_reset_fuc	0	static
../Core/Src/main.c:718:6:humidity_exit_fuc	0	static
../Core/Src/main.c:735:6:co2_struct_reset_fuc	0	static
../Core/Src/main.c:750:6:co2_read_ens160_fuc	8	static
../Core/Src/main.c:772:6:co2_exit_fuc	0	static
../Core/Src/main.c:789:6:password_struct_reset_fuc	0	static
../Core/Src/main.c:810:6:password_password_set_fuc	8	static
../Core/Src/main.c:968:6:password_touch_pad_fuc	32	static
../Core/Src/main.c:820:6:password_input_screen_fuc	24	static
../Core/Src/main.c:513:6:menu_main_fuc	8	static
../Core/Src/main.c:665:6:temp_main_fuc	8	static
../Core/Src/main.c:722:6:humidity_main_fuc	8	static
../Core/Src/main.c:776:6:co2_main_fuc	8	static
../Core/Src/main.c:498:6:menu_touch_sensing_fuc	0	static
../Core/Src/main.c:815:6:password_input_password_fuc	8	static
../Core/Src/main.c:434:6:BUZ	8	static
../Core/Src/main.c:476:6:menu_init_fuc	8	static
../Core/Src/main.c:640:6:temp_init_fuc	8	static
../Core/Src/main.c:686:6:humidity_init_fuc	8	static
../Core/Src/main.c:743:6:co2_init_fuc	8	static
../Core/Src/main.c:483:6:menu_screen_update_fuc	16	static
../Core/Src/main.c:860:6:password_set_screen_fuc	24	static
../Core/Src/main.c:647:6:temp_screen_update_fuc	16	static
../Core/Src/main.c:693:6:humidity_screen_update_fuc	16	static
../Core/Src/main.c:754:6:co2_screen_update_fuc	16	static
../Core/Src/main.c:444:9:sw.part.0	8	static
../Core/Src/main.c:363:6:eeprom_save	16	static
../Core/Src/main.c:369:6:eeprom_save_string	24	static
../Core/Src/main.c:374:9:eeprom_load	0	static
../Core/Src/main.c:378:6:eeprom_load_string	0	static
../Core/Src/main.c:416:6:system_reset	8	static
../Core/Src/main.c:444:9:sw	8	static
../Core/Src/main.c:526:6:door_lock_control	8	static
../Core/Src/main.c:544:6:door_open_control	24	static
../Core/Src/main.c:594:6:PIR_Sensor	8	static
../Core/Src/main.c:607:6:car_call	16	static
../Core/Src/main.c:615:6:post_box	8	static
../Core/Src/main.c:504:6:menu_etc_sensor_fuc	8	static
../Core/Src/main.c:936:6:password_input_check_fuc	16	static
../Core/Src/main.c:960:6:password_set_check_fuc	8	static
../Core/Src/main.c:898:6:password_touch_sensing_fuc	32	static
../Core/Src/main.c:986:6:HAL_SYSTICK_Callback	8	static
../Core/Src/main.c:1356:6:Error_Handler	8	static,ignoring_inline_asm
../Core/Src/main.c:1132:6:SystemClock_Config	120	static
../Core/Src/main.c:1028:5:main	72	static
