../Core/Src/main.c:209:6:BUZ	8	static
../Core/Src/main.c:213:6:nextion_inst_set	24	static
../Core/Src/main.c:219:6:get_touch	24	static
../Core/Src/main.c:235:9:area_check	8	static
../Core/Src/main.c:244:9:keypad_read	16	static
../Core/Src/main.c:253:6:number_print	32	static
../Core/Src/main.c:297:6:main_dis	48	static
../Core/Src/main.c:351:6:button_draw	40	static
../Core/Src/main.c:363:6:swap	32	static
../Core/Src/main.c:369:6:log_save	24	static
../Core/Src/main.c:391:6:task_fuc	80	static
../Core/Src/main.c:730:6:SystemClock_Config	120	static,ignoring_inline_asm
../Core/Src/main.c:659:5:main	64	static,ignoring_inline_asm
../Core/Src/main.c:954:6:Error_Handler	0	static,ignoring_inline_asm
