../Core/Src/main.c:327:6:reset_buz	0	static
../Core/Src/main.c:335:6:reset_touch	0	static
../Core/Src/main.c:341:6:reset_sleep	0	static
../Core/Src/main.c:349:6:reset_mode	0	static
../Core/Src/main.c:355:6:reset_sht41	0	static
../Core/Src/main.c:361:6:reset_ens160	0	static
../Core/Src/main.c:368:6:change_page	0	static
../Core/Src/main.c:382:6:buz_repeat_check	0	static
../Core/Src/main.c:405:6:read_sht41_fuc	24	static
../Core/Src/main.c:411:6:menu_struct_reset_fuc	0	static
../Core/Src/main.c:573:6:temp_struct_reset_fuc	0	static
../Core/Src/main.c:602:6:temp_exit_fuc	0	static
../Core/Src/main.c:619:6:bright_struct_reset_fuc	0	static
../Core/Src/main.c:666:6:bright_get_coordinate_fuc	8	static
../Core/Src/main.c:670:6:bright_set_brightness_fuc	8	static
../Core/Src/main.c:704:6:co2_struct_reset_fuc	0	static
../Core/Src/main.c:719:6:co2_read_ens160_fuc	8	static
../Core/Src/main.c:741:6:co2_exit_fuc	0	static
../Core/Src/main.c:458:6:menu_main_fuc	8	static
../Core/Src/main.c:606:6:temp_main_fuc	8	static
../Core/Src/main.c:690:6:bright_main_fuc	8	static
../Core/Src/main.c:745:6:co2_main_fuc	8	static
../Core/Src/main.c:632:6:bright_display	16	static
../Core/Src/main.c:377:6:BUZ	8	static
../Core/Src/main.c:419:6:menu_init_fuc	8	static
../Core/Src/main.c:443:6:menu_touch_sensing_fuc	8	static
../Core/Src/main.c:581:6:temp_init_fuc	8	static
../Core/Src/main.c:686:6:bright_exit_fuc	8	static
../Core/Src/main.c:712:6:co2_init_fuc	8	static
../Core/Src/main.c:428:6:menu_screen_update_fuc	16	static
../Core/Src/main.c:588:6:temp_screen_update_fuc	16	static
../Core/Src/main.c:676:6:bright_screen_update_fuc	8	static
../Core/Src/main.c:723:6:co2_screen_update_fuc	16	static
../Core/Src/main.c:648:6:bright_init_fuc	16	static
../Core/Src/main.c:387:9:sw.part.0	8	static
../Core/Src/main.c:387:9:sw	16	static
../Core/Src/main.c:471:6:door_lock_control	0	static
../Core/Src/main.c:476:6:door_open_control	32	static
../Core/Src/main.c:526:6:PIR_Sensor	8	static
../Core/Src/main.c:539:6:car_call	16	static
../Core/Src/main.c:548:6:post_box	8	static
../Core/Src/main.c:449:6:menu_etc_sensor_fuc	8	static
../Core/Src/main.c:758:6:HAL_SYSTICK_Callback	8	static
../Core/Src/main.c:890:6:SystemClock_Config	120	static,ignoring_inline_asm
../Core/Src/main.c:801:5:main	72	static,ignoring_inline_asm
../Core/Src/main.c:1114:6:Error_Handler	0	static,ignoring_inline_asm
